<html>
<body>
<pre>
<h1>µVision Build Log</h1>
<h2>Tool Versions:</h2>
IDE-Version: ¦ÌVision V5.38.0.0
Copyright (C) 2022 ARM Ltd and ARM Germany GmbH. All rights reserved.
License Information: Rachel Rachel, Rachel, LIC=32B1Q-NVH4B-KPNZY-I5TC7-WCZLR-KSJX1
 
Tool Versions:
Toolchain:       MDK-ARM Plus  Version: 5.38.0.0
Toolchain Path:  F:\ProgramFile\MDK\Core\ARM\ARMCLANG\Bin
C Compiler:      ArmClang.exe V6.19
Assembler:       Armasm.exe V6.19
Linker/Locator:  ArmLink.exe V6.19
Library Manager: ArmAr.exe V6.19
Hex Converter:   FromElf.exe V6.19
CPU DLL:         SARMCM3.DLL V5.38.0.0
Dialog DLL:      DCM.DLL V1.17.5.0
Target DLL:      CMSIS_AGDI.dll V1.33.15.0
Dialog DLL:      TCM.DLL V1.56.4.0
 
<h2>Project:</h2>
g:\ByYour\PulseOximter\PulseOximter\PulseOximter\MDK-ARM\PulseOximter.uvprojx
Project File Date:  01/26/2025

<h2>Output:</h2>
*** Using Compiler 'V6.19', folder: 'F:\ProgramFile\MDK\Core\ARM\ARMCLANG\Bin'
Rebuild target 'PulseOximter'
compiling spi.c...
compiling gpio.c...
compiling stm32f1xx_hal_msp.c...
compiling adc.c...
compiling stm32f1xx_hal_gpio_ex.c...
assembling startup_stm32f103xb.s...
compiling stm32f1xx_it.c...
../Core/Src/main.c(92): warning: implicit conversion from 'int' to 'uint8_t' (aka 'unsigned char') changes value from 300 to 44 [-Wconstant-conversion]
uint8_t pulse_current_enhance = 300;
        ~~~~~~~~~~~~~~~~~~~~~   ^~~
1 warning generated.
compiling main.c...
compiling stm32f1xx_hal.c...
compiling usart.c...
compiling stm32f1xx_hal_rcc_ex.c...
compiling tim.c...
compiling stm32f1xx_hal_gpio.c...
compiling stm32f1xx_hal_rcc.c...
compiling stm32f1xx_hal_adc_ex.c...
compiling stm32f1xx_hal_cortex.c...
compiling stm32f1xx_hal_dma.c...
compiling stm32f1xx_hal_adc.c...
compiling stm32f1xx_hal_pwr.c...
compiling stm32f1xx_hal_exti.c...
compiling stm32f1xx_hal_flash.c...
compiling system_stm32f1xx.c...
compiling stm32f1xx_hal_flash_ex.c...
compiling stm32f1xx_hal_tim_ex.c...
compiling lcd.c...
compiling stm32f1xx_hal_spi.c...
compiling stm32f1xx_hal_uart.c...
compiling stm32f1xx_hal_tim.c...
compiling ugui.c...
linking...
Program Size: Code=25118 RO-data=18250 RW-data=24 ZI-data=2408  
FromELF: creating hex file...
"PulseOximter\PulseOximter.axf" - 0 Error(s), 1 Warning(s).

<h2>Software Packages used:</h2>

Package Vendor: ARM
                http://www.keil.com/pack/ARM.CMSIS.5.9.0.pack
                ARM.CMSIS.5.9.0
                CMSIS (Common Microcontroller Software Interface Standard)
   * Component: CORE Version: 5.6.0

Package Vendor: Keil
                https://www.keil.com/pack/Keil.STM32F1xx_DFP.2.4.1.pack
                Keil.STM32F1xx_DFP.2.4.1
                STMicroelectronics STM32F1 Series Device Support, Drivers and Examples

<h2>Collection of Component include folders:</h2>
  ./RTE/_PulseOximter
  F:/ProgramFile/MDK/Packs/ARM/CMSIS/5.9.0/CMSIS/Core/Include
  F:/ProgramFile/MDK/Packs/Keil/STM32F1xx_DFP/2.4.1/Device/Include

<h2>Collection of Component Files used:</h2>

   * Component: ARM::CMSIS:CORE:5.6.0
      Include file:  CMSIS/Core/Include/tz_context.h
Build Time Elapsed:  00:00:03
</pre>
</body>
</html>
