Component: Arm Compiler for Embedded 6.19 Tool: armlink [5e73cb00]

==============================================================================

Section Cross References

    startup_stm32f103xb.o(RESET) refers to startup_stm32f103xb.o(STACK) for __initial_sp
    startup_stm32f103xb.o(RESET) refers to startup_stm32f103xb.o(.text) for Reset_Handler
    startup_stm32f103xb.o(RESET) refers to stm32f1xx_it.o(.text.NMI_Handler) for NMI_Handler
    startup_stm32f103xb.o(RESET) refers to stm32f1xx_it.o(.text.HardFault_Handler) for HardFault_Handler
    startup_stm32f103xb.o(RESET) refers to stm32f1xx_it.o(.text.MemManage_Handler) for MemManage_Handler
    startup_stm32f103xb.o(RESET) refers to stm32f1xx_it.o(.text.BusFault_Handler) for BusFault_Handler
    startup_stm32f103xb.o(RESET) refers to stm32f1xx_it.o(.text.UsageFault_Handler) for UsageFault_Handler
    startup_stm32f103xb.o(RESET) refers to stm32f1xx_it.o(.text.SVC_Handler) for SVC_Handler
    startup_stm32f103xb.o(RESET) refers to stm32f1xx_it.o(.text.DebugMon_Handler) for DebugMon_Handler
    startup_stm32f103xb.o(RESET) refers to stm32f1xx_it.o(.text.PendSV_Handler) for PendSV_Handler
    startup_stm32f103xb.o(RESET) refers to stm32f1xx_it.o(.text.SysTick_Handler) for SysTick_Handler
    startup_stm32f103xb.o(RESET) refers to stm32f1xx_it.o(.text.EXTI0_IRQHandler) for EXTI0_IRQHandler
    startup_stm32f103xb.o(RESET) refers to stm32f1xx_it.o(.text.TIM3_IRQHandler) for TIM3_IRQHandler
    startup_stm32f103xb.o(.text) refers to system_stm32f1xx.o(.text.SystemInit) for SystemInit
    startup_stm32f103xb.o(.text) refers to entry.o(.ARM.Collect$$$$00000000) for __main
    main.o(.text.window_1_callback) refers to main.o(.bss.window_2) for window_2
    main.o(.text.window_1_callback) refers to ugui.o(.text.UG_WindowShow) for UG_WindowShow
    main.o(.ARM.exidx.text.window_1_callback) refers to main.o(.text.window_1_callback) for [Anonymous Symbol]
    main.o(.text.First_init) refers to main.o(.bss.gui) for gui
    main.o(.text.First_init) refers to lcd.o(.text.LCD_DrawPoint) for LCD_DrawPoint
    main.o(.text.First_init) refers to ugui.o(.text.UG_Init) for UG_Init
    main.o(.text.First_init) refers to ugui.o(.text.UG_SelectGUI) for UG_SelectGUI
    main.o(.text.First_init) refers to main.o(.bss.window_1) for window_1
    main.o(.text.First_init) refers to main.o(.bss.obj_buff_wnd_1) for obj_buff_wnd_1
    main.o(.text.First_init) refers to main.o(.text.window_1_callback) for window_1_callback
    main.o(.text.First_init) refers to ugui.o(.text.UG_WindowCreate) for UG_WindowCreate
    main.o(.text.First_init) refers to main.o(.rodata.str1.1) for .L.str
    main.o(.text.First_init) refers to ugui.o(.text.UG_WindowSetTitleText) for UG_WindowSetTitleText
    main.o(.text.First_init) refers to ugui.o(.rodata.FONT_8X8) for FONT_8X8
    main.o(.text.First_init) refers to ugui.o(.text.UG_WindowSetTitleTextFont) for UG_WindowSetTitleTextFont
    main.o(.text.First_init) refers to ugui.o(.text.UG_WindowSetBackColor) for UG_WindowSetBackColor
    main.o(.text.First_init) refers to ugui.o(.text.UG_WindowSetTitleColor) for UG_WindowSetTitleColor
    main.o(.text.First_init) refers to ugui.o(.text.UG_WindowSetTitleTextColor) for UG_WindowSetTitleTextColor
    main.o(.text.First_init) refers to main.o(.bss..L_MergedGlobals.4) for .L_MergedGlobals.4
    main.o(.text.First_init) refers to ugui.o(.text.UG_ButtonCreate) for UG_ButtonCreate
    main.o(.text.First_init) refers to ugui.o(.rodata.FONT_8X12) for FONT_8X12
    main.o(.text.First_init) refers to ugui.o(.text.UG_ButtonSetFont) for UG_ButtonSetFont
    main.o(.text.First_init) refers to ugui.o(.text.UG_ButtonSetForeColor) for UG_ButtonSetForeColor
    main.o(.text.First_init) refers to ugui.o(.text.UG_ButtonSetBackColor) for UG_ButtonSetBackColor
    main.o(.text.First_init) refers to ugui.o(.text.UG_ButtonSetText) for UG_ButtonSetText
    main.o(.text.First_init) refers to ugui.o(.text.UG_ButtonSetStyle) for UG_ButtonSetStyle
    main.o(.text.First_init) refers to ugui.o(.text.UG_WindowShow) for UG_WindowShow
    main.o(.text.First_init) refers to ugui.o(.text.UG_WindowResize) for UG_WindowResize
    main.o(.text.First_init) refers to ugui.o(.text.UG_SetForecolor) for UG_SetForecolor
    main.o(.text.First_init) refers to ugui.o(.text.UG_SetBackcolor) for UG_SetBackcolor
    main.o(.text.First_init) refers to ugui.o(.rodata.FONT_12X20) for FONT_12X20
    main.o(.text.First_init) refers to ugui.o(.text.UG_FontSelect) for UG_FontSelect
    main.o(.text.First_init) refers to ugui.o(.text.UG_PutString) for UG_PutString
    main.o(.text.First_init) refers to lcd.o(.text.LCD_ShowBattey) for LCD_ShowBattey
    main.o(.text.First_init) refers to main.o(.data.POWER) for POWER
    main.o(.text.First_init) refers to lcd.o(.text.LCD_Show_Power) for LCD_Show_Power
    main.o(.ARM.exidx.text.First_init) refers to main.o(.text.First_init) for [Anonymous Symbol]
[...]
    Removing stm32f1xx_hal_uart.o(.text.HAL_HalfDuplex_EnableTransmitter), (44 bytes).
    Removing stm32f1xx_hal_uart.o(.ARM.exidx.text.HAL_HalfDuplex_EnableTransmitter), (8 bytes).
    Removing stm32f1xx_hal_uart.o(.text.HAL_HalfDuplex_EnableReceiver), (46 bytes).
    Removing stm32f1xx_hal_uart.o(.ARM.exidx.text.HAL_HalfDuplex_EnableReceiver), (8 bytes).
    Removing stm32f1xx_hal_uart.o(.text.HAL_UART_GetState), (14 bytes).
    Removing stm32f1xx_hal_uart.o(.ARM.exidx.text.HAL_UART_GetState), (8 bytes).
    Removing stm32f1xx_hal_uart.o(.text.HAL_UART_GetError), (4 bytes).
    Removing stm32f1xx_hal_uart.o(.ARM.exidx.text.HAL_UART_GetError), (8 bytes).
    Removing stm32f1xx_hal_uart.o(.text.UART_DMAReceiveCplt), (350 bytes).
    Removing stm32f1xx_hal_uart.o(.ARM.exidx.text.UART_DMAReceiveCplt), (8 bytes).
    Removing stm32f1xx_hal_uart.o(.text.UART_DMARxHalfCplt), (24 bytes).
    Removing stm32f1xx_hal_uart.o(.ARM.exidx.text.UART_DMARxHalfCplt), (8 bytes).
    Removing system_stm32f1xx.o(.text), (0 bytes).
    Removing system_stm32f1xx.o(.ARM.exidx.text.SystemInit), (8 bytes).
    Removing system_stm32f1xx.o(.text.SystemCoreClockUpdate), (112 bytes).
    Removing system_stm32f1xx.o(.ARM.exidx.text.SystemCoreClockUpdate), (8 bytes).
    Removing lcd.o(.text), (0 bytes).
    Removing lcd.o(.text.LCD_Writ_Bus), (62 bytes).
    Removing lcd.o(.ARM.exidx.text.LCD_Writ_Bus), (8 bytes).
    Removing lcd.o(.text.LCD_WR_DATA8), (74 bytes).
    Removing lcd.o(.ARM.exidx.text.LCD_WR_DATA8), (8 bytes).
    Removing lcd.o(.text.LCD_WR_DATA), (118 bytes).
    Removing lcd.o(.ARM.exidx.text.LCD_WR_DATA), (8 bytes).
    Removing lcd.o(.text.LCD_WR_REG), (74 bytes).
    Removing lcd.o(.ARM.exidx.text.LCD_WR_REG), (8 bytes).
    Removing lcd.o(.ARM.exidx.text.LCD_Address_Set), (8 bytes).
    Removing lcd.o(.ARM.exidx.text.Lcd_Init), (8 bytes).
    Removing lcd.o(.ARM.exidx.text.LCD_Clear), (8 bytes).
    Removing lcd.o(.text.LCD_ShowChinese), (330 bytes).
    Removing lcd.o(.ARM.exidx.text.LCD_ShowChinese), (8 bytes).
    Removing lcd.o(.ARM.exidx.text.LCD_DrawPoint), (8 bytes).
    Removing lcd.o(.text.LCD_DrawPoint_big), (38 bytes).
    Removing lcd.o(.ARM.exidx.text.LCD_DrawPoint_big), (8 bytes).
    Removing lcd.o(.ARM.exidx.text.LCD_Fill), (8 bytes).
    Removing lcd.o(.text.LCD_DrawLine), (270 bytes).
    Removing lcd.o(.ARM.exidx.text.LCD_DrawLine), (8 bytes).
    Removing lcd.o(.text.LCD_DrawRectangle), (82 bytes).
    Removing lcd.o(.ARM.exidx.text.LCD_DrawRectangle), (8 bytes).
    Removing lcd.o(.text.Draw_Circle), (988 bytes).
    Removing lcd.o(.ARM.exidx.text.Draw_Circle), (8 bytes).
    Removing lcd.o(.text.LCD_ShowChar), (510 bytes).
    Removing lcd.o(.ARM.exidx.text.LCD_ShowChar), (8 bytes).
    Removing lcd.o(.text.LCD_ShowString), (84 bytes).
    Removing lcd.o(.ARM.exidx.text.LCD_ShowString), (8 bytes).
    Removing lcd.o(.text.mypow), (88 bytes).
    Removing lcd.o(.ARM.exidx.text.mypow), (8 bytes).
    Removing lcd.o(.text.LCD_ShowNum), (262 bytes).
    Removing lcd.o(.ARM.exidx.text.LCD_ShowNum), (8 bytes).
    Removing lcd.o(.text.LCD_ShowNum1), (234 bytes).
    Removing lcd.o(.ARM.exidx.text.LCD_ShowNum1), (8 bytes).
    Removing lcd.o(.text.LCD_ShowPicture), (160 bytes).
    Removing lcd.o(.ARM.exidx.text.LCD_ShowPicture), (8 bytes).
    Removing lcd.o(.ARM.exidx.text.LCD_ShowBattey), (8 bytes).
    Removing lcd.o(.ARM.exidx.text.LCD_Show_Power), (8 bytes).
    Removing lcd.o(.data.Hzk32), (640 bytes).
    Removing lcd.o(.rodata.asc2_1608), (1520 bytes).
    Removing lcd.o(.data.Hzk16), (224 bytes).
    Removing lcd.o(.rodata.image), (3200 bytes).
    Removing ugui.o(.text), (0 bytes).
    Removing ugui.o(.ARM.exidx.text.UG_Init), (8 bytes).
    Removing ugui.o(.ARM.exidx.text.UG_SelectGUI), (8 bytes).
    Removing ugui.o(.ARM.exidx.text.UG_FontSelect), (8 bytes).
    Removing ugui.o(.text.UG_FillScreen), (124 bytes).
    Removing ugui.o(.ARM.exidx.text.UG_FillScreen), (8 bytes).
    Removing ugui.o(.ARM.exidx.text.UG_FillFrame), (8 bytes).
    Removing ugui.o(.text.UG_FillRoundFrame), (390 bytes).
    Removing ugui.o(.ARM.exidx.text.UG_FillRoundFrame), (8 bytes).
    Removing ugui.o(.ARM.exidx.text.UG_DrawLine), (8 bytes).
    Removing ugui.o(.text.UG_DrawMesh), (86 bytes).
    Removing ugui.o(.ARM.exidx.text.UG_DrawMesh), (8 bytes).
    Removing ugui.o(.text.UG_DrawFrame), (72 bytes).
    Removing ugui.o(.ARM.exidx.text.UG_DrawFrame), (8 bytes).
    Removing ugui.o(.text.UG_DrawRoundFrame), (794 bytes).
    Removing ugui.o(.ARM.exidx.text.UG_DrawRoundFrame), (8 bytes).
    Removing ugui.o(.text.UG_DrawArc), (418 bytes).
    Removing ugui.o(.ARM.exidx.text.UG_DrawArc), (8 bytes).
    Removing ugui.o(.text.UG_DrawPixel), (14 bytes).
    Removing ugui.o(.ARM.exidx.text.UG_DrawPixel), (8 bytes).
    Removing ugui.o(.text.UG_DrawCircle), (314 bytes).
    Removing ugui.o(.ARM.exidx.text.UG_DrawCircle), (8 bytes).
    Removing ugui.o(.text.UG_FillCircle), (230 bytes).
    Removing ugui.o(.ARM.exidx.text.UG_FillCircle), (8 bytes).
    Removing ugui.o(.ARM.exidx.text.UG_PutString), (8 bytes).
    Removing ugui.o(.ARM.exidx.text.UG_PutChar), (8 bytes).
    Removing ugui.o(.text.UG_ConsolePutString), (310 bytes).
    Removing ugui.o(.ARM.exidx.text.UG_ConsolePutString), (8 bytes).
    Removing ugui.o(.text.UG_ConsoleSetArea), (30 bytes).
    Removing ugui.o(.ARM.exidx.text.UG_ConsoleSetArea), (8 bytes).
    Removing ugui.o(.text.UG_ConsoleSetForecolor), (14 bytes).
    Removing ugui.o(.ARM.exidx.text.UG_ConsoleSetForecolor), (8 bytes).
    Removing ugui.o(.text.UG_ConsoleSetBackcolor), (14 bytes).
    Removing ugui.o(.ARM.exidx.text.UG_ConsoleSetBackcolor), (8 bytes).
    Removing ugui.o(.ARM.exidx.text.UG_SetForecolor), (8 bytes).
    Removing ugui.o(.ARM.exidx.text.UG_SetBackcolor), (8 bytes).
    Removing ugui.o(.text.UG_GetXDim), (16 bytes).
    Removing ugui.o(.ARM.exidx.text.UG_GetXDim), (8 bytes).
    Removing ugui.o(.text.UG_GetYDim), (16 bytes).
    Removing ugui.o(.ARM.exidx.text.UG_GetYDim), (8 bytes).
    Removing ugui.o(.text.UG_FontSetHSpace), (16 bytes).
    Removing ugui.o(.ARM.exidx.text.UG_FontSetHSpace), (8 bytes).
    Removing ugui.o(.text.UG_FontSetVSpace), (16 bytes).
    Removing ugui.o(.ARM.exidx.text.UG_FontSetVSpace), (8 bytes).
    Removing ugui.o(.ARM.exidx.text._UG_PutText), (8 bytes).
    Removing ugui.o(.text._UG_GetFreeObject), (108 bytes).
    Removing ugui.o(.ARM.exidx.text._UG_GetFreeObject), (8 bytes).
    Removing ugui.o(.text._UG_SearchObject), (60 bytes).
    Removing ugui.o(.ARM.exidx.text._UG_SearchObject), (8 bytes).
    Removing ugui.o(.text._UG_DeleteObject), (90 bytes).
    Removing ugui.o(.ARM.exidx.text._UG_DeleteObject), (8 bytes).
    Removing ugui.o(.ARM.exidx.text._UG_ProcessTouchData), (8 bytes).
    Removing ugui.o(.text._UG_UpdateObjects), (90 bytes).
    Removing ugui.o(.ARM.exidx.text._UG_UpdateObjects), (8 bytes).
    Removing ugui.o(.text._UG_HandleEvents), (106 bytes).
    Removing ugui.o(.ARM.exidx.text._UG_HandleEvents), (8 bytes).
    Removing ugui.o(.ARM.exidx.text._UG_DrawObjectFrame), (8 bytes).
    Removing ugui.o(.text.UG_DriverRegister), (30 bytes).
    Removing ugui.o(.ARM.exidx.text.UG_DriverRegister), (8 bytes).
    Removing ugui.o(.text.UG_DriverEnable), (36 bytes).
    Removing ugui.o(.ARM.exidx.text.UG_DriverEnable), (8 bytes).
    Removing ugui.o(.text.UG_DriverDisable), (36 bytes).
    Removing ugui.o(.ARM.exidx.text.UG_DriverDisable), (8 bytes).
    Removing ugui.o(.ARM.exidx.text.UG_Update), (8 bytes).
    Removing ugui.o(.ARM.exidx.text._UG_WindowDrawTitle), (8 bytes).
    Removing ugui.o(.ARM.exidx.text._UG_WindowUpdate), (8 bytes).
    Removing ugui.o(.text.UG_WaitForUpdate), (26 bytes).
    Removing ugui.o(.ARM.exidx.text.UG_WaitForUpdate), (8 bytes).
    Removing ugui.o(.text.UG_DrawBMP), (146 bytes).
    Removing ugui.o(.ARM.exidx.text.UG_DrawBMP), (8 bytes).
    Removing ugui.o(.text.UG_TouchUpdate), (18 bytes).
    Removing ugui.o(.ARM.exidx.text.UG_TouchUpdate), (8 bytes).
    Removing ugui.o(.ARM.exidx.text.UG_WindowCreate), (8 bytes).
    Removing ugui.o(.ARM.exidx.text.UG_WindowDelete), (8 bytes).
    Removing ugui.o(.ARM.exidx.text.UG_WindowShow), (8 bytes).
    Removing ugui.o(.text.UG_WindowHide), (452 bytes).
    Removing ugui.o(.ARM.exidx.text.UG_WindowHide), (8 bytes).
    Removing ugui.o(.text._UG_WindowClear), (204 bytes).
    Removing ugui.o(.ARM.exidx.text._UG_WindowClear), (8 bytes).
    Removing ugui.o(.ARM.exidx.text.UG_WindowResize), (8 bytes).
    Removing ugui.o(.text.UG_WindowAlert), (36 bytes).
    Removing ugui.o(.ARM.exidx.text.UG_WindowAlert), (8 bytes).
    Removing ugui.o(.text.UG_WindowGetTitleTextColor), (16 bytes).
    Removing ugui.o(.ARM.exidx.text.UG_WindowGetTitleTextColor), (8 bytes).
    Removing ugui.o(.ARM.exidx.text.UG_WindowSetTitleTextColor), (8 bytes).
    Removing ugui.o(.text.UG_WindowGetTitleColor), (16 bytes).
    Removing ugui.o(.ARM.exidx.text.UG_WindowGetTitleColor), (8 bytes).
    Removing ugui.o(.ARM.exidx.text.UG_WindowSetTitleColor), (8 bytes).
    Removing ugui.o(.text.UG_WindowSetForeColor), (30 bytes).
    Removing ugui.o(.ARM.exidx.text.UG_WindowSetForeColor), (8 bytes).
    Removing ugui.o(.ARM.exidx.text.UG_WindowSetBackColor), (8 bytes).
    Removing ugui.o(.ARM.exidx.text.UG_WindowSetTitleInactiveTextColor), (8 bytes).
    Removing ugui.o(.ARM.exidx.text.UG_WindowSetTitleInactiveColor), (8 bytes).
    Removing ugui.o(.ARM.exidx.text.UG_WindowSetTitleText), (8 bytes).
    Removing ugui.o(.ARM.exidx.text.UG_WindowSetTitleTextFont), (8 bytes).
    Removing ugui.o(.text.UG_WindowSetTitleTextHSpace), (32 bytes).
    Removing ugui.o(.ARM.exidx.text.UG_WindowSetTitleTextHSpace), (8 bytes).
    Removing ugui.o(.text.UG_WindowSetTitleTextVSpace), (32 bytes).
    Removing ugui.o(.ARM.exidx.text.UG_WindowSetTitleTextVSpace), (8 bytes).
    Removing ugui.o(.text.UG_WindowSetTitleTextAlignment), (32 bytes).
    Removing ugui.o(.ARM.exidx.text.UG_WindowSetTitleTextAlignment), (8 bytes).
    Removing ugui.o(.text.UG_WindowSetTitleHeight), (34 bytes).
    Removing ugui.o(.ARM.exidx.text.UG_WindowSetTitleHeight), (8 bytes).
    Removing ugui.o(.text.UG_WindowSetXStart), (54 bytes).
    Removing ugui.o(.ARM.exidx.text.UG_WindowSetXStart), (8 bytes).
    Removing ugui.o(.text.UG_WindowSetYStart), (58 bytes).
    Removing ugui.o(.ARM.exidx.text.UG_WindowSetYStart), (8 bytes).
    Removing ugui.o(.text.UG_WindowSetXEnd), (58 bytes).
    Removing ugui.o(.ARM.exidx.text.UG_WindowSetXEnd), (8 bytes).
    Removing ugui.o(.text.UG_WindowSetYEnd), (60 bytes).
    Removing ugui.o(.ARM.exidx.text.UG_WindowSetYEnd), (8 bytes).
    Removing ugui.o(.text.UG_WindowSetStyle), (42 bytes).
    Removing ugui.o(.ARM.exidx.text.UG_WindowSetStyle), (8 bytes).
    Removing ugui.o(.text.UG_WindowGetForeColor), (16 bytes).
    Removing ugui.o(.ARM.exidx.text.UG_WindowGetForeColor), (8 bytes).
    Removing ugui.o(.text.UG_WindowGetBackColor), (16 bytes).
    Removing ugui.o(.ARM.exidx.text.UG_WindowGetBackColor), (8 bytes).
    Removing ugui.o(.text.UG_WindowGetTitleInactiveTextColor), (16 bytes).
    Removing ugui.o(.ARM.exidx.text.UG_WindowGetTitleInactiveTextColor), (8 bytes).
    Removing ugui.o(.text.UG_WindowGetTitleInactiveColor), (16 bytes).
    Removing ugui.o(.ARM.exidx.text.UG_WindowGetTitleInactiveColor), (8 bytes).
    Removing ugui.o(.text.UG_WindowGetTitleText), (16 bytes).
    Removing ugui.o(.ARM.exidx.text.UG_WindowGetTitleText), (8 bytes).
    Removing ugui.o(.text.UG_WindowGetTitleTextFont), (16 bytes).
    Removing ugui.o(.ARM.exidx.text.UG_WindowGetTitleTextFont), (8 bytes).
    Removing ugui.o(.text.UG_WindowGetTitleTextHSpace), (24 bytes).
    Removing ugui.o(.ARM.exidx.text.UG_WindowGetTitleTextHSpace), (8 bytes).
    Removing ugui.o(.text.UG_WindowGetTitleTextVSpace), (24 bytes).
    Removing ugui.o(.ARM.exidx.text.UG_WindowGetTitleTextVSpace), (8 bytes).
    Removing ugui.o(.text.UG_WindowGetTitleTextAlignment), (18 bytes).
    Removing ugui.o(.ARM.exidx.text.UG_WindowGetTitleTextAlignment), (8 bytes).
    Removing ugui.o(.text.UG_WindowGetTitleHeight), (18 bytes).
    Removing ugui.o(.ARM.exidx.text.UG_WindowGetTitleHeight), (8 bytes).
    Removing ugui.o(.text.UG_WindowGetXStart), (18 bytes).
    Removing ugui.o(.ARM.exidx.text.UG_WindowGetXStart), (8 bytes).
    Removing ugui.o(.text.UG_WindowGetYStart), (18 bytes).
    Removing ugui.o(.ARM.exidx.text.UG_WindowGetYStart), (8 bytes).
    Removing ugui.o(.text.UG_WindowGetXEnd), (18 bytes).
    Removing ugui.o(.ARM.exidx.text.UG_WindowGetXEnd), (8 bytes).
    Removing ugui.o(.text.UG_WindowGetYEnd), (18 bytes).
    Removing ugui.o(.ARM.exidx.text.UG_WindowGetYEnd), (8 bytes).
    Removing ugui.o(.text.UG_WindowGetStyle), (16 bytes).
    Removing ugui.o(.ARM.exidx.text.UG_WindowGetStyle), (8 bytes).
    Removing ugui.o(.text.UG_WindowGetArea), (96 bytes).
    Removing ugui.o(.ARM.exidx.text.UG_WindowGetArea), (8 bytes).
    Removing ugui.o(.text.UG_WindowGetInnerWidth), (34 bytes).
    Removing ugui.o(.ARM.exidx.text.UG_WindowGetInnerWidth), (8 bytes).
    Removing ugui.o(.text.UG_WindowGetOuterWidth), (26 bytes).
    Removing ugui.o(.ARM.exidx.text.UG_WindowGetOuterWidth), (8 bytes).
    Removing ugui.o(.text.UG_WindowGetInnerHeight), (44 bytes).
    Removing ugui.o(.ARM.exidx.text.UG_WindowGetInnerHeight), (8 bytes).
    Removing ugui.o(.text.UG_WindowGetOuterHeight), (26 bytes).
    Removing ugui.o(.ARM.exidx.text.UG_WindowGetOuterHeight), (8 bytes).
    Removing ugui.o(.ARM.exidx.text.UG_ButtonCreate), (8 bytes).
    Removing ugui.o(.ARM.exidx.text._UG_ButtonUpdate), (8 bytes).
    Removing ugui.o(.text.UG_ButtonDelete), (78 bytes).
    Removing ugui.o(.ARM.exidx.text.UG_ButtonDelete), (8 bytes).
    Removing ugui.o(.text.UG_ButtonShow), (66 bytes).
    Removing ugui.o(.ARM.exidx.text.UG_ButtonShow), (8 bytes).
    Removing ugui.o(.text.UG_ButtonHide), (82 bytes).
    Removing ugui.o(.ARM.exidx.text.UG_ButtonHide), (8 bytes).
    Removing ugui.o(.ARM.exidx.text.UG_ButtonSetForeColor), (8 bytes).
    Removing ugui.o(.ARM.exidx.text.UG_ButtonSetBackColor), (8 bytes).
    Removing ugui.o(.text.UG_ButtonSetAlternateForeColor), (82 bytes).
    Removing ugui.o(.ARM.exidx.text.UG_ButtonSetAlternateForeColor), (8 bytes).
    Removing ugui.o(.text.UG_ButtonSetAlternateBackColor), (82 bytes).
    Removing ugui.o(.ARM.exidx.text.UG_ButtonSetAlternateBackColor), (8 bytes).
    Removing ugui.o(.ARM.exidx.text.UG_ButtonSetText), (8 bytes).
    Removing ugui.o(.ARM.exidx.text.UG_ButtonSetFont), (8 bytes).
    Removing ugui.o(.ARM.exidx.text.UG_ButtonSetStyle), (8 bytes).
    Removing ugui.o(.text.UG_ButtonGetForeColor), (62 bytes).
    Removing ugui.o(.ARM.exidx.text.UG_ButtonGetForeColor), (8 bytes).
    Removing ugui.o(.text.UG_ButtonGetBackColor), (62 bytes).
    Removing ugui.o(.ARM.exidx.text.UG_ButtonGetBackColor), (8 bytes).
    Removing ugui.o(.text.UG_ButtonGetAlternateForeColor), (62 bytes).
    Removing ugui.o(.ARM.exidx.text.UG_ButtonGetAlternateForeColor), (8 bytes).
    Removing ugui.o(.text.UG_ButtonGetAlternateBackColor), (62 bytes).
    Removing ugui.o(.ARM.exidx.text.UG_ButtonGetAlternateBackColor), (8 bytes).
    Removing ugui.o(.text.UG_ButtonGetText), (62 bytes).
    Removing ugui.o(.ARM.exidx.text.UG_ButtonGetText), (8 bytes).
    Removing ugui.o(.text.UG_ButtonGetFont), (62 bytes).
    Removing ugui.o(.ARM.exidx.text.UG_ButtonGetFont), (8 bytes).
    Removing ugui.o(.text.UG_ButtonGetStyle), (62 bytes).
    Removing ugui.o(.ARM.exidx.text.UG_ButtonGetStyle), (8 bytes).
    Removing ugui.o(.ARM.exidx.text.UG_TextboxCreate), (8 bytes).
    Removing ugui.o(.ARM.exidx.text._UG_TextboxUpdate), (8 bytes).
    Removing ugui.o(.text.UG_TextboxDelete), (78 bytes).
    Removing ugui.o(.ARM.exidx.text.UG_TextboxDelete), (8 bytes).
    Removing ugui.o(.text.UG_TextboxShow), (66 bytes).
    Removing ugui.o(.ARM.exidx.text.UG_TextboxShow), (8 bytes).
    Removing ugui.o(.text.UG_TextboxHide), (70 bytes).
    Removing ugui.o(.ARM.exidx.text.UG_TextboxHide), (8 bytes).
    Removing ugui.o(.ARM.exidx.text.UG_TextboxSetForeColor), (8 bytes).
    Removing ugui.o(.ARM.exidx.text.UG_TextboxSetBackColor), (8 bytes).
    Removing ugui.o(.ARM.exidx.text.UG_TextboxSetText), (8 bytes).
    Removing ugui.o(.ARM.exidx.text.UG_TextboxSetFont), (8 bytes).
    Removing ugui.o(.text.UG_TextboxSetHSpace), (82 bytes).
    Removing ugui.o(.ARM.exidx.text.UG_TextboxSetHSpace), (8 bytes).
    Removing ugui.o(.text.UG_TextboxSetVSpace), (82 bytes).
    Removing ugui.o(.ARM.exidx.text.UG_TextboxSetVSpace), (8 bytes).
    Removing ugui.o(.text.UG_TextboxSetAlignment), (82 bytes).
    Removing ugui.o(.ARM.exidx.text.UG_TextboxSetAlignment), (8 bytes).
    Removing ugui.o(.text.UG_TextboxGetForeColor), (62 bytes).
    Removing ugui.o(.ARM.exidx.text.UG_TextboxGetForeColor), (8 bytes).
    Removing ugui.o(.text.UG_TextboxGetBackColor), (62 bytes).
    Removing ugui.o(.ARM.exidx.text.UG_TextboxGetBackColor), (8 bytes).
    Removing ugui.o(.text.UG_TextboxGetText), (62 bytes).
    Removing ugui.o(.ARM.exidx.text.UG_TextboxGetText), (8 bytes).
    Removing ugui.o(.text.UG_TextboxGetFont), (62 bytes).
    Removing ugui.o(.ARM.exidx.text.UG_TextboxGetFont), (8 bytes).
    Removing ugui.o(.text.UG_TextboxGetHSpace), (62 bytes).
    Removing ugui.o(.ARM.exidx.text.UG_TextboxGetHSpace), (8 bytes).
    Removing ugui.o(.text.UG_TextboxGetVSpace), (62 bytes).
    Removing ugui.o(.ARM.exidx.text.UG_TextboxGetVSpace), (8 bytes).
    Removing ugui.o(.text.UG_TextboxGetAlignment), (62 bytes).
    Removing ugui.o(.ARM.exidx.text.UG_TextboxGetAlignment), (8 bytes).
    Removing ugui.o(.text.UG_ImageCreate), (216 bytes).
    Removing ugui.o(.ARM.exidx.text.UG_ImageCreate), (8 bytes).
    Removing ugui.o(.text._UG_ImageUpdate), (304 bytes).
    Removing ugui.o(.ARM.exidx.text._UG_ImageUpdate), (8 bytes).
    Removing ugui.o(.text.UG_ImageDelete), (78 bytes).
    Removing ugui.o(.ARM.exidx.text.UG_ImageDelete), (8 bytes).
    Removing ugui.o(.text.UG_ImageShow), (66 bytes).
    Removing ugui.o(.ARM.exidx.text.UG_ImageShow), (8 bytes).
    Removing ugui.o(.text.UG_ImageHide), (70 bytes).
    Removing ugui.o(.ARM.exidx.text.UG_ImageHide), (8 bytes).
    Removing ugui.o(.text.UG_ImageSetBMP), (86 bytes).
    Removing ugui.o(.ARM.exidx.text.UG_ImageSetBMP), (8 bytes).
    Removing ugui.o(.rodata.font_7x12), (3072 bytes).
    Removing ugui.o(.rodata.font_8x14), (3584 bytes).
    Removing ugui.o(.rodata.font_10x16), (8192 bytes).
    Removing ugui.o(.rodata.font_12x16), (8192 bytes).
    Removing ugui.o(.rodata.font_16x26), (13312 bytes).
    Removing ugui.o(.rodata.font_22x36), (27648 bytes).
    Removing ugui.o(.rodata.font_24x40), (30720 bytes).
    Removing ugui.o(.rodata.FONT_7X12), (8 bytes).
    Removing ugui.o(.rodata.FONT_8X14), (8 bytes).
    Removing ugui.o(.rodata.FONT_10X16), (8 bytes).
    Removing ugui.o(.rodata.FONT_12X16), (8 bytes).
    Removing ugui.o(.rodata.FONT_16X26), (8 bytes).
    Removing ugui.o(.rodata.FONT_22X36), (8 bytes).
    Removing ugui.o(.rodata.FONT_24X40), (8 bytes).
    Removing fmul.o(.text), (100 bytes).
    Removing ffixi.o(.text), (50 bytes).

1183 unused section(s) (total 166402 bytes) removed from the image.

==============================================================================

Image Symbol Table

    Local Symbols

    Symbol Name                              Value     Ov Type        Size  Object(Section)

    ../clib/microlib/init/entry.s            0x00000000   Number         0  entry.o ABSOLUTE
    ../clib/microlib/init/entry.s            0x00000000   Number         0  entry2.o ABSOLUTE
    ../clib/microlib/init/entry.s            0x00000000   Number         0  entry5.o ABSOLUTE
    ../clib/microlib/init/entry.s            0x00000000   Number         0  entry7a.o ABSOLUTE
    ../clib/microlib/init/entry.s            0x00000000   Number         0  entry7b.o ABSOLUTE
    ../clib/microlib/init/entry.s            0x00000000   Number         0  entry8a.o ABSOLUTE
    ../clib/microlib/init/entry.s            0x00000000   Number         0  entry8b.o ABSOLUTE
    ../clib/microlib/init/entry.s            0x00000000   Number         0  entry9a.o ABSOLUTE
    ../clib/microlib/init/entry.s            0x00000000   Number         0  entry9b.o ABSOLUTE
    ../clib/microlib/init/entry.s            0x00000000   Number         0  entry10a.o ABSOLUTE
    ../clib/microlib/init/entry.s            0x00000000   Number         0  entry10b.o ABSOLUTE
    ../clib/microlib/init/entry.s            0x00000000   Number         0  entry11a.o ABSOLUTE
    ../clib/microlib/init/entry.s            0x00000000   Number         0  entry11b.o ABSOLUTE
    ../clib/microlib/string/memset.c         0x00000000   Number         0  memseta.o ABSOLUTE
    ../clib/microlib/stubs.s                 0x00000000   Number         0  iusefp.o ABSOLUTE
    ../fplib/microlib/fpfix.c                0x00000000   Number         0  ffixi.o ABSOLUTE
    ../fplib/microlib/fpmul.c                0x00000000   Number         0  fmul.o ABSOLUTE
    adc.c                                    0x00000000   Number         0  adc.o ABSOLUTE
    dc.s                                     0x00000000   Number         0  dc.o ABSOLUTE
    gpio.c                                   0x00000000   Number         0  gpio.o ABSOLUTE
    handlers.s                               0x00000000   Number         0  handlers.o ABSOLUTE
    init.s                                   0x00000000   Number         0  init.o ABSOLUTE
    lcd.c                                    0x00000000   Number         0  lcd.o ABSOLUTE
    main.c                                   0x00000000   Number         0  main.o ABSOLUTE
    spi.c                                    0x00000000   Number         0  spi.o ABSOLUTE
    startup_stm32f103xb.s                    0x00000000   Number         0  startup_stm32f103xb.o ABSOLUTE
    stm32f1xx_hal.c                          0x00000000   Number         0  stm32f1xx_hal.o ABSOLUTE
    stm32f1xx_hal_adc.c                      0x00000000   Number         0  stm32f1xx_hal_adc.o ABSOLUTE
    stm32f1xx_hal_adc_ex.c                   0x00000000   Number         0  stm32f1xx_hal_adc_ex.o ABSOLUTE
    stm32f1xx_hal_cortex.c                   0x00000000   Number         0  stm32f1xx_hal_cortex.o ABSOLUTE
    stm32f1xx_hal_dma.c                      0x00000000   Number         0  stm32f1xx_hal_dma.o ABSOLUTE
    stm32f1xx_hal_exti.c                     0x00000000   Number         0  stm32f1xx_hal_exti.o ABSOLUTE
    stm32f1xx_hal_flash.c                    0x00000000   Number         0  stm32f1xx_hal_flash.o ABSOLUTE
    stm32f1xx_hal_flash_ex.c                 0x00000000   Number         0  stm32f1xx_hal_flash_ex.o ABSOLUTE
    stm32f1xx_hal_gpio.c                     0x00000000   Number         0  stm32f1xx_hal_gpio.o ABSOLUTE
    stm32f1xx_hal_gpio_ex.c                  0x00000000   Number         0  stm32f1xx_hal_gpio_ex.o ABSOLUTE
    stm32f1xx_hal_msp.c                      0x00000000   Number         0  stm32f1xx_hal_msp.o ABSOLUTE
    stm32f1xx_hal_pwr.c                      0x00000000   Number         0  stm32f1xx_hal_pwr.o ABSOLUTE
    stm32f1xx_hal_rcc.c                      0x00000000   Number         0  stm32f1xx_hal_rcc.o ABSOLUTE
    stm32f1xx_hal_rcc_ex.c                   0x00000000   Number         0  stm32f1xx_hal_rcc_ex.o ABSOLUTE
    stm32f1xx_hal_spi.c                      0x00000000   Number         0  stm32f1xx_hal_spi.o ABSOLUTE
    stm32f1xx_hal_tim.c                      0x00000000   Number         0  stm32f1xx_hal_tim.o ABSOLUTE
    stm32f1xx_hal_tim_ex.c                   0x00000000   Number         0  stm32f1xx_hal_tim_ex.o ABSOLUTE
    stm32f1xx_hal_uart.c                     0x00000000   Number         0  stm32f1xx_hal_uart.o ABSOLUTE
    stm32f1xx_it.c                           0x00000000   Number         0  stm32f1xx_it.o ABSOLUTE
    system_stm32f1xx.c                       0x00000000   Number         0  system_stm32f1xx.o ABSOLUTE
    tim.c                                    0x00000000   Number         0  tim.o ABSOLUTE
    ugui.c                                   0x00000000   Number         0  ugui.o ABSOLUTE
    usart.c                                  0x00000000   Number         0  usart.o ABSOLUTE
    RESET                                    0x08000000   Section      236  startup_stm32f103xb.o(RESET)
    .ARM.Collect$$$$00000000                 0x080000ec   Section        0  entry.o(.ARM.Collect$$$$00000000)
    .ARM.Collect$$$$00000001                 0x080000ec   Section        4  entry2.o(.ARM.Collect$$$$00000001)
    .ARM.Collect$$$$00000004                 0x080000f0   Section        4  entry5.o(.ARM.Collect$$$$00000004)
    .ARM.Collect$$$$00000008                 0x080000f4   Section        0  entry7b.o(.ARM.Collect$$$$00000008)
    .ARM.Collect$$$$0000000A                 0x080000f4   Section        0  entry8b.o(.ARM.Collect$$$$0000000A)
    .ARM.Collect$$$$0000000B                 0x080000f4   Section        8  entry9a.o(.ARM.Collect$$$$0000000B)
    __lit__00000000                          0x080000fc   Data           4  entry2.o(.ARM.Collect$$$$00002712)
    .ARM.Collect$$$$0000000D                 0x080000fc   Section        0  entry10a.o(.ARM.Collect$$$$0000000D)
    .ARM.Collect$$$$0000000F                 0x080000fc   Section        0  entry11a.o(.ARM.Collect$$$$0000000F)
    .ARM.Collect$$$$00002712                 0x080000fc   Section        4  entry2.o(.ARM.Collect$$$$00002712)
    .text                                    0x08000100   Section       36  startup_stm32f103xb.o(.text)
    .text                                    0x08000124   Section       36  init.o(.text)
    [Anonymous Symbol]                       0x08000148   Section        0  stm32f1xx_it.o(.text.BusFault_Handler)
    [Anonymous Symbol]                       0x0800014c   Section        0  stm32f1xx_it.o(.text.DebugMon_Handler)
    [Anonymous Symbol]                       0x08000150   Section        0  stm32f1xx_it.o(.text.EXTI0_IRQHandler)
    [Anonymous Symbol]                       0x08000158   Section        0  main.o(.text.Error_Handler)
    [Anonymous Symbol]                       0x08000164   Section        0  main.o(.text.First_init)
    [Anonymous Symbol]                       0x080002b4   Section        0  stm32f1xx_hal_adc.o(.text.HAL_ADC_ConfigChannel)
    [Anonymous Symbol]                       0x08000440   Section        0  stm32f1xx_hal_adc.o(.text.HAL_ADC_Init)
    [Anonymous Symbol]                       0x0800059c   Section        0  adc.o(.text.HAL_ADC_MspInit)
    [Anonymous Symbol]                       0x08000600   Section        0  stm32f1xx_hal.o(.text.HAL_Delay)
    [Anonymous Symbol]                       0x08000628   Section        0  main.o(.text.HAL_GPIO_EXTI_Callback)
    [Anonymous Symbol]                       0x08000648   Section        0  stm32f1xx_hal_gpio.o(.text.HAL_GPIO_EXTI_IRQHandler)
    [Anonymous Symbol]                       0x08000660   Section        0  stm32f1xx_hal_gpio.o(.text.HAL_GPIO_Init)
    [Anonymous Symbol]                       0x0800087c   Section        0  stm32f1xx_hal_gpio.o(.text.HAL_GPIO_ReadPin)
    [Anonymous Symbol]                       0x08000888   Section        0  stm32f1xx_hal_gpio.o(.text.HAL_GPIO_TogglePin)
    [Anonymous Symbol]                       0x08000898   Section        0  stm32f1xx_hal_gpio.o(.text.HAL_GPIO_WritePin)
    [Anonymous Symbol]                       0x080008a4   Section        0  stm32f1xx_hal.o(.text.HAL_GetTick)
    [Anonymous Symbol]                       0x080008b0   Section        0  stm32f1xx_hal.o(.text.HAL_IncTick)
    [Anonymous Symbol]                       0x080008cc   Section        0  stm32f1xx_hal.o(.text.HAL_Init)
    [Anonymous Symbol]                       0x080008f4   Section        0  stm32f1xx_hal.o(.text.HAL_InitTick)
    [Anonymous Symbol]                       0x0800093c   Section        0  stm32f1xx_hal_msp.o(.text.HAL_MspInit)
    [Anonymous Symbol]                       0x08000980   Section        0  stm32f1xx_hal_cortex.o(.text.HAL_NVIC_EnableIRQ)
    [Anonymous Symbol]                       0x080009a8   Section        0  stm32f1xx_hal_cortex.o(.text.HAL_NVIC_SetPriority)
    [Anonymous Symbol]                       0x08000a00   Section        0  stm32f1xx_hal_cortex.o(.text.HAL_NVIC_SetPriorityGrouping)
    [Anonymous Symbol]                       0x08000a20   Section        0  stm32f1xx_hal_rcc_ex.o(.text.HAL_RCCEx_PeriphCLKConfig)
    [Anonymous Symbol]                       0x08000b2c   Section        0  stm32f1xx_hal_rcc.o(.text.HAL_RCC_ClockConfig)
    [Anonymous Symbol]                       0x08000cec   Section        0  stm32f1xx_hal_rcc.o(.text.HAL_RCC_GetPCLK1Freq)
    [Anonymous Symbol]                       0x08000d14   Section        0  stm32f1xx_hal_rcc.o(.text.HAL_RCC_GetPCLK2Freq)
    [Anonymous Symbol]                       0x08000d3c   Section        0  stm32f1xx_hal_rcc.o(.text.HAL_RCC_OscConfig)
    [Anonymous Symbol]                       0x080010f0   Section        0  stm32f1xx_hal_spi.o(.text.HAL_SPI_Init)
    [Anonymous Symbol]                       0x0800119c   Section        0  spi.o(.text.HAL_SPI_MspInit)
    [Anonymous Symbol]                       0x08001210   Section        0  stm32f1xx_hal_spi.o(.text.HAL_SPI_Transmit)
    [Anonymous Symbol]                       0x0800140c   Section        0  stm32f1xx_hal_cortex.o(.text.HAL_SYSTICK_Config)
    [Anonymous Symbol]                       0x08001438   Section        0  stm32f1xx_hal_tim_ex.o(.text.HAL_TIMEx_BreakCallback)
    [Anonymous Symbol]                       0x0800143c   Section        0  stm32f1xx_hal_tim_ex.o(.text.HAL_TIMEx_CommutCallback)
    [Anonymous Symbol]                       0x08001440   Section        0  stm32f1xx_hal_tim_ex.o(.text.HAL_TIMEx_ConfigBreakDeadTime)
    [Anonymous Symbol]                       0x0800148c   Section        0  stm32f1xx_hal_tim_ex.o(.text.HAL_TIMEx_MasterConfigSynchronization)
    [Anonymous Symbol]                       0x08001508   Section        0  stm32f1xx_hal_tim.o(.text.HAL_TIM_Base_Init)
    [Anonymous Symbol]                       0x08001604   Section        0  tim.o(.text.HAL_TIM_Base_MspInit)
    [Anonymous Symbol]                       0x0800164c   Section        0  stm32f1xx_hal_tim.o(.text.HAL_TIM_Base_Start_IT)
    [Anonymous Symbol]                       0x080016bc   Section        0  stm32f1xx_hal_tim.o(.text.HAL_TIM_ConfigClockSource)
    [Anonymous Symbol]                       0x08001858   Section        0  stm32f1xx_hal_tim.o(.text.HAL_TIM_IC_CaptureCallback)
    [Anonymous Symbol]                       0x0800185c   Section        0  stm32f1xx_hal_tim.o(.text.HAL_TIM_IRQHandler)
    [Anonymous Symbol]                       0x080019ac   Section        0  stm32f1xx_hal_tim.o(.text.HAL_TIM_OC_DelayElapsedCallback)
    [Anonymous Symbol]                       0x080019b0   Section        0  stm32f1xx_hal_tim.o(.text.HAL_TIM_PWM_ConfigChannel)
    [Anonymous Symbol]                       0x08001bbc   Section        0  stm32f1xx_hal_tim.o(.text.HAL_TIM_PWM_Init)
    [Anonymous Symbol]                       0x08001cb8   Section        0  tim.o(.text.HAL_TIM_PWM_MspInit)
    [Anonymous Symbol]                       0x08001d0c   Section        0  stm32f1xx_hal_tim.o(.text.HAL_TIM_PWM_PulseFinishedCallback)
    [Anonymous Symbol]                       0x08001d10   Section        0  stm32f1xx_hal_tim.o(.text.HAL_TIM_PWM_Start)
    [Anonymous Symbol]                       0x08001df0   Section        0  stm32f1xx_hal_tim.o(.text.HAL_TIM_PWM_Stop)
    [Anonymous Symbol]                       0x08001ea4   Section        0  main.o(.text.HAL_TIM_PeriodElapsedCallback)
    [Anonymous Symbol]                       0x08002010   Section        0  stm32f1xx_hal_tim.o(.text.HAL_TIM_TriggerCallback)
    [Anonymous Symbol]                       0x08002014   Section        0  stm32f1xx_hal_uart.o(.text.HAL_UART_Init)
    [Anonymous Symbol]                       0x080020f8   Section        0  usart.o(.text.HAL_UART_MspInit)
    [Anonymous Symbol]                       0x08002174   Section        0  stm32f1xx_it.o(.text.HardFault_Handler)
    [Anonymous Symbol]                       0x08002178   Section        0  lcd.o(.text.LCD_Address_Set)
    [Anonymous Symbol]                       0x080023b0   Section        0  lcd.o(.text.LCD_Clear)
    [Anonymous Symbol]                       0x08002444   Section        0  lcd.o(.text.LCD_DrawPoint)
    [Anonymous Symbol]                       0x080024c4   Section        0  lcd.o(.text.LCD_Fill)
    [Anonymous Symbol]                       0x080025ac   Section        0  lcd.o(.text.LCD_ShowBattey)
    [Anonymous Symbol]                       0x0800275c   Section        0  lcd.o(.text.LCD_Show_Power)
    [Anonymous Symbol]                       0x08002830   Section        0  lcd.o(.text.Lcd_Init)
    [Anonymous Symbol]                       0x080037c4   Section        0  adc.o(.text.MX_ADC1_Init)
    [Anonymous Symbol]                       0x0800381c   Section        0  gpio.o(.text.MX_GPIO_Init)
    [Anonymous Symbol]                       0x080038fc   Section        0  spi.o(.text.MX_SPI1_Init)
    [Anonymous Symbol]                       0x08003950   Section        0  tim.o(.text.MX_TIM1_Init)
    [Anonymous Symbol]                       0x08003ad0   Section        0  tim.o(.text.MX_TIM2_Init)
    [Anonymous Symbol]                       0x08003bf0   Section        0  tim.o(.text.MX_TIM3_Init)
    [Anonymous Symbol]                       0x08003c64   Section        0  usart.o(.text.MX_USART1_UART_Init)
    [Anonymous Symbol]                       0x08003ca0   Section        0  main.o(.text.Measuring_init)
    [Anonymous Symbol]                       0x08003d90   Section        0  stm32f1xx_it.o(.text.MemManage_Handler)
    [Anonymous Symbol]                       0x08003d94   Section        0  stm32f1xx_it.o(.text.NMI_Handler)
    [Anonymous Symbol]                       0x08003d98   Section        0  stm32f1xx_it.o(.text.PendSV_Handler)
    SPI_WaitFlagStateUntilTimeout            0x08003d9d   Thumb Code   288  stm32f1xx_hal_spi.o(.text.SPI_WaitFlagStateUntilTimeout)
    [Anonymous Symbol]                       0x08003d9c   Section        0  stm32f1xx_hal_spi.o(.text.SPI_WaitFlagStateUntilTimeout)
    [Anonymous Symbol]                       0x08003ebc   Section        0  stm32f1xx_it.o(.text.SVC_Handler)
    [Anonymous Symbol]                       0x08003ec0   Section        0  stm32f1xx_it.o(.text.SysTick_Handler)
    [Anonymous Symbol]                       0x08003ec4   Section        0  system_stm32f1xx.o(.text.SystemInit)
    [Anonymous Symbol]                       0x08003ec8   Section        0  stm32f1xx_it.o(.text.TIM3_IRQHandler)
    [Anonymous Symbol]                       0x08003ed4   Section        0  ugui.o(.text.UG_ButtonCreate)
    [Anonymous Symbol]                       0x08003fd4   Section        0  ugui.o(.text.UG_ButtonSetBackColor)
    [Anonymous Symbol]                       0x08004028   Section        0  ugui.o(.text.UG_ButtonSetFont)
    [Anonymous Symbol]                       0x0800407c   Section        0  ugui.o(.text.UG_ButtonSetForeColor)
    [Anonymous Symbol]                       0x080040d0   Section        0  ugui.o(.text.UG_ButtonSetStyle)
    [Anonymous Symbol]                       0x08004158   Section        0  ugui.o(.text.UG_ButtonSetText)
    [Anonymous Symbol]                       0x080041ac   Section        0  ugui.o(.text.UG_DrawLine)
    [Anonymous Symbol]                       0x080042fc   Section        0  ugui.o(.text.UG_FillFrame)
    [Anonymous Symbol]                       0x0800437c   Section        0  ugui.o(.text.UG_FontSelect)
    [Anonymous Symbol]                       0x08004390   Section        0  ugui.o(.text.UG_Init)
    [Anonymous Symbol]                       0x08004400   Section        0  ugui.o(.text.UG_PutChar)
    [Anonymous Symbol]                       0x08004684   Section        0  ugui.o(.text.UG_PutString)
    [Anonymous Symbol]                       0x08004720   Section        0  ugui.o(.text.UG_SelectGUI)
    [Anonymous Symbol]                       0x08004730   Section        0  ugui.o(.text.UG_SetBackcolor)
    [Anonymous Symbol]                       0x08004740   Section        0  ugui.o(.text.UG_SetForecolor)
    [Anonymous Symbol]                       0x08004750   Section        0  ugui.o(.text.UG_TextboxCreate)
    [Anonymous Symbol]                       0x08004848   Section        0  ugui.o(.text.UG_TextboxSetBackColor)
    [Anonymous Symbol]                       0x0800489c   Section        0  ugui.o(.text.UG_TextboxSetFont)
    [Anonymous Symbol]                       0x080048f0   Section        0  ugui.o(.text.UG_TextboxSetForeColor)
    [Anonymous Symbol]                       0x08004944   Section        0  ugui.o(.text.UG_TextboxSetText)
    [Anonymous Symbol]                       0x08004998   Section        0  ugui.o(.text.UG_Update)
    [Anonymous Symbol]                       0x08004b18   Section        0  ugui.o(.text.UG_WindowCreate)
    [Anonymous Symbol]                       0x08004c18   Section        0  ugui.o(.text.UG_WindowDelete)
    [Anonymous Symbol]                       0x08004c50   Section        0  ugui.o(.text.UG_WindowResize)
    [Anonymous Symbol]                       0x08004e28   Section        0  ugui.o(.text.UG_WindowSetBackColor)
    [Anonymous Symbol]                       0x08004e48   Section        0  ugui.o(.text.UG_WindowSetTitleColor)
    [Anonymous Symbol]                       0x08004e68   Section        0  ugui.o(.text.UG_WindowSetTitleInactiveColor)
    [Anonymous Symbol]                       0x08004e88   Section        0  ugui.o(.text.UG_WindowSetTitleInactiveTextColor)
    [Anonymous Symbol]                       0x08004ea8   Section        0  ugui.o(.text.UG_WindowSetTitleText)
    [Anonymous Symbol]                       0x08004ec8   Section        0  ugui.o(.text.UG_WindowSetTitleTextColor)
    [Anonymous Symbol]                       0x08004ee8   Section        0  ugui.o(.text.UG_WindowSetTitleTextFont)
    [Anonymous Symbol]                       0x08004f28   Section        0  ugui.o(.text.UG_WindowShow)
    [Anonymous Symbol]                       0x08004f50   Section        0  stm32f1xx_it.o(.text.UsageFault_Handler)
    [Anonymous Symbol]                       0x08004f54   Section        0  ugui.o(.text._UG_ButtonUpdate)
    [Anonymous Symbol]                       0x08005264   Section        0  ugui.o(.text._UG_DrawObjectFrame)
    [Anonymous Symbol]                       0x0800539c   Section        0  ugui.o(.text._UG_ProcessTouchData)
    [Anonymous Symbol]                       0x080056b0   Section        0  ugui.o(.text._UG_PutText)
    [Anonymous Symbol]                       0x08005c08   Section        0  ugui.o(.text._UG_TextboxUpdate)
    [Anonymous Symbol]                       0x08005dd8   Section        0  ugui.o(.text._UG_WindowDrawTitle)
    [Anonymous Symbol]                       0x08005f30   Section        0  ugui.o(.text._UG_WindowUpdate)
    [Anonymous Symbol]                       0x0800617c   Section        0  main.o(.text.main)
    [Anonymous Symbol]                       0x080062a0   Section        0  main.o(.text.window_1_callback)
    [Anonymous Symbol]                       0x080062c0   Section        0  main.o(.text.window_2_callback)
    i.__scatterload_copy                     0x080062ec   Section       14  handlers.o(i.__scatterload_copy)
    i.__scatterload_null                     0x080062fa   Section        2  handlers.o(i.__scatterload_null)
    i.__scatterload_zeroinit                 0x080062fc   Section       14  handlers.o(i.__scatterload_zeroinit)
    HAL_RCC_GetSysClockFreq.aPredivFactorTable 0x08006344   Data           2  stm32f1xx_hal_rcc.o(.rodata.HAL_RCC_GetSysClockFreq.aPredivFactorTable)
    [Anonymous Symbol]                       0x08006344   Section        0  stm32f1xx_hal_rcc.o(.rodata.HAL_RCC_GetSysClockFreq.aPredivFactorTable)
    HAL_RCC_GetSysClockFreq.aPLLMULFactorTable 0x08006496   Data          16  stm32f1xx_hal_rcc.o(.rodata.cst16)
    [Anonymous Symbol]                       0x08006496   Section        0  stm32f1xx_hal_rcc.o(.rodata.cst16)
    .L.str                                   0x0800a938   Data          15  main.o(.rodata.str1.1)
    [Anonymous Symbol]                       0x0800a938   Section        0  main.o(.rodata.str1.1)
    .L_MergedGlobals                         0x20000000   Data           8  main.o(.data..L_MergedGlobals)
    [Anonymous Symbol]                       0x20000000   Section        0  main.o(.data..L_MergedGlobals)
    .L_MergedGlobals                         0x20000008   Data           8  stm32f1xx_hal.o(.data..L_MergedGlobals)
    [Anonymous Symbol]                       0x20000008   Section        0  stm32f1xx_hal.o(.data..L_MergedGlobals)
    .L_MergedGlobals                         0x20000018   Data          12  ugui.o(.bss..L_MergedGlobals)
    gui                                      0x20000018   Data           4  ugui.o(.bss..L_MergedGlobals)
    [Anonymous Symbol]                       0x20000018   Section        0  ugui.o(.bss..L_MergedGlobals)
    _UG_HandleEvents.msg                     0x2000001c   Data           8  ugui.o(.bss..L_MergedGlobals)
    .L_MergedGlobals.4                       0x20000024   Data          68  main.o(.bss..L_MergedGlobals.4)
    [Anonymous Symbol]                       0x20000024   Section        0  main.o(.bss..L_MergedGlobals.4)
    STACK                                    0x20000580   Section     1024  startup_stm32f103xb.o(STACK)

    Global Symbols

    Symbol Name                              Value     Ov Type        Size  Object(Section)

    BuildAttributes$$THM_ISAv4$P$D$K$B$S$PE$A:L22UL41UL21$X:L11$S22US41US21$IEEE1$IW$~IW$USESV6$~STKCKD$USESV7$~SHL$OTIME$ROPI$EBA8$MICROLIB$REQ8$PRES8$EABIv2 0x00000000   Number         0  anon$$obj.o ABSOLUTE
    __cpp_initialize__aeabi_                  - Undefined Weak Reference
    __cxa_finalize                            - Undefined Weak Reference
    __decompress                              - Undefined Weak Reference
    _clock_init                               - Undefined Weak Reference
    _microlib_exit                            - Undefined Weak Reference
    __Vectors_Size                           0x000000ec   Number         0  startup_stm32f103xb.o ABSOLUTE
    __Vectors                                0x08000000   Data           4  startup_stm32f103xb.o(RESET)
    __Vectors_End                            0x080000ec   Data           0  startup_stm32f103xb.o(RESET)
    __main                                   0x080000ed   Thumb Code     0  entry.o(.ARM.Collect$$$$00000000)
    _main_stk                                0x080000ed   Thumb Code     0  entry2.o(.ARM.Collect$$$$00000001)
    _main_scatterload                        0x080000f1   Thumb Code     0  entry5.o(.ARM.Collect$$$$00000004)
    __main_after_scatterload                 0x080000f5   Thumb Code     0  entry5.o(.ARM.Collect$$$$00000004)
    _main_clock                              0x080000f5   Thumb Code     0  entry7b.o(.ARM.Collect$$$$00000008)
    _main_cpp_init                           0x080000f5   Thumb Code     0  entry8b.o(.ARM.Collect$$$$0000000A)
    _main_init                               0x080000f5   Thumb Code     0  entry9a.o(.ARM.Collect$$$$0000000B)
    __rt_final_cpp                           0x080000fd   Thumb Code     0  entry10a.o(.ARM.Collect$$$$0000000D)
    __rt_final_exit                          0x080000fd   Thumb Code     0  entry11a.o(.ARM.Collect$$$$0000000F)
    Reset_Handler                            0x08000101   Thumb Code     8  startup_stm32f103xb.o(.text)
    ADC1_2_IRQHandler                        0x0800011b   Thumb Code     0  startup_stm32f103xb.o(.text)
    CAN1_RX1_IRQHandler                      0x0800011b   Thumb Code     0  startup_stm32f103xb.o(.text)
    CAN1_SCE_IRQHandler                      0x0800011b   Thumb Code     0  startup_stm32f103xb.o(.text)
    DMA1_Channel1_IRQHandler                 0x0800011b   Thumb Code     0  startup_stm32f103xb.o(.text)
    DMA1_Channel2_IRQHandler                 0x0800011b   Thumb Code     0  startup_stm32f103xb.o(.text)
    DMA1_Channel3_IRQHandler                 0x0800011b   Thumb Code     0  startup_stm32f103xb.o(.text)
    DMA1_Channel4_IRQHandler                 0x0800011b   Thumb Code     0  startup_stm32f103xb.o(.text)
    DMA1_Channel5_IRQHandler                 0x0800011b   Thumb Code     0  startup_stm32f103xb.o(.text)
    DMA1_Channel6_IRQHandler                 0x0800011b   Thumb Code     0  startup_stm32f103xb.o(.text)
    DMA1_Channel7_IRQHandler                 0x0800011b   Thumb Code     0  startup_stm32f103xb.o(.text)
    EXTI15_10_IRQHandler                     0x0800011b   Thumb Code     0  startup_stm32f103xb.o(.text)
    EXTI1_IRQHandler                         0x0800011b   Thumb Code     0  startup_stm32f103xb.o(.text)
    EXTI2_IRQHandler                         0x0800011b   Thumb Code     0  startup_stm32f103xb.o(.text)
    EXTI3_IRQHandler                         0x0800011b   Thumb Code     0  startup_stm32f103xb.o(.text)
    EXTI4_IRQHandler                         0x0800011b   Thumb Code     0  startup_stm32f103xb.o(.text)
    EXTI9_5_IRQHandler                       0x0800011b   Thumb Code     0  startup_stm32f103xb.o(.text)
    FLASH_IRQHandler                         0x0800011b   Thumb Code     0  startup_stm32f103xb.o(.text)
    I2C1_ER_IRQHandler                       0x0800011b   Thumb Code     0  startup_stm32f103xb.o(.text)
    I2C1_EV_IRQHandler                       0x0800011b   Thumb Code     0  startup_stm32f103xb.o(.text)
    I2C2_ER_IRQHandler                       0x0800011b   Thumb Code     0  startup_stm32f103xb.o(.text)
    I2C2_EV_IRQHandler                       0x0800011b   Thumb Code     0  startup_stm32f103xb.o(.text)
    PVD_IRQHandler                           0x0800011b   Thumb Code     0  startup_stm32f103xb.o(.text)
    RCC_IRQHandler                           0x0800011b   Thumb Code     0  startup_stm32f103xb.o(.text)
    RTC_Alarm_IRQHandler                     0x0800011b   Thumb Code     0  startup_stm32f103xb.o(.text)
    RTC_IRQHandler                           0x0800011b   Thumb Code     0  startup_stm32f103xb.o(.text)
    SPI1_IRQHandler                          0x0800011b   Thumb Code     0  startup_stm32f103xb.o(.text)
    SPI2_IRQHandler                          0x0800011b   Thumb Code     0  startup_stm32f103xb.o(.text)
    TAMPER_IRQHandler                        0x0800011b   Thumb Code     0  startup_stm32f103xb.o(.text)
    TIM1_BRK_IRQHandler                      0x0800011b   Thumb Code     0  startup_stm32f103xb.o(.text)
    TIM1_CC_IRQHandler                       0x0800011b   Thumb Code     0  startup_stm32f103xb.o(.text)
    TIM1_TRG_COM_IRQHandler                  0x0800011b   Thumb Code     0  startup_stm32f103xb.o(.text)
    TIM1_UP_IRQHandler                       0x0800011b   Thumb Code     0  startup_stm32f103xb.o(.text)
    TIM2_IRQHandler                          0x0800011b   Thumb Code     0  startup_stm32f103xb.o(.text)
    TIM4_IRQHandler                          0x0800011b   Thumb Code     0  startup_stm32f103xb.o(.text)
    USART1_IRQHandler                        0x0800011b   Thumb Code     0  startup_stm32f103xb.o(.text)
    USART2_IRQHandler                        0x0800011b   Thumb Code     0  startup_stm32f103xb.o(.text)
    USART3_IRQHandler                        0x0800011b   Thumb Code     0  startup_stm32f103xb.o(.text)
    USBWakeUp_IRQHandler                     0x0800011b   Thumb Code     0  startup_stm32f103xb.o(.text)
    USB_HP_CAN1_TX_IRQHandler                0x0800011b   Thumb Code     0  startup_stm32f103xb.o(.text)
    USB_LP_CAN1_RX0_IRQHandler               0x0800011b   Thumb Code     0  startup_stm32f103xb.o(.text)
    WWDG_IRQHandler                          0x0800011b   Thumb Code     0  startup_stm32f103xb.o(.text)
    __scatterload                            0x08000125   Thumb Code    28  init.o(.text)
    __scatterload_rt2                        0x08000125   Thumb Code     0  init.o(.text)
    BusFault_Handler                         0x08000149   Thumb Code     2  stm32f1xx_it.o(.text.BusFault_Handler)
    DebugMon_Handler                         0x0800014d   Thumb Code     2  stm32f1xx_it.o(.text.DebugMon_Handler)
    EXTI0_IRQHandler                         0x08000151   Thumb Code     6  stm32f1xx_it.o(.text.EXTI0_IRQHandler)
    Error_Handler                            0x08000159   Thumb Code    10  main.o(.text.Error_Handler)
    First_init                               0x08000165   Thumb Code   316  main.o(.text.First_init)
    HAL_ADC_ConfigChannel                    0x080002b5   Thumb Code   396  stm32f1xx_hal_adc.o(.text.HAL_ADC_ConfigChannel)
    HAL_ADC_Init                             0x08000441   Thumb Code   348  stm32f1xx_hal_adc.o(.text.HAL_ADC_Init)
    HAL_ADC_MspInit                          0x0800059d   Thumb Code    98  adc.o(.text.HAL_ADC_MspInit)
    HAL_Delay                                0x08000601   Thumb Code    40  stm32f1xx_hal.o(.text.HAL_Delay)
    HAL_GPIO_EXTI_Callback                   0x08000629   Thumb Code    32  main.o(.text.HAL_GPIO_EXTI_Callback)
    HAL_GPIO_EXTI_IRQHandler                 0x08000649   Thumb Code    22  stm32f1xx_hal_gpio.o(.text.HAL_GPIO_EXTI_IRQHandler)
    HAL_GPIO_Init                            0x08000661   Thumb Code   538  stm32f1xx_hal_gpio.o(.text.HAL_GPIO_Init)
    HAL_GPIO_ReadPin                         0x0800087d   Thumb Code    10  stm32f1xx_hal_gpio.o(.text.HAL_GPIO_ReadPin)
    HAL_GPIO_TogglePin                       0x08000889   Thumb Code    16  stm32f1xx_hal_gpio.o(.text.HAL_GPIO_TogglePin)
    HAL_GPIO_WritePin                        0x08000899   Thumb Code    10  stm32f1xx_hal_gpio.o(.text.HAL_GPIO_WritePin)
    HAL_GetTick                              0x080008a5   Thumb Code    12  stm32f1xx_hal.o(.text.HAL_GetTick)
    HAL_IncTick                              0x080008b1   Thumb Code    26  stm32f1xx_hal.o(.text.HAL_IncTick)
    HAL_Init                                 0x080008cd   Thumb Code    38  stm32f1xx_hal.o(.text.HAL_Init)
    HAL_InitTick                             0x080008f5   Thumb Code    72  stm32f1xx_hal.o(.text.HAL_InitTick)
    HAL_MspInit                              0x0800093d   Thumb Code    66  stm32f1xx_hal_msp.o(.text.HAL_MspInit)
    HAL_NVIC_EnableIRQ                       0x08000981   Thumb Code    38  stm32f1xx_hal_cortex.o(.text.HAL_NVIC_EnableIRQ)
    HAL_NVIC_SetPriority                     0x080009a9   Thumb Code    86  stm32f1xx_hal_cortex.o(.text.HAL_NVIC_SetPriority)
    HAL_NVIC_SetPriorityGrouping             0x08000a01   Thumb Code    32  stm32f1xx_hal_cortex.o(.text.HAL_NVIC_SetPriorityGrouping)
    HAL_RCCEx_PeriphCLKConfig                0x08000a21   Thumb Code   266  stm32f1xx_hal_rcc_ex.o(.text.HAL_RCCEx_PeriphCLKConfig)
    HAL_RCC_ClockConfig                      0x08000b2d   Thumb Code   446  stm32f1xx_hal_rcc.o(.text.HAL_RCC_ClockConfig)
    HAL_RCC_GetPCLK1Freq                     0x08000ced   Thumb Code    38  stm32f1xx_hal_rcc.o(.text.HAL_RCC_GetPCLK1Freq)
    HAL_RCC_GetPCLK2Freq                     0x08000d15   Thumb Code    38  stm32f1xx_hal_rcc.o(.text.HAL_RCC_GetPCLK2Freq)
    HAL_RCC_OscConfig                        0x08000d3d   Thumb Code   948  stm32f1xx_hal_rcc.o(.text.HAL_RCC_OscConfig)
    HAL_SPI_Init                             0x080010f1   Thumb Code   172  stm32f1xx_hal_spi.o(.text.HAL_SPI_Init)
    HAL_SPI_MspInit                          0x0800119d   Thumb Code   116  spi.o(.text.HAL_SPI_MspInit)
    HAL_SPI_Transmit                         0x08001211   Thumb Code   506  stm32f1xx_hal_spi.o(.text.HAL_SPI_Transmit)
    HAL_SYSTICK_Config                       0x0800140d   Thumb Code    44  stm32f1xx_hal_cortex.o(.text.HAL_SYSTICK_Config)
    HAL_TIMEx_BreakCallback                  0x08001439   Thumb Code     2  stm32f1xx_hal_tim_ex.o(.text.HAL_TIMEx_BreakCallback)
    HAL_TIMEx_CommutCallback                 0x0800143d   Thumb Code     2  stm32f1xx_hal_tim_ex.o(.text.HAL_TIMEx_CommutCallback)
    HAL_TIMEx_ConfigBreakDeadTime            0x08001441   Thumb Code    76  stm32f1xx_hal_tim_ex.o(.text.HAL_TIMEx_ConfigBreakDeadTime)
    HAL_TIMEx_MasterConfigSynchronization    0x0800148d   Thumb Code   122  stm32f1xx_hal_tim_ex.o(.text.HAL_TIMEx_MasterConfigSynchronization)
    HAL_TIM_Base_Init                        0x08001509   Thumb Code   250  stm32f1xx_hal_tim.o(.text.HAL_TIM_Base_Init)
    HAL_TIM_Base_MspInit                     0x08001605   Thumb Code    70  tim.o(.text.HAL_TIM_Base_MspInit)
    HAL_TIM_Base_Start_IT                    0x0800164d   Thumb Code   110  stm32f1xx_hal_tim.o(.text.HAL_TIM_Base_Start_IT)
    HAL_TIM_ConfigClockSource                0x080016bd   Thumb Code   412  stm32f1xx_hal_tim.o(.text.HAL_TIM_ConfigClockSource)
    HAL_TIM_IC_CaptureCallback               0x08001859   Thumb Code     2  stm32f1xx_hal_tim.o(.text.HAL_TIM_IC_CaptureCallback)
    HAL_TIM_IRQHandler                       0x0800185d   Thumb Code   334  stm32f1xx_hal_tim.o(.text.HAL_TIM_IRQHandler)
    HAL_TIM_OC_DelayElapsedCallback          0x080019ad   Thumb Code     2  stm32f1xx_hal_tim.o(.text.HAL_TIM_OC_DelayElapsedCallback)
    HAL_TIM_PWM_ConfigChannel                0x080019b1   Thumb Code   524  stm32f1xx_hal_tim.o(.text.HAL_TIM_PWM_ConfigChannel)
    HAL_TIM_PWM_Init                         0x08001bbd   Thumb Code   250  stm32f1xx_hal_tim.o(.text.HAL_TIM_PWM_Init)
    HAL_TIM_PWM_MspInit                      0x08001cb9   Thumb Code    82  tim.o(.text.HAL_TIM_PWM_MspInit)
    HAL_TIM_PWM_PulseFinishedCallback        0x08001d0d   Thumb Code     2  stm32f1xx_hal_tim.o(.text.HAL_TIM_PWM_PulseFinishedCallback)
    HAL_TIM_PWM_Start                        0x08001d11   Thumb Code   222  stm32f1xx_hal_tim.o(.text.HAL_TIM_PWM_Start)
    HAL_TIM_PWM_Stop                         0x08001df1   Thumb Code   178  stm32f1xx_hal_tim.o(.text.HAL_TIM_PWM_Stop)
    HAL_TIM_PeriodElapsedCallback            0x08001ea5   Thumb Code   364  main.o(.text.HAL_TIM_PeriodElapsedCallback)
    HAL_TIM_TriggerCallback                  0x08002011   Thumb Code     2  stm32f1xx_hal_tim.o(.text.HAL_TIM_TriggerCallback)
    HAL_UART_Init                            0x08002015   Thumb Code   226  stm32f1xx_hal_uart.o(.text.HAL_UART_Init)
    HAL_UART_MspInit                         0x080020f9   Thumb Code   122  usart.o(.text.HAL_UART_MspInit)
    HardFault_Handler                        0x08002175   Thumb Code     2  stm32f1xx_it.o(.text.HardFault_Handler)
    LCD_Address_Set                          0x08002179   Thumb Code   568  lcd.o(.text.LCD_Address_Set)
    LCD_Clear                                0x080023b1   Thumb Code   148  lcd.o(.text.LCD_Clear)
    LCD_DrawPoint                            0x08002445   Thumb Code   126  lcd.o(.text.LCD_DrawPoint)
    LCD_Fill                                 0x080024c5   Thumb Code   230  lcd.o(.text.LCD_Fill)
    LCD_ShowBattey                           0x080025ad   Thumb Code   430  lcd.o(.text.LCD_ShowBattey)
    LCD_Show_Power                           0x0800275d   Thumb Code   210  lcd.o(.text.LCD_Show_Power)
    Lcd_Init                                 0x08002831   Thumb Code  3988  lcd.o(.text.Lcd_Init)
    MX_ADC1_Init                             0x080037c5   Thumb Code    86  adc.o(.text.MX_ADC1_Init)
    MX_GPIO_Init                             0x0800381d   Thumb Code   222  gpio.o(.text.MX_GPIO_Init)
    MX_SPI1_Init                             0x080038fd   Thumb Code    84  spi.o(.text.MX_SPI1_Init)
    MX_TIM1_Init                             0x08003951   Thumb Code   382  tim.o(.text.MX_TIM1_Init)
    MX_TIM2_Init                             0x08003ad1   Thumb Code   288  tim.o(.text.MX_TIM2_Init)
    MX_TIM3_Init                             0x08003bf1   Thumb Code   116  tim.o(.text.MX_TIM3_Init)
    MX_USART1_UART_Init                      0x08003c65   Thumb Code    60  usart.o(.text.MX_USART1_UART_Init)
    Measuring_init                           0x08003ca1   Thumb Code   224  main.o(.text.Measuring_init)
    MemManage_Handler                        0x08003d91   Thumb Code     2  stm32f1xx_it.o(.text.MemManage_Handler)
    NMI_Handler                              0x08003d95   Thumb Code     2  stm32f1xx_it.o(.text.NMI_Handler)
    PendSV_Handler                           0x08003d99   Thumb Code     2  stm32f1xx_it.o(.text.PendSV_Handler)
    SVC_Handler                              0x08003ebd   Thumb Code     2  stm32f1xx_it.o(.text.SVC_Handler)
    SysTick_Handler                          0x08003ec1   Thumb Code     4  stm32f1xx_it.o(.text.SysTick_Handler)
    SystemInit                               0x08003ec5   Thumb Code     2  system_stm32f1xx.o(.text.SystemInit)
    TIM3_IRQHandler                          0x08003ec9   Thumb Code    12  stm32f1xx_it.o(.text.TIM3_IRQHandler)
    UG_ButtonCreate                          0x08003ed5   Thumb Code   252  ugui.o(.text.UG_ButtonCreate)
    UG_ButtonSetBackColor                    0x08003fd5   Thumb Code    82  ugui.o(.text.UG_ButtonSetBackColor)
    UG_ButtonSetFont                         0x08004029   Thumb Code    82  ugui.o(.text.UG_ButtonSetFont)
    UG_ButtonSetForeColor                    0x0800407d   Thumb Code    82  ugui.o(.text.UG_ButtonSetForeColor)
    UG_ButtonSetStyle                        0x080040d1   Thumb Code   136  ugui.o(.text.UG_ButtonSetStyle)
    UG_ButtonSetText                         0x08004159   Thumb Code    82  ugui.o(.text.UG_ButtonSetText)
    UG_DrawLine                              0x080041ad   Thumb Code   334  ugui.o(.text.UG_DrawLine)
    UG_FillFrame                             0x080042fd   Thumb Code   128  ugui.o(.text.UG_FillFrame)
    UG_FontSelect                            0x0800437d   Thumb Code    20  ugui.o(.text.UG_FontSelect)
    UG_Init                                  0x08004391   Thumb Code   110  ugui.o(.text.UG_Init)
    UG_PutChar                               0x08004401   Thumb Code   642  ugui.o(.text.UG_PutChar)
    UG_PutString                             0x08004685   Thumb Code   154  ugui.o(.text.UG_PutString)
    UG_SelectGUI                             0x08004721   Thumb Code    16  ugui.o(.text.UG_SelectGUI)
    UG_SetBackcolor                          0x08004731   Thumb Code    14  ugui.o(.text.UG_SetBackcolor)
    UG_SetForecolor                          0x08004741   Thumb Code    14  ugui.o(.text.UG_SetForecolor)
    UG_TextboxCreate                         0x08004751   Thumb Code   246  ugui.o(.text.UG_TextboxCreate)
    UG_TextboxSetBackColor                   0x08004849   Thumb Code    82  ugui.o(.text.UG_TextboxSetBackColor)
    UG_TextboxSetFont                        0x0800489d   Thumb Code    82  ugui.o(.text.UG_TextboxSetFont)
    UG_TextboxSetForeColor                   0x080048f1   Thumb Code    82  ugui.o(.text.UG_TextboxSetForeColor)
    UG_TextboxSetText                        0x08004945   Thumb Code    82  ugui.o(.text.UG_TextboxSetText)
    UG_Update                                0x08004999   Thumb Code   382  ugui.o(.text.UG_Update)
    UG_WindowCreate                          0x08004b19   Thumb Code   254  ugui.o(.text.UG_WindowCreate)
    UG_WindowDelete                          0x08004c19   Thumb Code    54  ugui.o(.text.UG_WindowDelete)
    UG_WindowResize                          0x08004c51   Thumb Code   472  ugui.o(.text.UG_WindowResize)
    UG_WindowSetBackColor                    0x08004e29   Thumb Code    30  ugui.o(.text.UG_WindowSetBackColor)
    UG_WindowSetTitleColor                   0x08004e49   Thumb Code    30  ugui.o(.text.UG_WindowSetTitleColor)
    UG_WindowSetTitleInactiveColor           0x08004e69   Thumb Code    30  ugui.o(.text.UG_WindowSetTitleInactiveColor)
    UG_WindowSetTitleInactiveTextColor       0x08004e89   Thumb Code    30  ugui.o(.text.UG_WindowSetTitleInactiveTextColor)
    UG_WindowSetTitleText                    0x08004ea9   Thumb Code    30  ugui.o(.text.UG_WindowSetTitleText)
    UG_WindowSetTitleTextColor               0x08004ec9   Thumb Code    30  ugui.o(.text.UG_WindowSetTitleTextColor)
    UG_WindowSetTitleTextFont                0x08004ee9   Thumb Code    62  ugui.o(.text.UG_WindowSetTitleTextFont)
    UG_WindowShow                            0x08004f29   Thumb Code    38  ugui.o(.text.UG_WindowShow)
    UsageFault_Handler                       0x08004f51   Thumb Code     2  stm32f1xx_it.o(.text.UsageFault_Handler)
    _UG_ButtonUpdate                         0x08004f55   Thumb Code   782  ugui.o(.text._UG_ButtonUpdate)
    _UG_DrawObjectFrame                      0x08005265   Thumb Code   310  ugui.o(.text._UG_DrawObjectFrame)
    _UG_ProcessTouchData                     0x0800539d   Thumb Code   788  ugui.o(.text._UG_ProcessTouchData)
    _UG_PutText                              0x080056b1   Thumb Code  1368  ugui.o(.text._UG_PutText)
    _UG_TextboxUpdate                        0x08005c09   Thumb Code   462  ugui.o(.text._UG_TextboxUpdate)
    _UG_WindowDrawTitle                      0x08005dd9   Thumb Code   342  ugui.o(.text._UG_WindowDrawTitle)
    _UG_WindowUpdate                         0x08005f31   Thumb Code   588  ugui.o(.text._UG_WindowUpdate)
    main                                     0x0800617d   Thumb Code   292  main.o(.text.main)
    window_1_callback                        0x080062a1   Thumb Code    32  main.o(.text.window_1_callback)
    window_2_callback                        0x080062c1   Thumb Code    44  main.o(.text.window_2_callback)
    __scatterload_copy                       0x080062ed   Thumb Code    14  handlers.o(i.__scatterload_copy)
    __scatterload_null                       0x080062fb   Thumb Code     2  handlers.o(i.__scatterload_null)
    __scatterload_zeroinit                   0x080062fd   Thumb Code    14  handlers.o(i.__scatterload_zeroinit)
    AHBPrescTable                            0x0800630a   Data          16  system_stm32f1xx.o(.rodata.AHBPrescTable)
    APBPrescTable                            0x0800631a   Data           8  system_stm32f1xx.o(.rodata.APBPrescTable)
    FONT_12X20                               0x08006324   Data           8  ugui.o(.rodata.FONT_12X20)
    FONT_6X8                                 0x0800632c   Data           8  ugui.o(.rodata.FONT_6X8)
    FONT_8X12                                0x08006334   Data           8  ugui.o(.rodata.FONT_8X12)
    FONT_8X8                                 0x0800633c   Data           8  ugui.o(.rodata.FONT_8X8)
    battery                                  0x08006346   Data         336  lcd.o(.rodata.battery)
    font_12x20                               0x080064a6   Data       10240  ugui.o(.rodata.font_12x20)
    font_6x8                                 0x08008ca6   Data        2048  ugui.o(.rodata.font_6x8)
    font_8x12                                0x080094a6   Data        3072  ugui.o(.rodata.font_8x12)
    font_8x8                                 0x0800a0a6   Data        2048  ugui.o(.rodata.font_8x8)
    pal_button_pressed                       0x0800a8a8   Data          48  ugui.o(.rodata.pal_button_pressed)
    pal_button_released                      0x0800a8d8   Data          48  ugui.o(.rodata.pal_button_released)
    pal_window                               0x0800a908   Data          48  ugui.o(.rodata.pal_window)
    Region$$Table$$Base                      0x0800a948   Number         0  anon$$obj.o(Region$$Table)
    Region$$Table$$Limit                     0x0800a968   Number         0  anon$$obj.o(Region$$Table)
    pulse_current_enhance                    0x20000000   Data           1  main.o(.data..L_MergedGlobals)
    TIM1_counter3                            0x20000004   Data           4  main.o(.data..L_MergedGlobals)
    uwTickFreq                               0x20000008   Data           1  stm32f1xx_hal.o(.data..L_MergedGlobals)
    uwTickPrio                               0x2000000c   Data           4  stm32f1xx_hal.o(.data..L_MergedGlobals)
    POWER                                    0x20000010   Data           2  main.o(.data.POWER)
    SystemCoreClock                          0x20000014   Data           4  system_stm32f1xx.o(.data.SystemCoreClock)
    flag                                     0x20000024   Data           1  main.o(.bss..L_MergedGlobals.4)
    lastflag                                 0x20000025   Data           1  main.o(.bss..L_MergedGlobals.4)
    KEY_state                                0x20000026   Data           1  main.o(.bss..L_MergedGlobals.4)
    sample_flag                              0x20000027   Data           1  main.o(.bss..L_MergedGlobals.4)
    SEND_status                              0x20000028   Data           1  main.o(.bss..L_MergedGlobals.4)
    pulse_IRcurrent                          0x20000029   Data           1  main.o(.bss..L_MergedGlobals.4)
    pulse_Rcurrent                           0x2000002a   Data           1  main.o(.bss..L_MergedGlobals.4)
    IRorRED                                  0x2000002b   Data           1  main.o(.bss..L_MergedGlobals.4)
    KEY_cnt                                  0x2000002c   Data           2  main.o(.bss..L_MergedGlobals.4)
    TIM1_counter1                            0x20000030   Data           4  main.o(.bss..L_MergedGlobals.4)
    textbox_1                                0x20000034   Data          24  main.o(.bss..L_MergedGlobals.4)
    button_1                                 0x2000004c   Data          28  main.o(.bss..L_MergedGlobals.4)
    BACK_COLOR                               0x20000068   Data           2  lcd.o(.bss.BACK_COLOR)
    gui                                      0x2000006c   Data          92  main.o(.bss.gui)
    hadc1                                    0x200000c8   Data          48  adc.o(.bss.hadc1)
    hspi1                                    0x200000f8   Data          88  spi.o(.bss.hspi1)
    htim1                                    0x20000150   Data          72  tim.o(.bss.htim1)
    htim2                                    0x20000198   Data          72  tim.o(.bss.htim2)
    htim3                                    0x200001e0   Data          72  tim.o(.bss.htim3)
    huart1                                   0x20000228   Data          72  usart.o(.bss.huart1)
    obj_buff_wnd_1                           0x20000270   Data         320  main.o(.bss.obj_buff_wnd_1)
    obj_buff_wnd_2                           0x200003b0   Data         320  main.o(.bss.obj_buff_wnd_2)
    uwTick                                   0x200004f0   Data           4  stm32f1xx_hal.o(.bss.uwTick)
    window_1                                 0x200004f4   Data          68  main.o(.bss.window_1)
    window_2                                 0x20000538   Data          68  main.o(.bss.window_2)
    __initial_sp                             0x20000980   Data           0  startup_stm32f103xb.o(STACK)



==============================================================================

Memory Map of the image

  Image Entry point : 0x080000ed

  Load Region LR_IROM1 (Base: 0x08000000, Size: 0x0000a980, Max: 0x00010000, ABSOLUTE)

    Execution Region ER_IROM1 (Exec base: 0x08000000, Load base: 0x08000000, Size: 0x0000a968, Max: 0x00010000, ABSOLUTE)

    Exec Addr    Load Addr    Size         Type   Attr      Idx    E Section Name        Object

    0x08000000   0x08000000   0x000000ec   Data   RO            3    RESET               startup_stm32f103xb.o
    0x080000ec   0x080000ec   0x00000000   Code   RO         1539  * .ARM.Collect$$$$00000000  mc_w.l(entry.o)
    0x080000ec   0x080000ec   0x00000004   Code   RO         1548    .ARM.Collect$$$$00000001  mc_w.l(entry2.o)
    0x080000f0   0x080000f0   0x00000004   Code   RO         1551    .ARM.Collect$$$$00000004  mc_w.l(entry5.o)
    0x080000f4   0x080000f4   0x00000000   Code   RO         1553    .ARM.Collect$$$$00000008  mc_w.l(entry7b.o)
    0x080000f4   0x080000f4   0x00000000   Code   RO         1555    .ARM.Collect$$$$0000000A  mc_w.l(entry8b.o)
    0x080000f4   0x080000f4   0x00000008   Code   RO         1556    .ARM.Collect$$$$0000000B  mc_w.l(entry9a.o)
    0x080000fc   0x080000fc   0x00000000   Code   RO         1558    .ARM.Collect$$$$0000000D  mc_w.l(entry10a.o)
    0x080000fc   0x080000fc   0x00000000   Code   RO         1560    .ARM.Collect$$$$0000000F  mc_w.l(entry11a.o)
    0x080000fc   0x080000fc   0x00000004   Code   RO         1549    .ARM.Collect$$$$00002712  mc_w.l(entry2.o)
    0x08000100   0x08000100   0x00000024   Code   RO            4    .text               startup_stm32f103xb.o
    0x08000124   0x08000124   0x00000024   Code   RO         1563    .text               mc_w.l(init.o)
    0x08000148   0x08000148   0x00000002   Code   RO          139    .text.BusFault_Handler  stm32f1xx_it.o
    0x0800014a   0x0800014a   0x00000002   PAD
    0x0800014c   0x0800014c   0x00000002   Code   RO          145    .text.DebugMon_Handler  stm32f1xx_it.o
    0x0800014e   0x0800014e   0x00000002   PAD
    0x08000150   0x08000150   0x00000006   Code   RO          151    .text.EXTI0_IRQHandler  stm32f1xx_it.o
    0x08000156   0x08000156   0x00000002   PAD
    0x08000158   0x08000158   0x0000000a   Code   RO           25    .text.Error_Handler  main.o
    0x08000162   0x08000162   0x00000002   PAD
    0x08000164   0x08000164   0x00000150   Code   RO           13    .text.First_init    main.o
    0x080002b4   0x080002b4   0x0000018c   Code   RO          231    .text.HAL_ADC_ConfigChannel  stm32f1xx_hal_adc.o
    0x08000440   0x08000440   0x0000015c   Code   RO          185    .text.HAL_ADC_Init  stm32f1xx_hal_adc.o
    0x0800059c   0x0800059c   0x00000062   Code   RO           63    .text.HAL_ADC_MspInit  adc.o
    0x080005fe   0x080005fe   0x00000002   PAD
    0x08000600   0x08000600   0x00000028   Code   RO          301    .text.HAL_Delay     stm32f1xx_hal.o
    0x08000628   0x08000628   0x00000020   Code   RO           27    .text.HAL_GPIO_EXTI_Callback  main.o
    0x08000648   0x08000648   0x00000016   Code   RO          405    .text.HAL_GPIO_EXTI_IRQHandler  stm32f1xx_hal_gpio.o
    0x0800065e   0x0800065e   0x00000002   PAD
    0x08000660   0x08000660   0x0000021a   Code   RO          393    .text.HAL_GPIO_Init  stm32f1xx_hal_gpio.o
    0x0800087a   0x0800087a   0x00000002   PAD
    0x0800087c   0x0800087c   0x0000000a   Code   RO          397    .text.HAL_GPIO_ReadPin  stm32f1xx_hal_gpio.o
    0x08000886   0x08000886   0x00000002   PAD
    0x08000888   0x08000888   0x00000010   Code   RO          401    .text.HAL_GPIO_TogglePin  stm32f1xx_hal_gpio.o
    0x08000898   0x08000898   0x0000000a   Code   RO          399    .text.HAL_GPIO_WritePin  stm32f1xx_hal_gpio.o
    0x080008a2   0x080008a2   0x00000002   PAD
    0x080008a4   0x080008a4   0x0000000c   Code   RO          293    .text.HAL_GetTick   stm32f1xx_hal.o
    0x080008b0   0x080008b0   0x0000001a   Code   RO          291    .text.HAL_IncTick   stm32f1xx_hal.o
    0x080008ca   0x080008ca   0x00000002   PAD
    0x080008cc   0x080008cc   0x00000026   Code   RO          281    .text.HAL_Init      stm32f1xx_hal.o
    0x080008f2   0x080008f2   0x00000002   PAD
    0x080008f4   0x080008f4   0x00000048   Code   RO          283    .text.HAL_InitTick  stm32f1xx_hal.o
    0x0800093c   0x0800093c   0x00000042   Code   RO          162    .text.HAL_MspInit   stm32f1xx_hal_msp.o
    0x0800097e   0x0800097e   0x00000002   PAD
    0x08000980   0x08000980   0x00000026   Code   RO          453    .text.HAL_NVIC_EnableIRQ  stm32f1xx_hal_cortex.o
    0x080009a6   0x080009a6   0x00000002   PAD
    0x080009a8   0x080009a8   0x00000056   Code   RO          451    .text.HAL_NVIC_SetPriority  stm32f1xx_hal_cortex.o
    0x080009fe   0x080009fe   0x00000002   PAD
    0x08000a00   0x08000a00   0x00000020   Code   RO          449    .text.HAL_NVIC_SetPriorityGrouping  stm32f1xx_hal_cortex.o
    0x08000a20   0x08000a20   0x0000010a   Code   RO          379    .text.HAL_RCCEx_PeriphCLKConfig  stm32f1xx_hal_rcc_ex.o
    0x08000b2a   0x08000b2a   0x00000002   PAD
    0x08000b2c   0x08000b2c   0x000001be   Code   RO          345    .text.HAL_RCC_ClockConfig  stm32f1xx_hal_rcc.o
    0x08000cea   0x08000cea   0x00000002   PAD
    0x08000cec   0x08000cec   0x00000026   Code   RO          357    .text.HAL_RCC_GetPCLK1Freq  stm32f1xx_hal_rcc.o
    0x08000d12   0x08000d12   0x00000002   PAD
    0x08000d14   0x08000d14   0x00000026   Code   RO          359    .text.HAL_RCC_GetPCLK2Freq  stm32f1xx_hal_rcc.o
    0x08000d3a   0x08000d3a   0x00000002   PAD
    0x08000d3c   0x08000d3c   0x000003b4   Code   RO          343    .text.HAL_RCC_OscConfig  stm32f1xx_hal_rcc.o
    0x080010f0   0x080010f0   0x000000ac   Code   RO          614    .text.HAL_SPI_Init  stm32f1xx_hal_spi.o
    0x0800119c   0x0800119c   0x00000074   Code   RO           78    .text.HAL_SPI_MspInit  spi.o
    0x08001210   0x08001210   0x000001fa   Code   RO          622    .text.HAL_SPI_Transmit  stm32f1xx_hal_spi.o
    0x0800140a   0x0800140a   0x00000002   PAD
    0x0800140c   0x0800140c   0x0000002c   Code   RO          461    .text.HAL_SYSTICK_Config  stm32f1xx_hal_cortex.o
    0x08001438   0x08001438   0x00000002   Code   RO         1033    .text.HAL_TIMEx_BreakCallback  stm32f1xx_hal_tim_ex.o
    0x0800143a   0x0800143a   0x00000002   PAD
    0x0800143c   0x0800143c   0x00000002   Code   RO         1029    .text.HAL_TIMEx_CommutCallback  stm32f1xx_hal_tim_ex.o
    0x0800143e   0x0800143e   0x00000002   PAD
    0x08001440   0x08001440   0x0000004c   Code   RO         1025    .text.HAL_TIMEx_ConfigBreakDeadTime  stm32f1xx_hal_tim_ex.o
    0x0800148c   0x0800148c   0x0000007a   Code   RO         1023    .text.HAL_TIMEx_MasterConfigSynchronization  stm32f1xx_hal_tim_ex.o
    0x08001506   0x08001506   0x00000002   PAD
    0x08001508   0x08001508   0x000000fa   Code   RO          728    .text.HAL_TIM_Base_Init  stm32f1xx_hal_tim.o
    0x08001602   0x08001602   0x00000002   PAD
    0x08001604   0x08001604   0x00000046   Code   RO          101    .text.HAL_TIM_Base_MspInit  tim.o
    0x0800164a   0x0800164a   0x00000002   PAD
    0x0800164c   0x0800164c   0x0000006e   Code   RO          742    .text.HAL_TIM_Base_Start_IT  stm32f1xx_hal_tim.o
    0x080016ba   0x080016ba   0x00000002   PAD
    0x080016bc   0x080016bc   0x0000019c   Code   RO          908    .text.HAL_TIM_ConfigClockSource  stm32f1xx_hal_tim.o
    0x08001858   0x08001858   0x00000002   Code   RO          864    .text.HAL_TIM_IC_CaptureCallback  stm32f1xx_hal_tim.o
    0x0800185a   0x0800185a   0x00000002   PAD
    0x0800185c   0x0800185c   0x0000014e   Code   RO          862    .text.HAL_TIM_IRQHandler  stm32f1xx_hal_tim.o
    0x080019aa   0x080019aa   0x00000002   PAD
    0x080019ac   0x080019ac   0x00000002   Code   RO          866    .text.HAL_TIM_OC_DelayElapsedCallback  stm32f1xx_hal_tim.o
    0x080019ae   0x080019ae   0x00000002   PAD
    0x080019b0   0x080019b0   0x0000020c   Code   RO          882    .text.HAL_TIM_PWM_ConfigChannel  stm32f1xx_hal_tim.o
    0x08001bbc   0x08001bbc   0x000000fa   Code   RO          782    .text.HAL_TIM_PWM_Init  stm32f1xx_hal_tim.o
    0x08001cb6   0x08001cb6   0x00000002   PAD
    0x08001cb8   0x08001cb8   0x00000052   Code   RO           99    .text.HAL_TIM_PWM_MspInit  tim.o
    0x08001d0a   0x08001d0a   0x00000002   PAD
    0x08001d0c   0x08001d0c   0x00000002   Code   RO          868    .text.HAL_TIM_PWM_PulseFinishedCallback  stm32f1xx_hal_tim.o
    0x08001d0e   0x08001d0e   0x00000002   PAD
    0x08001d10   0x08001d10   0x000000de   Code   RO          790    .text.HAL_TIM_PWM_Start  stm32f1xx_hal_tim.o
    0x08001dee   0x08001dee   0x00000002   PAD
    0x08001df0   0x08001df0   0x000000b2   Code   RO          792    .text.HAL_TIM_PWM_Stop  stm32f1xx_hal_tim.o
    0x08001ea2   0x08001ea2   0x00000002   PAD
    0x08001ea4   0x08001ea4   0x0000016c   Code   RO           29    .text.HAL_TIM_PeriodElapsedCallback  main.o
    0x08002010   0x08002010   0x00000002   Code   RO          872    .text.HAL_TIM_TriggerCallback  stm32f1xx_hal_tim.o
    0x08002012   0x08002012   0x00000002   PAD
    0x08002014   0x08002014   0x000000e2   Code   RO         1047    .text.HAL_UART_Init  stm32f1xx_hal_uart.o
    0x080020f6   0x080020f6   0x00000002   PAD
    0x080020f8   0x080020f8   0x0000007a   Code   RO          120    .text.HAL_UART_MspInit  usart.o
    0x08002172   0x08002172   0x00000002   PAD
    0x08002174   0x08002174   0x00000002   Code   RO          135    .text.HardFault_Handler  stm32f1xx_it.o
    0x08002176   0x08002176   0x00000002   PAD
    0x08002178   0x08002178   0x00000238   Code   RO         1190    .text.LCD_Address_Set  lcd.o
    0x080023b0   0x080023b0   0x00000094   Code   RO         1194    .text.LCD_Clear     lcd.o
    0x08002444   0x08002444   0x0000007e   Code   RO         1198    .text.LCD_DrawPoint  lcd.o
    0x080024c2   0x080024c2   0x00000002   PAD
    0x080024c4   0x080024c4   0x000000e6   Code   RO         1202    .text.LCD_Fill      lcd.o
    0x080025aa   0x080025aa   0x00000002   PAD
    0x080025ac   0x080025ac   0x000001ae   Code   RO         1222    .text.LCD_ShowBattey  lcd.o
    0x0800275a   0x0800275a   0x00000002   PAD
    0x0800275c   0x0800275c   0x000000d2   Code   RO         1224    .text.LCD_Show_Power  lcd.o
    0x0800282e   0x0800282e   0x00000002   PAD
    0x08002830   0x08002830   0x00000f94   Code   RO         1192    .text.Lcd_Init      lcd.o
    0x080037c4   0x080037c4   0x00000056   Code   RO           61    .text.MX_ADC1_Init  adc.o
    0x0800381a   0x0800381a   0x00000002   PAD
    0x0800381c   0x0800381c   0x000000de   Code   RO           52    .text.MX_GPIO_Init  gpio.o
    0x080038fa   0x080038fa   0x00000002   PAD
    0x080038fc   0x080038fc   0x00000054   Code   RO           76    .text.MX_SPI1_Init  spi.o
    0x08003950   0x08003950   0x0000017e   Code   RO           91    .text.MX_TIM1_Init  tim.o
    0x08003ace   0x08003ace   0x00000002   PAD
    0x08003ad0   0x08003ad0   0x00000120   Code   RO           95    .text.MX_TIM2_Init  tim.o
    0x08003bf0   0x08003bf0   0x00000074   Code   RO           97    .text.MX_TIM3_Init  tim.o
    0x08003c64   0x08003c64   0x0000003c   Code   RO          118    .text.MX_USART1_UART_Init  usart.o
    0x08003ca0   0x08003ca0   0x000000f0   Code   RO           19    .text.Measuring_init  main.o
    0x08003d90   0x08003d90   0x00000002   Code   RO          137    .text.MemManage_Handler  stm32f1xx_it.o
    0x08003d92   0x08003d92   0x00000002   PAD
    0x08003d94   0x08003d94   0x00000002   Code   RO          133    .text.NMI_Handler   stm32f1xx_it.o
    0x08003d96   0x08003d96   0x00000002   PAD
    0x08003d98   0x08003d98   0x00000002   Code   RO          147    .text.PendSV_Handler  stm32f1xx_it.o
    0x08003d9a   0x08003d9a   0x00000002   PAD
    0x08003d9c   0x08003d9c   0x00000120   Code   RO          718    .text.SPI_WaitFlagStateUntilTimeout  stm32f1xx_hal_spi.o
    0x08003ebc   0x08003ebc   0x00000002   Code   RO          143    .text.SVC_Handler   stm32f1xx_it.o
    0x08003ebe   0x08003ebe   0x00000002   PAD
    0x08003ec0   0x08003ec0   0x00000004   Code   RO          149    .text.SysTick_Handler  stm32f1xx_it.o
    0x08003ec4   0x08003ec4   0x00000002   Code   RO         1167    .text.SystemInit    system_stm32f1xx.o
    0x08003ec6   0x08003ec6   0x00000002   PAD
    0x08003ec8   0x08003ec8   0x0000000c   Code   RO          153    .text.TIM3_IRQHandler  stm32f1xx_it.o
    0x08003ed4   0x08003ed4   0x00000100   Code   RO         1418    .text.UG_ButtonCreate  ugui.o
    0x08003fd4   0x08003fd4   0x00000052   Code   RO         1430    .text.UG_ButtonSetBackColor  ugui.o
    0x08004026   0x08004026   0x00000002   PAD
    0x08004028   0x08004028   0x00000052   Code   RO         1438    .text.UG_ButtonSetFont  ugui.o
    0x0800407a   0x0800407a   0x00000002   PAD
    0x0800407c   0x0800407c   0x00000052   Code   RO         1428    .text.UG_ButtonSetForeColor  ugui.o
    0x080040ce   0x080040ce   0x00000002   PAD
    0x080040d0   0x080040d0   0x00000088   Code   RO         1440    .text.UG_ButtonSetStyle  ugui.o
    0x08004158   0x08004158   0x00000052   Code   RO         1436    .text.UG_ButtonSetText  ugui.o
    0x080041aa   0x080041aa   0x00000002   PAD
    0x080041ac   0x080041ac   0x0000014e   Code   RO         1252    .text.UG_DrawLine   ugui.o
    0x080042fa   0x080042fa   0x00000002   PAD
    0x080042fc   0x080042fc   0x00000080   Code   RO         1248    .text.UG_FillFrame  ugui.o
    0x0800437c   0x0800437c   0x00000014   Code   RO         1244    .text.UG_FontSelect  ugui.o
    0x08004390   0x08004390   0x0000006e   Code   RO         1240    .text.UG_Init       ugui.o
    0x080043fe   0x080043fe   0x00000002   PAD
    0x08004400   0x08004400   0x00000282   Code   RO         1270    .text.UG_PutChar    ugui.o
    0x08004682   0x08004682   0x00000002   PAD
    0x08004684   0x08004684   0x0000009a   Code   RO         1268    .text.UG_PutString  ugui.o
    0x0800471e   0x0800471e   0x00000002   PAD
    0x08004720   0x08004720   0x00000010   Code   RO         1242    .text.UG_SelectGUI  ugui.o
    0x08004730   0x08004730   0x0000000e   Code   RO         1282    .text.UG_SetBackcolor  ugui.o
    0x0800473e   0x0800473e   0x00000002   PAD
    0x08004740   0x08004740   0x0000000e   Code   RO         1280    .text.UG_SetForecolor  ugui.o
    0x0800474e   0x0800474e   0x00000002   PAD
    0x08004750   0x08004750   0x000000f6   Code   RO         1456    .text.UG_TextboxCreate  ugui.o
    0x08004846   0x08004846   0x00000002   PAD
    0x08004848   0x08004848   0x00000052   Code   RO         1468    .text.UG_TextboxSetBackColor  ugui.o
    0x0800489a   0x0800489a   0x00000002   PAD
    0x0800489c   0x0800489c   0x00000052   Code   RO         1472    .text.UG_TextboxSetFont  ugui.o
    0x080048ee   0x080048ee   0x00000002   PAD
    0x080048f0   0x080048f0   0x00000052   Code   RO         1466    .text.UG_TextboxSetForeColor  ugui.o
    0x08004942   0x08004942   0x00000002   PAD
    0x08004944   0x08004944   0x00000052   Code   RO         1470    .text.UG_TextboxSetText  ugui.o
    0x08004996   0x08004996   0x00000002   PAD
    0x08004998   0x08004998   0x0000017e   Code   RO         1314    .text.UG_Update     ugui.o
    0x08004b16   0x08004b16   0x00000002   PAD
    0x08004b18   0x08004b18   0x000000fe   Code   RO         1326    .text.UG_WindowCreate  ugui.o
    0x08004c16   0x08004c16   0x00000002   PAD
    0x08004c18   0x08004c18   0x00000036   Code   RO         1328    .text.UG_WindowDelete  ugui.o
    0x08004c4e   0x08004c4e   0x00000002   PAD
    0x08004c50   0x08004c50   0x000001d8   Code   RO         1336    .text.UG_WindowResize  ugui.o
    0x08004e28   0x08004e28   0x0000001e   Code   RO         1350    .text.UG_WindowSetBackColor  ugui.o
    0x08004e46   0x08004e46   0x00000002   PAD
    0x08004e48   0x08004e48   0x0000001e   Code   RO         1346    .text.UG_WindowSetTitleColor  ugui.o
    0x08004e66   0x08004e66   0x00000002   PAD
    0x08004e68   0x08004e68   0x0000001e   Code   RO         1354    .text.UG_WindowSetTitleInactiveColor  ugui.o
    0x08004e86   0x08004e86   0x00000002   PAD
    0x08004e88   0x08004e88   0x0000001e   Code   RO         1352    .text.UG_WindowSetTitleInactiveTextColor  ugui.o
    0x08004ea6   0x08004ea6   0x00000002   PAD
    0x08004ea8   0x08004ea8   0x0000001e   Code   RO         1356    .text.UG_WindowSetTitleText  ugui.o
    0x08004ec6   0x08004ec6   0x00000002   PAD
    0x08004ec8   0x08004ec8   0x0000001e   Code   RO         1342    .text.UG_WindowSetTitleTextColor  ugui.o
    0x08004ee6   0x08004ee6   0x00000002   PAD
    0x08004ee8   0x08004ee8   0x0000003e   Code   RO         1358    .text.UG_WindowSetTitleTextFont  ugui.o
    0x08004f26   0x08004f26   0x00000002   PAD
    0x08004f28   0x08004f28   0x00000026   Code   RO         1330    .text.UG_WindowShow  ugui.o
    0x08004f4e   0x08004f4e   0x00000002   PAD
    0x08004f50   0x08004f50   0x00000002   Code   RO          141    .text.UsageFault_Handler  stm32f1xx_it.o
    0x08004f52   0x08004f52   0x00000002   PAD
    0x08004f54   0x08004f54   0x0000030e   Code   RO         1420    .text._UG_ButtonUpdate  ugui.o
    0x08005262   0x08005262   0x00000002   PAD
    0x08005264   0x08005264   0x00000136   Code   RO         1306    .text._UG_DrawObjectFrame  ugui.o
    0x0800539a   0x0800539a   0x00000002   PAD
    0x0800539c   0x0800539c   0x00000314   Code   RO         1300    .text._UG_ProcessTouchData  ugui.o
    0x080056b0   0x080056b0   0x00000558   Code   RO         1292    .text._UG_PutText   ugui.o
    0x08005c08   0x08005c08   0x000001ce   Code   RO         1458    .text._UG_TextboxUpdate  ugui.o
    0x08005dd6   0x08005dd6   0x00000002   PAD
    0x08005dd8   0x08005dd8   0x00000156   Code   RO         1316    .text._UG_WindowDrawTitle  ugui.o
    0x08005f2e   0x08005f2e   0x00000002   PAD
    0x08005f30   0x08005f30   0x0000024c   Code   RO         1318    .text._UG_WindowUpdate  ugui.o
    0x0800617c   0x0800617c   0x00000124   Code   RO           21    .text.main          main.o
    0x080062a0   0x080062a0   0x00000020   Code   RO           11    .text.window_1_callback  main.o
    0x080062c0   0x080062c0   0x0000002c   Code   RO           15    .text.window_2_callback  main.o
    0x080062ec   0x080062ec   0x0000000e   Code   RO         1567    i.__scatterload_copy  mc_w.l(handlers.o)
    0x080062fa   0x080062fa   0x00000002   Code   RO         1568    i.__scatterload_null  mc_w.l(handlers.o)
    0x080062fc   0x080062fc   0x0000000e   Code   RO         1569    i.__scatterload_zeroinit  mc_w.l(handlers.o)
    0x0800630a   0x0800630a   0x00000010   Data   RO         1172    .rodata.AHBPrescTable  system_stm32f1xx.o
    0x0800631a   0x0800631a   0x00000008   Data   RO         1173    .rodata.APBPrescTable  system_stm32f1xx.o
    0x08006322   0x08006322   0x00000002   PAD
    0x08006324   0x08006324   0x00000008   Data   RO         1524    .rodata.FONT_12X20  ugui.o
    0x0800632c   0x0800632c   0x00000008   Data   RO         1517    .rodata.FONT_6X8    ugui.o
    0x08006334   0x08006334   0x00000008   Data   RO         1520    .rodata.FONT_8X12   ugui.o
    0x0800633c   0x0800633c   0x00000008   Data   RO         1519    .rodata.FONT_8X8    ugui.o
    0x08006344   0x08006344   0x00000002   Data   RO          370    .rodata.HAL_RCC_GetSysClockFreq.aPredivFactorTable  stm32f1xx_hal_rcc.o
    0x08006346   0x08006346   0x00000150   Data   RO         1230    .rodata.battery     lcd.o
    0x08006496   0x08006496   0x00000010   Data   RO          369    .rodata.cst16       stm32f1xx_hal_rcc.o
    0x080064a6   0x080064a6   0x00002800   Data   RO         1513    .rodata.font_12x20  ugui.o
    0x08008ca6   0x08008ca6   0x00000800   Data   RO         1506    .rodata.font_6x8    ugui.o
    0x080094a6   0x080094a6   0x00000c00   Data   RO         1509    .rodata.font_8x12   ugui.o
    0x0800a0a6   0x0800a0a6   0x00000800   Data   RO         1508    .rodata.font_8x8    ugui.o
    0x0800a8a6   0x0800a8a6   0x00000002   PAD
    0x0800a8a8   0x0800a8a8   0x00000030   Data   RO         1529    .rodata.pal_button_pressed  ugui.o
    0x0800a8d8   0x0800a8d8   0x00000030   Data   RO         1530    .rodata.pal_button_released  ugui.o
    0x0800a908   0x0800a908   0x00000030   Data   RO         1528    .rodata.pal_window  ugui.o
    0x0800a938   0x0800a938   0x0000000f   Data   RO           37    .rodata.str1.1      main.o
    0x0800a947   0x0800a947   0x00000001   PAD
    0x0800a948   0x0800a948   0x00000020   Data   RO         1566    Region$$Table       anon$$obj.o


    Execution Region RW_IRAM1 (Exec base: 0x20000000, Load base: 0x0800a968, Size: 0x00000980, Max: 0x00005000, ABSOLUTE)

    Exec Addr    Load Addr    Size         Type   Attr      Idx    E Section Name        Object

    0x20000000   0x0800a968   0x00000008   Data   RW           42    .data..L_MergedGlobals  main.o
    0x20000008   0x0800a970   0x00000008   Data   RW          332    .data..L_MergedGlobals  stm32f1xx_hal.o
    0x20000010   0x0800a978   0x00000002   Data   RW           31    .data.POWER         main.o
    0x20000012   0x0800a97a   0x00000002   PAD
    0x20000014   0x0800a97c   0x00000004   Data   RW         1171    .data.SystemCoreClock  system_stm32f1xx.o
    0x20000018        -       0x0000000c   Zero   RW         1531    .bss..L_MergedGlobals  ugui.o
    0x20000024        -       0x00000044   Zero   RW           43    .bss..L_MergedGlobals.4  main.o
    0x20000068        -       0x00000002   Zero   RW         1231    .bss.BACK_COLOR     lcd.o
    0x2000006a   0x0800a980   0x00000002   PAD
    0x2000006c        -       0x0000005c   Zero   RW           34    .bss.gui            main.o
    0x200000c8        -       0x00000030   Zero   RW           67    .bss.hadc1          adc.o
    0x200000f8        -       0x00000058   Zero   RW           82    .bss.hspi1          spi.o
    0x20000150        -       0x00000048   Zero   RW          107    .bss.htim1          tim.o
    0x20000198        -       0x00000048   Zero   RW          108    .bss.htim2          tim.o
    0x200001e0        -       0x00000048   Zero   RW          109    .bss.htim3          tim.o
    0x20000228        -       0x00000048   Zero   RW          124    .bss.huart1         usart.o
    0x20000270        -       0x00000140   Zero   RW           36    .bss.obj_buff_wnd_1  main.o
    0x200003b0        -       0x00000140   Zero   RW           38    .bss.obj_buff_wnd_2  main.o
    0x200004f0        -       0x00000004   Zero   RW          331    .bss.uwTick         stm32f1xx_hal.o
    0x200004f4        -       0x00000044   Zero   RW           35    .bss.window_1       main.o
    0x20000538        -       0x00000044   Zero   RW           33    .bss.window_2       main.o
    0x2000057c   0x0800a980   0x00000004   PAD
    0x20000580        -       0x00000400   Zero   RW            1    STACK               startup_stm32f103xb.o


==============================================================================

Image component sizes


      Code (inc. data)   RO Data    RW Data    ZI Data      Debug   Object Name

       184          0          0          0         48       4045   adc.o
       222          0          0          0          0       2693   gpio.o
      5700          0        336          0          2      28391   lcd.o
      1350         42         15         10        936      10542   main.o
       200          0          0          0         88       4543   spi.o
        36          8        236          0       1024        792   startup_stm32f103xb.o
       188          0          0          8          4       5762   stm32f1xx_hal.o
       744          0          0          0          0      13237   stm32f1xx_hal_adc.o
       200          0          0          0          0       8520   stm32f1xx_hal_cortex.o
       596         22          0          0          0       4590   stm32f1xx_hal_gpio.o
        66          0          0          0          0       1217   stm32f1xx_hal_msp.o
      1470          0         18          0          0       7692   stm32f1xx_hal_rcc.o
       266          0          0          0          0       3593   stm32f1xx_hal_rcc_ex.o
       966          0          0          0          0      22912   stm32f1xx_hal_spi.o
      2288          6          0          0          0      55289   stm32f1xx_hal_tim.o
       202          0          0          0          0      20678   stm32f1xx_hal_tim_ex.o
       226          0          0          0          0      32257   stm32f1xx_hal_uart.o
        38          0          0          0          0       4498   stm32f1xx_it.o
         2          0         24          4          0       1642   system_stm32f1xx.o
       938          0          0          0        216       8789   tim.o
      8808        164      17584          0         12      79360   ugui.o
       182          0          0          0         72       4317   usart.o

    ----------------------------------------------------------------------
     25032        242      18250         24       2408     325359   Object Totals
         0          0         32          0          0          0   (incl. Generated)
       160          0          5          2          6          0   (incl. Padding)

    ----------------------------------------------------------------------

      Code (inc. data)   RO Data    RW Data    ZI Data      Debug   Library Member Name

         0          0          0          0          0          0   entry.o
         0          0          0          0          0          0   entry10a.o
         0          0          0          0          0          0   entry11a.o
         8          4          0          0          0          0   entry2.o
         4          0          0          0          0          0   entry5.o
         0          0          0          0          0          0   entry7b.o
         0          0          0          0          0          0   entry8b.o
         8          4          0          0          0          0   entry9a.o
        30          0          0          0          0          0   handlers.o
        36          8          0          0          0         68   init.o

    ----------------------------------------------------------------------
        86         16          0          0          0         68   Library Totals
         0          0          0          0          0          0   (incl. Padding)

    ----------------------------------------------------------------------

      Code (inc. data)   RO Data    RW Data    ZI Data      Debug   Library Name

        86         16          0          0          0         68   mc_w.l

    ----------------------------------------------------------------------
        86         16          0          0          0         68   Library Totals

    ----------------------------------------------------------------------

==============================================================================


      Code (inc. data)   RO Data    RW Data    ZI Data      Debug   

     25118        258      18250         24       2408     325179   Grand Totals
     25118        258      18250         24       2408     325179   ELF Image Totals
     25118        258      18250         24          0          0   ROM Totals

==============================================================================

    Total RO  Size (Code + RO Data)                43368 (  42.35kB)
    Total RW  Size (RW Data + ZI Data)              2432 (   2.38kB)
    Total ROM Size (Code + RO Data + RW Data)      43392 (  42.38kB)

==============================================================================

