Component: ARM Compiler 5.06 update 7 (build 960) Tool: armlink [4d3601]

==============================================================================

Section Cross References

    startup_stm32g030xx.o(RESET) refers to startup_stm32g030xx.o(STACK) for __initial_sp
    startup_stm32g030xx.o(RESET) refers to startup_stm32g030xx.o(.text) for Reset_Handler
    startup_stm32g030xx.o(RESET) refers to stm32g0xx_it.o(i.NMI_Handler) for NMI_Handler
    startup_stm32g030xx.o(RESET) refers to stm32g0xx_it.o(i.HardFault_Handler) for HardFault_Handler
    startup_stm32g030xx.o(RESET) refers to stm32g0xx_it.o(i.SVC_Handler) for SVC_Handler
    startup_stm32g030xx.o(RESET) refers to stm32g0xx_it.o(i.PendSV_Handler) for PendSV_Handler
    startup_stm32g030xx.o(RESET) refers to stm32g0xx_it.o(i.SysTick_Handler) for SysTick_Handler
    startup_stm32g030xx.o(RESET) refers to stm32g0xx_it.o(i.RTC_TAMP_IRQHandler) for RTC_TAMP_IRQHandler
    startup_stm32g030xx.o(RESET) refers to stm32g0xx_it.o(i.EXTI4_15_IRQHandler) for EXTI4_15_IRQHandler
    startup_stm32g030xx.o(RESET) refers to stm32g0xx_it.o(i.DMA1_Channel1_IRQHandler) for DMA1_Channel1_IRQHandler
    startup_stm32g030xx.o(RESET) refers to stm32g0xx_it.o(i.DMA1_Channel2_3_IRQHandler) for DMA1_Channel2_3_IRQHandler
    startup_stm32g030xx.o(RESET) refers to stm32g0xx_it.o(i.DMA1_Ch4_5_DMAMUX1_OVR_IRQHandler) for DMA1_Ch4_5_DMAMUX1_OVR_IRQHandler
    startup_stm32g030xx.o(RESET) refers to stm32g0xx_it.o(i.ADC1_IRQHandler) for ADC1_IRQHandler
    startup_stm32g030xx.o(RESET) refers to stm32g0xx_it.o(i.TIM3_IRQHandler) for TIM3_IRQHandler
    startup_stm32g030xx.o(RESET) refers to stm32g0xx_it.o(i.TIM14_IRQHandler) for TIM14_IRQHandler
    startup_stm32g030xx.o(RESET) refers to stm32g0xx_it.o(i.TIM16_IRQHandler) for TIM16_IRQHandler
    startup_stm32g030xx.o(RESET) refers to stm32g0xx_it.o(i.USART1_IRQHandler) for USART1_IRQHandler
    startup_stm32g030xx.o(RESET) refers to stm32g0xx_it.o(i.USART2_IRQHandler) for USART2_IRQHandler
    startup_stm32g030xx.o(.text) refers to system_stm32g0xx.o(i.SystemInit) for SystemInit
    startup_stm32g030xx.o(.text) refers to entry.o(.ARM.Collect$$$$00000000) for __main
    main.o(i.HAL_GPIO_EXTI_Falling_Callback) refers to stm32g0xx_hal_adc.o(i.HAL_ADC_Start_DMA) for HAL_ADC_Start_DMA
    main.o(i.HAL_GPIO_EXTI_Falling_Callback) refers to stm32g0xx_hal_tim.o(i.HAL_TIM_Base_Start_IT) for HAL_TIM_Base_Start_IT
    main.o(i.HAL_GPIO_EXTI_Falling_Callback) refers to stm32g0xx_hal.o(i.HAL_ResumeTick) for HAL_ResumeTick
    main.o(i.HAL_GPIO_EXTI_Falling_Callback) refers to stm32g0xx_hal_gpio.o(i.HAL_GPIO_ReadPin) for HAL_GPIO_ReadPin
    main.o(i.HAL_GPIO_EXTI_Falling_Callback) refers to main.o(.data) for .data
    main.o(i.HAL_GPIO_EXTI_Falling_Callback) refers to main.o(.bss) for .bss
    main.o(i.HAL_GPIO_EXTI_Falling_Callback) refers to adc.o(.bss) for hadc1
    main.o(i.HAL_GPIO_EXTI_Falling_Callback) refers to tim.o(.bss) for htim14
    main.o(i.HAL_TIM_PeriodElapsedCallback) refers to sn74hc595.o(i.Display_Scan) for Display_Scan
    main.o(i.HAL_TIM_PeriodElapsedCallback) refers to tim.o(.bss) for htim14
    main.o(i.HAL_TIM_PeriodElapsedCallback) refers to main.o(.data) for .data
    main.o(i.HAL_UARTEx_RxEventCallback) refers to stm32g0xx_hal_uart.o(i.HAL_UART_Transmit_DMA) for HAL_UART_Transmit_DMA
    main.o(i.HAL_UARTEx_RxEventCallback) refers to stm32g0xx_hal_uart_ex.o(i.HAL_UARTEx_ReceiveToIdle_DMA) for HAL_UARTEx_ReceiveToIdle_DMA
    main.o(i.HAL_UARTEx_RxEventCallback) refers to usart.o(.bss) for huart2
    main.o(i.HAL_UARTEx_RxEventCallback) refers to main.o(.bss) for .bss
    main.o(i.SMG_Display) refers to sn74hc595.o(i.LED6_RST) for LED6_RST
    main.o(i.SMG_Display) refers to fmul.o(.text) for __aeabi_fmul
    main.o(i.SMG_Display) refers to ffixui.o(.text) for __aeabi_f2uiz
    main.o(i.SMG_Display) refers to uidiv.o(.text) for __aeabi_uidivmod
    main.o(i.SMG_Display) refers to main.o(.data) for .data
    main.o(i.SystemClock_Config) refers to memseta.o(.text) for __aeabi_memclr4
    main.o(i.SystemClock_Config) refers to stm32g0xx_hal_pwr_ex.o(i.HAL_PWREx_ControlVoltageScaling) for HAL_PWREx_ControlVoltageScaling
    main.o(i.SystemClock_Config) refers to stm32g0xx_hal_pwr.o(i.HAL_PWR_EnableBkUpAccess) for HAL_PWR_EnableBkUpAccess
    main.o(i.SystemClock_Config) refers to stm32g0xx_hal_rcc.o(i.HAL_RCC_OscConfig) for HAL_RCC_OscConfig
    main.o(i.SystemClock_Config) refers to stm32g0xx_hal_rcc.o(i.HAL_RCC_ClockConfig) for HAL_RCC_ClockConfig
    main.o(i.SystemClock_Config) refers to stm32g0xx_hal_rcc.o(i.HAL_RCC_EnableLSECSS) for HAL_RCC_EnableLSECSS
    main.o(i.convertCALvoltage) refers to dfltui.o(.text) for __aeabi_ui2d
    main.o(i.convertCALvoltage) refers to ddiv.o(.text) for __aeabi_ddiv
    main.o(i.convertCALvoltage) refers to d2f.o(.text) for __aeabi_d2f
    main.o(i.convertCALvoltage) refers to dflti.o(.text) for __aeabi_i2d
    main.o(i.convertCALvoltage) refers to dmul.o(.text) for __aeabi_dmul
[...]
    i.HAL_RCCEx_PeriphCLKConfig              0x08002174   Section        0  stm32g0xx_hal_rcc_ex.o(i.HAL_RCCEx_PeriphCLKConfig)
    i.HAL_RCC_ClockConfig                    0x080022c0   Section        0  stm32g0xx_hal_rcc.o(i.HAL_RCC_ClockConfig)
    i.HAL_RCC_EnableLSECSS                   0x08002418   Section        0  stm32g0xx_hal_rcc.o(i.HAL_RCC_EnableLSECSS)
    i.HAL_RCC_GetPCLK1Freq                   0x08002428   Section        0  stm32g0xx_hal_rcc.o(i.HAL_RCC_GetPCLK1Freq)
    i.HAL_RCC_GetSysClockFreq                0x08002450   Section        0  stm32g0xx_hal_rcc.o(i.HAL_RCC_GetSysClockFreq)
    i.HAL_RCC_OscConfig                      0x080024dc   Section        0  stm32g0xx_hal_rcc.o(i.HAL_RCC_OscConfig)
    i.HAL_RTCEx_SetWakeUpTimer_IT            0x080028b4   Section        0  stm32g0xx_hal_rtc_ex.o(i.HAL_RTCEx_SetWakeUpTimer_IT)
    i.HAL_RTCEx_WakeUpTimerEventCallback     0x08002978   Section        0  stm32g0xx_hal_rtc_ex.o(i.HAL_RTCEx_WakeUpTimerEventCallback)
    i.HAL_RTCEx_WakeUpTimerIRQHandler        0x0800297a   Section        0  stm32g0xx_hal_rtc_ex.o(i.HAL_RTCEx_WakeUpTimerIRQHandler)
    i.HAL_RTC_Init                           0x0800299c   Section        0  stm32g0xx_hal_rtc.o(i.HAL_RTC_Init)
    i.HAL_RTC_MspInit                        0x08002a4c   Section        0  rtc.o(i.HAL_RTC_MspInit)
    i.HAL_RTC_SetDate                        0x08002ab4   Section        0  stm32g0xx_hal_rtc.o(i.HAL_RTC_SetDate)
    i.HAL_RTC_SetTime                        0x08002b50   Section        0  stm32g0xx_hal_rtc.o(i.HAL_RTC_SetTime)
    i.HAL_RTC_WaitForSynchro                 0x08002c10   Section        0  stm32g0xx_hal_rtc.o(i.HAL_RTC_WaitForSynchro)
    i.HAL_ResumeTick                         0x08002c44   Section        0  stm32g0xx_hal.o(i.HAL_ResumeTick)
    i.HAL_SPI_Init                           0x08002c54   Section        0  stm32g0xx_hal_spi.o(i.HAL_SPI_Init)
    i.HAL_SPI_MspInit                        0x08002d44   Section        0  spi.o(i.HAL_SPI_MspInit)
    i.HAL_SYSTICK_Config                     0x08002ddc   Section        0  stm32g0xx_hal_cortex.o(i.HAL_SYSTICK_Config)
    i.HAL_SuspendTick                        0x08002e0c   Section        0  stm32g0xx_hal.o(i.HAL_SuspendTick)
    i.HAL_TIMEx_Break2Callback               0x08002e1c   Section        0  stm32g0xx_hal_tim_ex.o(i.HAL_TIMEx_Break2Callback)
    i.HAL_TIMEx_BreakCallback                0x08002e1e   Section        0  stm32g0xx_hal_tim_ex.o(i.HAL_TIMEx_BreakCallback)
    i.HAL_TIMEx_CommutCallback               0x08002e20   Section        0  stm32g0xx_hal_tim_ex.o(i.HAL_TIMEx_CommutCallback)
    i.HAL_TIMEx_MasterConfigSynchronization  0x08002e24   Section        0  stm32g0xx_hal_tim_ex.o(i.HAL_TIMEx_MasterConfigSynchronization)
    i.HAL_TIM_Base_Init                      0x08002e88   Section        0  stm32g0xx_hal_tim.o(i.HAL_TIM_Base_Init)
    i.HAL_TIM_Base_MspInit                   0x08002ed4   Section        0  tim.o(i.HAL_TIM_Base_MspInit)
    i.HAL_TIM_Base_Start                     0x08002f74   Section        0  stm32g0xx_hal_tim.o(i.HAL_TIM_Base_Start)
    i.HAL_TIM_Base_Start_IT                  0x08002fbc   Section        0  stm32g0xx_hal_tim.o(i.HAL_TIM_Base_Start_IT)
    i.HAL_TIM_Base_Stop                      0x0800300c   Section        0  stm32g0xx_hal_tim.o(i.HAL_TIM_Base_Stop)
    i.HAL_TIM_Base_Stop_IT                   0x08003034   Section        0  stm32g0xx_hal_tim.o(i.HAL_TIM_Base_Stop_IT)
    i.HAL_TIM_ConfigClockSource              0x08003068   Section        0  stm32g0xx_hal_tim.o(i.HAL_TIM_ConfigClockSource)
    i.HAL_TIM_IC_CaptureCallback             0x08003148   Section        0  stm32g0xx_hal_tim.o(i.HAL_TIM_IC_CaptureCallback)
    i.HAL_TIM_IRQHandler                     0x0800314c   Section        0  stm32g0xx_hal_tim.o(i.HAL_TIM_IRQHandler)
    i.HAL_TIM_OC_DelayElapsedCallback        0x08003294   Section        0  stm32g0xx_hal_tim.o(i.HAL_TIM_OC_DelayElapsedCallback)
    i.HAL_TIM_PWM_PulseFinishedCallback      0x08003296   Section        0  stm32g0xx_hal_tim.o(i.HAL_TIM_PWM_PulseFinishedCallback)
    i.HAL_TIM_PeriodElapsedCallback          0x08003298   Section        0  main.o(i.HAL_TIM_PeriodElapsedCallback)
    i.HAL_TIM_TriggerCallback                0x080032cc   Section        0  stm32g0xx_hal_tim.o(i.HAL_TIM_TriggerCallback)
    i.HAL_UARTEx_DisableFifoMode             0x080032ce   Section        0  stm32g0xx_hal_uart_ex.o(i.HAL_UARTEx_DisableFifoMode)
    i.HAL_UARTEx_ReceiveToIdle_DMA           0x0800330a   Section        0  stm32g0xx_hal_uart_ex.o(i.HAL_UARTEx_ReceiveToIdle_DMA)
    i.HAL_UARTEx_RxEventCallback             0x08003378   Section        0  main.o(i.HAL_UARTEx_RxEventCallback)
    i.HAL_UARTEx_RxFifoFullCallback          0x080033b0   Section        0  stm32g0xx_hal_uart_ex.o(i.HAL_UARTEx_RxFifoFullCallback)
    i.HAL_UARTEx_SetRxFifoThreshold          0x080033b2   Section        0  stm32g0xx_hal_uart_ex.o(i.HAL_UARTEx_SetRxFifoThreshold)
    i.HAL_UARTEx_SetTxFifoThreshold          0x080033fa   Section        0  stm32g0xx_hal_uart_ex.o(i.HAL_UARTEx_SetTxFifoThreshold)
    i.HAL_UARTEx_TxFifoEmptyCallback         0x08003440   Section        0  stm32g0xx_hal_uart_ex.o(i.HAL_UARTEx_TxFifoEmptyCallback)
    i.HAL_UARTEx_WakeupCallback              0x08003442   Section        0  stm32g0xx_hal_uart_ex.o(i.HAL_UARTEx_WakeupCallback)
    i.HAL_UART_AbortTransmit                 0x08003444   Section        0  stm32g0xx_hal_uart.o(i.HAL_UART_AbortTransmit)
    i.HAL_UART_ErrorCallback                 0x080034e2   Section        0  stm32g0xx_hal_uart.o(i.HAL_UART_ErrorCallback)
    i.HAL_UART_IRQHandler                    0x080034e4   Section        0  stm32g0xx_hal_uart.o(i.HAL_UART_IRQHandler)
    i.HAL_UART_Init                          0x080037d4   Section        0  stm32g0xx_hal_uart.o(i.HAL_UART_Init)
    i.HAL_UART_MspInit                       0x08003840   Section        0  usart.o(i.HAL_UART_MspInit)
    i.HAL_UART_RxCpltCallback                0x08003984   Section        0  stm32g0xx_hal_uart.o(i.HAL_UART_RxCpltCallback)
    i.HAL_UART_RxHalfCpltCallback            0x08003986   Section        0  stm32g0xx_hal_uart.o(i.HAL_UART_RxHalfCpltCallback)
    i.HAL_UART_Transmit                      0x08003988   Section        0  stm32g0xx_hal_uart.o(i.HAL_UART_Transmit)
    i.HAL_UART_Transmit_DMA                  0x08003a58   Section        0  stm32g0xx_hal_uart.o(i.HAL_UART_Transmit_DMA)
    i.HAL_UART_TxCpltCallback                0x08003b04   Section        0  stm32g0xx_hal_uart.o(i.HAL_UART_TxCpltCallback)
    i.HAL_UART_TxHalfCpltCallback            0x08003b06   Section        0  stm32g0xx_hal_uart.o(i.HAL_UART_TxHalfCpltCallback)
    i.HardFault_Handler                      0x08003b08   Section        0  stm32g0xx_it.o(i.HardFault_Handler)
    i.I2C_Flush_TXDR                         0x08003b0a   Section        0  stm32g0xx_hal_i2c.o(i.I2C_Flush_TXDR)
    I2C_Flush_TXDR                           0x08003b0b   Thumb Code    34  stm32g0xx_hal_i2c.o(i.I2C_Flush_TXDR)
    i.I2C_IsErrorOccurred                    0x08003b2c   Section        0  stm32g0xx_hal_i2c.o(i.I2C_IsErrorOccurred)
    I2C_IsErrorOccurred                      0x08003b2d   Thumb Code   266  stm32g0xx_hal_i2c.o(i.I2C_IsErrorOccurred)
    i.I2C_TransferConfig                     0x08003c3c   Section        0  stm32g0xx_hal_i2c.o(i.I2C_TransferConfig)
    I2C_TransferConfig                       0x08003c3d   Thumb Code    38  stm32g0xx_hal_i2c.o(i.I2C_TransferConfig)
    i.I2C_WaitOnFlagUntilTimeout             0x08003c68   Section        0  stm32g0xx_hal_i2c.o(i.I2C_WaitOnFlagUntilTimeout)
    I2C_WaitOnFlagUntilTimeout               0x08003c69   Thumb Code   114  stm32g0xx_hal_i2c.o(i.I2C_WaitOnFlagUntilTimeout)
    i.I2C_WaitOnRXNEFlagUntilTimeout         0x08003cdc   Section        0  stm32g0xx_hal_i2c.o(i.I2C_WaitOnRXNEFlagUntilTimeout)
    I2C_WaitOnRXNEFlagUntilTimeout           0x08003cdd   Thumb Code   158  stm32g0xx_hal_i2c.o(i.I2C_WaitOnRXNEFlagUntilTimeout)
    i.I2C_WaitOnSTOPFlagUntilTimeout         0x08003d80   Section        0  stm32g0xx_hal_i2c.o(i.I2C_WaitOnSTOPFlagUntilTimeout)
    I2C_WaitOnSTOPFlagUntilTimeout           0x08003d81   Thumb Code    86  stm32g0xx_hal_i2c.o(i.I2C_WaitOnSTOPFlagUntilTimeout)
    i.I2C_WaitOnTXISFlagUntilTimeout         0x08003dd6   Section        0  stm32g0xx_hal_i2c.o(i.I2C_WaitOnTXISFlagUntilTimeout)
    I2C_WaitOnTXISFlagUntilTimeout           0x08003dd7   Thumb Code    90  stm32g0xx_hal_i2c.o(i.I2C_WaitOnTXISFlagUntilTimeout)
    i.LED6_RST                               0x08003e30   Section        0  sn74hc595.o(i.LED6_RST)
    i.LED_Init                               0x08003e48   Section        0  led.o(i.LED_Init)
    i.LL_ADC_IsEnabled                       0x08003e80   Section        0  stm32g0xx_hal_adc.o(i.LL_ADC_IsEnabled)
    LL_ADC_IsEnabled                         0x08003e81   Thumb Code     8  stm32g0xx_hal_adc.o(i.LL_ADC_IsEnabled)
    i.LL_ADC_IsEnabled                       0x08003e88   Section        0  stm32g0xx_hal_adc_ex.o(i.LL_ADC_IsEnabled)
    LL_ADC_IsEnabled                         0x08003e89   Thumb Code     8  stm32g0xx_hal_adc_ex.o(i.LL_ADC_IsEnabled)
    i.LL_ADC_REG_IsConversionOngoing         0x08003e90   Section        0  stm32g0xx_hal_adc.o(i.LL_ADC_REG_IsConversionOngoing)
    LL_ADC_REG_IsConversionOngoing           0x08003e91   Thumb Code     8  stm32g0xx_hal_adc.o(i.LL_ADC_REG_IsConversionOngoing)
    i.LL_ADC_REG_IsTriggerSourceSWStart      0x08003e98   Section        0  stm32g0xx_hal_adc.o(i.LL_ADC_REG_IsTriggerSourceSWStart)
    LL_ADC_REG_IsTriggerSourceSWStart        0x08003e99   Thumb Code    16  stm32g0xx_hal_adc.o(i.LL_ADC_REG_IsTriggerSourceSWStart)
    i.LL_ADC_SetCommonPathInternalCh         0x08003ea8   Section        0  stm32g0xx_hal_adc.o(i.LL_ADC_SetCommonPathInternalCh)
    LL_ADC_SetCommonPathInternalCh           0x08003ea9   Thumb Code    14  stm32g0xx_hal_adc.o(i.LL_ADC_SetCommonPathInternalCh)
    i.LL_ADC_SetSamplingTimeCommonChannels   0x08003eb6   Section        0  stm32g0xx_hal_adc.o(i.LL_ADC_SetSamplingTimeCommonChannels)
    LL_ADC_SetSamplingTimeCommonChannels     0x08003eb7   Thumb Code    22  stm32g0xx_hal_adc.o(i.LL_ADC_SetSamplingTimeCommonChannels)
    i.MX_ADC1_Init                           0x08003ecc   Section        0  adc.o(i.MX_ADC1_Init)
    i.MX_DMA_Init                            0x08003fb0   Section        0  dma.o(i.MX_DMA_Init)
    i.MX_GPIO_Init                           0x08003ff8   Section        0  gpio.o(i.MX_GPIO_Init)
    i.MX_I2C1_Init                           0x080040cc   Section        0  i2c.o(i.MX_I2C1_Init)
    i.MX_RTC_Init                            0x08004124   Section        0  rtc.o(i.MX_RTC_Init)
    i.MX_SPI1_Init                           0x080041c4   Section        0  spi.o(i.MX_SPI1_Init)
    i.MX_TIM14_Init                          0x08004210   Section        0  tim.o(i.MX_TIM14_Init)
    i.MX_TIM16_Init                          0x08004244   Section        0  tim.o(i.MX_TIM16_Init)
    i.MX_TIM1_Init                           0x0800427c   Section        0  tim.o(i.MX_TIM1_Init)
    i.MX_TIM3_Init                           0x080042ec   Section        0  tim.o(i.MX_TIM3_Init)
    i.MX_USART1_UART_Init                    0x0800435c   Section        0  usart.o(i.MX_USART1_UART_Init)
    i.MX_USART2_UART_Init                    0x080043c4   Section        0  usart.o(i.MX_USART2_UART_Init)
    i.NMI_Handler                            0x08004400   Section        0  stm32g0xx_it.o(i.NMI_Handler)
    i.PendSV_Handler                         0x08004402   Section        0  stm32g0xx_it.o(i.PendSV_Handler)
    i.RTC_ByteToBcd2                         0x08004404   Section        0  stm32g0xx_hal_rtc.o(i.RTC_ByteToBcd2)
    i.RTC_EnterInitMode                      0x0800441c   Section        0  stm32g0xx_hal_rtc.o(i.RTC_EnterInitMode)
    i.RTC_ExitInitMode                       0x08004460   Section        0  stm32g0xx_hal_rtc.o(i.RTC_ExitInitMode)
    i.RTC_TAMP_IRQHandler                    0x080044b0   Section        0  stm32g0xx_it.o(i.RTC_TAMP_IRQHandler)
    i.SHT40_Read                             0x080044c0   Section        0  sht40.o(i.SHT40_Read)
    i.SMG_Display                            0x08004558   Section        0  main.o(i.SMG_Display)
    i.SN74HC595_Out                          0x08004604   Section        0  sn74hc595.o(i.SN74HC595_Out)
    i.SN74HC595_Write                        0x08004634   Section        0  sn74hc595.o(i.SN74HC595_Write)
    i.SVC_Handler                            0x08004688   Section        0  stm32g0xx_it.o(i.SVC_Handler)
    i.SysTick_Handler                        0x0800468a   Section        0  stm32g0xx_it.o(i.SysTick_Handler)
    i.SystemClock_Config                     0x08004694   Section        0  main.o(i.SystemClock_Config)
    i.SystemInit                             0x0800471c   Section        0  system_stm32g0xx.o(i.SystemInit)
    i.TIM14_IRQHandler                       0x08004720   Section        0  stm32g0xx_it.o(i.TIM14_IRQHandler)
    i.TIM16_IRQHandler                       0x08004730   Section        0  stm32g0xx_it.o(i.TIM16_IRQHandler)
    i.TIM3_IRQHandler                        0x08004740   Section        0  stm32g0xx_it.o(i.TIM3_IRQHandler)
    i.TIM_Base_SetConfig                     0x08004750   Section        0  stm32g0xx_hal_tim.o(i.TIM_Base_SetConfig)
    i.TIM_ETR_SetConfig                      0x080047d8   Section        0  stm32g0xx_hal_tim.o(i.TIM_ETR_SetConfig)
    i.TIM_ITRx_SetConfig                     0x080047f0   Section        0  stm32g0xx_hal_tim.o(i.TIM_ITRx_SetConfig)
    TIM_ITRx_SetConfig                       0x080047f1   Thumb Code    16  stm32g0xx_hal_tim.o(i.TIM_ITRx_SetConfig)
    i.TIM_TI1_ConfigInputStage               0x08004804   Section        0  stm32g0xx_hal_tim.o(i.TIM_TI1_ConfigInputStage)
    TIM_TI1_ConfigInputStage                 0x08004805   Thumb Code    34  stm32g0xx_hal_tim.o(i.TIM_TI1_ConfigInputStage)
    i.TIM_TI2_ConfigInputStage               0x08004826   Section        0  stm32g0xx_hal_tim.o(i.TIM_TI2_ConfigInputStage)
    TIM_TI2_ConfigInputStage                 0x08004827   Thumb Code    38  stm32g0xx_hal_tim.o(i.TIM_TI2_ConfigInputStage)
    i.UARTEx_SetNbDataToProcess              0x0800484c   Section        0  stm32g0xx_hal_uart_ex.o(i.UARTEx_SetNbDataToProcess)
    UARTEx_SetNbDataToProcess                0x0800484d   Thumb Code    62  stm32g0xx_hal_uart_ex.o(i.UARTEx_SetNbDataToProcess)
    i.UART_AdvFeatureConfig                  0x08004890   Section        0  stm32g0xx_hal_uart.o(i.UART_AdvFeatureConfig)
    i.UART_CheckIdleState                    0x0800495c   Section        0  stm32g0xx_hal_uart.o(i.UART_CheckIdleState)
    i.UART_DMAAbortOnError                   0x08004a14   Section        0  stm32g0xx_hal_uart.o(i.UART_DMAAbortOnError)
    UART_DMAAbortOnError                     0x08004a15   Thumb Code    20  stm32g0xx_hal_uart.o(i.UART_DMAAbortOnError)
    i.UART_DMAError                          0x08004a28   Section        0  stm32g0xx_hal_uart.o(i.UART_DMAError)
    UART_DMAError                            0x08004a29   Thumb Code    78  stm32g0xx_hal_uart.o(i.UART_DMAError)
    i.UART_DMAReceiveCplt                    0x08004a76   Section        0  stm32g0xx_hal_uart.o(i.UART_DMAReceiveCplt)
    UART_DMAReceiveCplt                      0x08004a77   Thumb Code   156  stm32g0xx_hal_uart.o(i.UART_DMAReceiveCplt)
    i.UART_DMARxHalfCplt                     0x08004b12   Section        0  stm32g0xx_hal_uart.o(i.UART_DMARxHalfCplt)
    UART_DMARxHalfCplt                       0x08004b13   Thumb Code    32  stm32g0xx_hal_uart.o(i.UART_DMARxHalfCplt)
    i.UART_DMATransmitCplt                   0x08004b32   Section        0  stm32g0xx_hal_uart.o(i.UART_DMATransmitCplt)
    UART_DMATransmitCplt                     0x08004b33   Thumb Code    76  stm32g0xx_hal_uart.o(i.UART_DMATransmitCplt)
    i.UART_DMATxHalfCplt                     0x08004b7e   Section        0  stm32g0xx_hal_uart.o(i.UART_DMATxHalfCplt)
    UART_DMATxHalfCplt                       0x08004b7f   Thumb Code    10  stm32g0xx_hal_uart.o(i.UART_DMATxHalfCplt)
    i.UART_EndRxTransfer                     0x08004b88   Section        0  stm32g0xx_hal_uart.o(i.UART_EndRxTransfer)
    UART_EndRxTransfer                       0x08004b89   Thumb Code    96  stm32g0xx_hal_uart.o(i.UART_EndRxTransfer)
    i.UART_EndTxTransfer                     0x08004bec   Section        0  stm32g0xx_hal_uart.o(i.UART_EndTxTransfer)
    UART_EndTxTransfer                       0x08004bed   Thumb Code    60  stm32g0xx_hal_uart.o(i.UART_EndTxTransfer)
    i.UART_SetConfig                         0x08004c28   Section        0  stm32g0xx_hal_uart.o(i.UART_SetConfig)
    i.UART_Start_Receive_DMA                 0x08004d90   Section        0  stm32g0xx_hal_uart.o(i.UART_Start_Receive_DMA)
    i.UART_WaitOnFlagUntilTimeout            0x08004e3c   Section        0  stm32g0xx_hal_uart.o(i.UART_WaitOnFlagUntilTimeout)
    i.USART1_IRQHandler                      0x08004ecc   Section        0  stm32g0xx_it.o(i.USART1_IRQHandler)
    i.USART2_IRQHandler                      0x08004edc   Section        0  stm32g0xx_it.o(i.USART2_IRQHandler)
    i.__0printf                              0x08004eec   Section        0  printfa.o(i.__0printf)
    i.__ARM_clz                              0x08004f0c   Section        0  depilogue.o(i.__ARM_clz)
    i.__NVIC_SetPriority                     0x08004f3c   Section        0  stm32g0xx_hal_cortex.o(i.__NVIC_SetPriority)
    __NVIC_SetPriority                       0x08004f3d   Thumb Code    60  stm32g0xx_hal_cortex.o(i.__NVIC_SetPriority)
    i.__scatterload_copy                     0x08004f80   Section       14  handlers.o(i.__scatterload_copy)
    i.__scatterload_null                     0x08004f8e   Section        2  handlers.o(i.__scatterload_null)
    i.__scatterload_zeroinit                 0x08004f90   Section       14  handlers.o(i.__scatterload_zeroinit)
    i._fp_digits                             0x08004fa0   Section        0  printfa.o(i._fp_digits)
    _fp_digits                               0x08004fa1   Thumb Code   344  printfa.o(i._fp_digits)
    i._printf_core                           0x08005114   Section        0  printfa.o(i._printf_core)
    _printf_core                             0x08005115   Thumb Code  1760  printfa.o(i._printf_core)
    i._printf_post_padding                   0x08005804   Section        0  printfa.o(i._printf_post_padding)
    _printf_post_padding                     0x08005805   Thumb Code    32  printfa.o(i._printf_post_padding)
    i._printf_pre_padding                    0x08005824   Section        0  printfa.o(i._printf_pre_padding)
    _printf_pre_padding                      0x08005825   Thumb Code    44  printfa.o(i._printf_pre_padding)
    i.convertCALvoltage                      0x08005850   Section        0  main.o(i.convertCALvoltage)
    i.delay_us                               0x080058e4   Section        0  sn74hc595.o(i.delay_us)
    i.fputc                                  0x08005914   Section        0  main.o(i.fputc)
    i.main                                   0x08005934   Section        0  main.o(i.main)
    .constdata                               0x08005b5c   Section       24  stm32g0xx_hal_uart.o(.constdata)
    .constdata                               0x08005b74   Section       16  stm32g0xx_hal_uart_ex.o(.constdata)
    numerator                                0x08005b74   Data           8  stm32g0xx_hal_uart_ex.o(.constdata)
    denominator                              0x08005b7c   Data           8  stm32g0xx_hal_uart_ex.o(.constdata)
    .constdata                               0x08005b84   Section       64  system_stm32g0xx.o(.constdata)
    .constdata                               0x08005bc4   Section       32  system_stm32g0xx.o(.constdata)
    .conststring                             0x08005be4   Section       81  main.o(.conststring)
    .data                                    0x20000000   Section       42  main.o(.data)
    .data                                    0x2000002a   Section        1  main.o(.data)
    .data                                    0x2000002c   Section       12  stm32g0xx_hal.o(.data)
    .data                                    0x20000038   Section        4  system_stm32g0xx.o(.data)
    .data                                    0x2000003c   Section       51  sn74hc595.o(.data)
    .data                                    0x20000070   Section        4  stdout.o(.data)
    .bss                                     0x20000074   Section       82  main.o(.bss)
    .bss                                     0x200000c8   Section      192  adc.o(.bss)
    .bss                                     0x20000188   Section       84  i2c.o(.bss)
    .bss                                     0x200001dc   Section       44  rtc.o(.bss)
    .bss                                     0x20000208   Section      192  spi.o(.bss)
    .bss                                     0x200002c8   Section      304  tim.o(.bss)
    .bss                                     0x200003f8   Section      480  usart.o(.bss)
    STACK                                    0x200005d8   Section     1024  startup_stm32g030xx.o(STACK)

    Global Symbols

    Symbol Name                              Value     Ov Type        Size  Object(Section)

    BuildAttributes$$THM_ISAv3M$S$PE$A:L22$X:L11$S22$IEEE1$IW$USESV6$~STKCKD$USESV7$~SHL$OTIME$ROPI$EBA8$MICROLIB$REQ8$PRES8$EABIv2 0x00000000   Number         0  anon$$obj.o ABSOLUTE
    __ARM_use_no_argv                        0x00000000   Number         0  main.o ABSOLUTE
    _printf_a                                0x00000000   Number         0  stubs.o ABSOLUTE
    _printf_c                                0x00000000   Number         0  stubs.o ABSOLUTE
    _printf_charcount                        0x00000000   Number         0  stubs.o ABSOLUTE
    _printf_d                                0x00000000   Number         0  stubs.o ABSOLUTE
    _printf_e                                0x00000000   Number         0  stubs.o ABSOLUTE
    _printf_f                                0x00000000   Number         0  stubs.o ABSOLUTE
    _printf_flags                            0x00000000   Number         0  stubs.o ABSOLUTE
    _printf_fp_dec                           0x00000000   Number         0  stubs.o ABSOLUTE
    _printf_fp_hex                           0x00000000   Number         0  stubs.o ABSOLUTE
    _printf_g                                0x00000000   Number         0  stubs.o ABSOLUTE
    _printf_i                                0x00000000   Number         0  stubs.o ABSOLUTE
    _printf_int_dec                          0x00000000   Number         0  stubs.o ABSOLUTE
    _printf_l                                0x00000000   Number         0  stubs.o ABSOLUTE
    _printf_lc                               0x00000000   Number         0  stubs.o ABSOLUTE
    _printf_ll                               0x00000000   Number         0  stubs.o ABSOLUTE
    _printf_lld                              0x00000000   Number         0  stubs.o ABSOLUTE
    _printf_lli                              0x00000000   Number         0  stubs.o ABSOLUTE
    _printf_llo                              0x00000000   Number         0  stubs.o ABSOLUTE
    _printf_llu                              0x00000000   Number         0  stubs.o ABSOLUTE
    _printf_llx                              0x00000000   Number         0  stubs.o ABSOLUTE
    _printf_longlong_dec                     0x00000000   Number         0  stubs.o ABSOLUTE
    _printf_longlong_hex                     0x00000000   Number         0  stubs.o ABSOLUTE
    _printf_longlong_oct                     0x00000000   Number         0  stubs.o ABSOLUTE
    _printf_ls                               0x00000000   Number         0  stubs.o ABSOLUTE
    _printf_mbtowc                           0x00000000   Number         0  stubs.o ABSOLUTE
    _printf_n                                0x00000000   Number         0  stubs.o ABSOLUTE
    _printf_o                                0x00000000   Number         0  stubs.o ABSOLUTE
    _printf_p                                0x00000000   Number         0  stubs.o ABSOLUTE
    _printf_percent                          0x00000000   Number         0  stubs.o ABSOLUTE
    _printf_pre_padding                      0x00000000   Number         0  stubs.o ABSOLUTE
    _printf_return_value                     0x00000000   Number         0  stubs.o ABSOLUTE
    _printf_s                                0x00000000   Number         0  stubs.o ABSOLUTE
    _printf_sizespec                         0x00000000   Number         0  stubs.o ABSOLUTE
    _printf_str                              0x00000000   Number         0  stubs.o ABSOLUTE
    _printf_truncate_signed                  0x00000000   Number         0  stubs.o ABSOLUTE
    _printf_truncate_unsigned                0x00000000   Number         0  stubs.o ABSOLUTE
    _printf_u                                0x00000000   Number         0  stubs.o ABSOLUTE
    _printf_wc                               0x00000000   Number         0  stubs.o ABSOLUTE
    _printf_wctomb                           0x00000000   Number         0  stubs.o ABSOLUTE
    _printf_widthprec                        0x00000000   Number         0  stubs.o ABSOLUTE
    _printf_x                                0x00000000   Number         0  stubs.o ABSOLUTE
    __arm_fini_                               - Undefined Weak Reference
    __cpp_initialize__aeabi_                  - Undefined Weak Reference
    __cxa_finalize                            - Undefined Weak Reference
    __decompress                              - Undefined Weak Reference
    _clock_init                               - Undefined Weak Reference
    _microlib_exit                            - Undefined Weak Reference
    __Vectors_Size                           0x000000c0   Number         0  startup_stm32g030xx.o ABSOLUTE
    __Vectors                                0x08000000   Data           4  startup_stm32g030xx.o(RESET)
    __Vectors_End                            0x080000c0   Data           0  startup_stm32g030xx.o(RESET)
    __main                                   0x080000c1   Thumb Code     0  entry.o(.ARM.Collect$$$$00000000)
    _main_stk                                0x080000c1   Thumb Code     0  entry2.o(.ARM.Collect$$$$00000001)
    _main_scatterload                        0x080000c5   Thumb Code     0  entry5.o(.ARM.Collect$$$$00000004)
    __main_after_scatterload                 0x080000c9   Thumb Code     0  entry5.o(.ARM.Collect$$$$00000004)
    _main_clock                              0x080000c9   Thumb Code     0  entry7b.o(.ARM.Collect$$$$00000008)
    _main_cpp_init                           0x080000c9   Thumb Code     0  entry8b.o(.ARM.Collect$$$$0000000A)
    _main_init                               0x080000c9   Thumb Code     0  entry9a.o(.ARM.Collect$$$$0000000B)
    __rt_lib_shutdown_fini                   0x080000d1   Thumb Code     0  entry12b.o(.ARM.Collect$$$$0000000E)
    __rt_final_cpp                           0x080000d5   Thumb Code     0  entry10a.o(.ARM.Collect$$$$0000000F)
    __rt_final_exit                          0x080000d5   Thumb Code     0  entry11a.o(.ARM.Collect$$$$00000011)
    Reset_Handler                            0x080000d9   Thumb Code     8  startup_stm32g030xx.o(.text)
    EXTI0_1_IRQHandler                       0x080000eb   Thumb Code     0  startup_stm32g030xx.o(.text)
    EXTI2_3_IRQHandler                       0x080000eb   Thumb Code     0  startup_stm32g030xx.o(.text)
    FLASH_IRQHandler                         0x080000eb   Thumb Code     0  startup_stm32g030xx.o(.text)
    I2C1_IRQHandler                          0x080000eb   Thumb Code     0  startup_stm32g030xx.o(.text)
    I2C2_IRQHandler                          0x080000eb   Thumb Code     0  startup_stm32g030xx.o(.text)
    RCC_IRQHandler                           0x080000eb   Thumb Code     0  startup_stm32g030xx.o(.text)
    SPI1_IRQHandler                          0x080000eb   Thumb Code     0  startup_stm32g030xx.o(.text)
    SPI2_IRQHandler                          0x080000eb   Thumb Code     0  startup_stm32g030xx.o(.text)
    TIM17_IRQHandler                         0x080000eb   Thumb Code     0  startup_stm32g030xx.o(.text)
    TIM1_BRK_UP_TRG_COM_IRQHandler           0x080000eb   Thumb Code     0  startup_stm32g030xx.o(.text)
    TIM1_CC_IRQHandler                       0x080000eb   Thumb Code     0  startup_stm32g030xx.o(.text)
    WWDG_IRQHandler                          0x080000eb   Thumb Code     0  startup_stm32g030xx.o(.text)
    __aeabi_uidiv                            0x080000f5   Thumb Code     0  uidiv.o(.text)
    __aeabi_uidivmod                         0x080000f5   Thumb Code    44  uidiv.o(.text)
    __aeabi_memset                           0x08000121   Thumb Code    14  memseta.o(.text)
    __aeabi_memset4                          0x08000121   Thumb Code     0  memseta.o(.text)
    __aeabi_memset8                          0x08000121   Thumb Code     0  memseta.o(.text)
    __aeabi_memclr                           0x0800012f   Thumb Code     4  memseta.o(.text)
    __aeabi_memclr4                          0x0800012f   Thumb Code     0  memseta.o(.text)
    __aeabi_memclr8                          0x0800012f   Thumb Code     0  memseta.o(.text)
    _memset$wrapper                          0x08000133   Thumb Code    18  memseta.o(.text)
    __aeabi_fadd                             0x08000145   Thumb Code   162  fadd.o(.text)
    __aeabi_fsub                             0x080001e7   Thumb Code     8  fadd.o(.text)
    __aeabi_frsub                            0x080001ef   Thumb Code     8  fadd.o(.text)
    __aeabi_fmul                             0x080001f7   Thumb Code   122  fmul.o(.text)
    __aeabi_fdiv                             0x08000271   Thumb Code   124  fdiv.o(.text)
    __aeabi_dadd                             0x080002ed   Thumb Code   330  dadd.o(.text)
    __aeabi_dsub                             0x08000437   Thumb Code    12  dadd.o(.text)
    __aeabi_drsub                            0x08000443   Thumb Code    12  dadd.o(.text)
    __aeabi_dmul                             0x08000455   Thumb Code   202  dmul.o(.text)
    __aeabi_ddiv                             0x08000525   Thumb Code   234  ddiv.o(.text)
    __ARM_scalbn                             0x08000615   Thumb Code    44  dscalb.o(.text)
    scalbn                                   0x08000615   Thumb Code     0  dscalb.o(.text)
    __aeabi_ui2f                             0x08000641   Thumb Code    14  ffltui.o(.text)
    __aeabi_i2d                              0x08000651   Thumb Code    34  dflti.o(.text)
    __aeabi_ui2d                             0x08000679   Thumb Code    24  dfltui.o(.text)
    __aeabi_f2uiz                            0x08000695   Thumb Code    40  ffixui.o(.text)
    __aeabi_d2uiz                            0x080006bd   Thumb Code    50  dfixui.o(.text)
    __aeabi_f2d                              0x080006f9   Thumb Code    40  f2d.o(.text)
    __aeabi_d2f                              0x08000721   Thumb Code    56  d2f.o(.text)
    __aeabi_uldivmod                         0x08000759   Thumb Code    96  uldiv.o(.text)
    __aeabi_llsl                             0x080007b9   Thumb Code    32  llshl.o(.text)
    _ll_shift_l                              0x080007b9   Thumb Code     0  llshl.o(.text)
    __aeabi_llsr                             0x080007d9   Thumb Code    34  llushr.o(.text)
    _ll_ushift_r                             0x080007d9   Thumb Code     0  llushr.o(.text)
    __aeabi_lasr                             0x080007fb   Thumb Code    38  llsshr.o(.text)
    _ll_sshift_r                             0x080007fb   Thumb Code     0  llsshr.o(.text)
    __I$use$fp                               0x08000821   Thumb Code     0  iusefp.o(.text)
    _float_round                             0x08000821   Thumb Code    16  fepilogue.o(.text)
    _float_epilogue                          0x08000831   Thumb Code   114  fepilogue.o(.text)
    _double_round                            0x080008a3   Thumb Code    26  depilogue.o(.text)
    _double_epilogue                         0x080008bd   Thumb Code   164  depilogue.o(.text)
    __aeabi_d2ulz                            0x08000961   Thumb Code    54  dfixul.o(.text)
    __aeabi_cdrcmple                         0x080009a1   Thumb Code    38  cdrcmple.o(.text)
    __scatterload                            0x080009c9   Thumb Code    28  init.o(.text)
    __scatterload_rt2                        0x080009c9   Thumb Code     0  init.o(.text)
    ADC1_IRQHandler                          0x080009ed   Thumb Code    10  stm32g0xx_it.o(i.ADC1_IRQHandler)
    ADC_ConversionStop                       0x080009fd   Thumb Code    92  stm32g0xx_hal_adc.o(i.ADC_ConversionStop)
    ADC_Disable                              0x08000b01   Thumb Code   110  stm32g0xx_hal_adc.o(i.ADC_Disable)
    ADC_Enable                               0x08000b75   Thumb Code   162  stm32g0xx_hal_adc.o(i.ADC_Enable)
    DMA1_Ch4_5_DMAMUX1_OVR_IRQHandler        0x08000c29   Thumb Code    10  stm32g0xx_it.o(i.DMA1_Ch4_5_DMAMUX1_OVR_IRQHandler)
    DMA1_Channel1_IRQHandler                 0x08000c39   Thumb Code    10  stm32g0xx_it.o(i.DMA1_Channel1_IRQHandler)
    DMA1_Channel2_3_IRQHandler               0x08000c49   Thumb Code    16  stm32g0xx_it.o(i.DMA1_Channel2_3_IRQHandler)
    Display_Scan                             0x08000d01   Thumb Code    62  sn74hc595.o(i.Display_Scan)
    EXTI4_15_IRQHandler                      0x08000d4d   Thumb Code    10  stm32g0xx_it.o(i.EXTI4_15_IRQHandler)
    Error_Handler                            0x08000d57   Thumb Code     4  main.o(i.Error_Handler)
    HAL_ADCEx_Calibration_Start              0x08000d5d   Thumb Code   336  stm32g0xx_hal_adc_ex.o(i.HAL_ADCEx_Calibration_Start)
    HAL_ADCEx_ChannelConfigReadyCallback     0x08000ebd   Thumb Code     2  stm32g0xx_hal_adc_ex.o(i.HAL_ADCEx_ChannelConfigReadyCallback)
    HAL_ADCEx_EndOfSamplingCallback          0x08000ebf   Thumb Code     2  stm32g0xx_hal_adc_ex.o(i.HAL_ADCEx_EndOfSamplingCallback)
    HAL_ADCEx_LevelOutOfWindow2Callback      0x08000ec1   Thumb Code     2  stm32g0xx_hal_adc_ex.o(i.HAL_ADCEx_LevelOutOfWindow2Callback)
    HAL_ADCEx_LevelOutOfWindow3Callback      0x08000ec3   Thumb Code     2  stm32g0xx_hal_adc_ex.o(i.HAL_ADCEx_LevelOutOfWindow3Callback)
    HAL_ADC_ConfigChannel                    0x08000ec5   Thumb Code   522  stm32g0xx_hal_adc.o(i.HAL_ADC_ConfigChannel)
    HAL_ADC_ConvCpltCallback                 0x080010e9   Thumb Code     2  stm32g0xx_hal_adc.o(i.HAL_ADC_ConvCpltCallback)
    HAL_ADC_ConvHalfCpltCallback             0x080010eb   Thumb Code     2  stm32g0xx_hal_adc.o(i.HAL_ADC_ConvHalfCpltCallback)
    HAL_ADC_ErrorCallback                    0x080010ed   Thumb Code     2  stm32g0xx_hal_adc.o(i.HAL_ADC_ErrorCallback)
    HAL_ADC_IRQHandler                       0x080010f1   Thumb Code   330  stm32g0xx_hal_adc.o(i.HAL_ADC_IRQHandler)
    HAL_ADC_Init                             0x08001241   Thumb Code   514  stm32g0xx_hal_adc.o(i.HAL_ADC_Init)
    HAL_ADC_LevelOutOfWindowCallback         0x08001461   Thumb Code     2  stm32g0xx_hal_adc.o(i.HAL_ADC_LevelOutOfWindowCallback)
    HAL_ADC_MspInit                          0x08001465   Thumb Code   180  adc.o(i.HAL_ADC_MspInit)
    HAL_ADC_Start_DMA                        0x0800152d   Thumb Code   158  stm32g0xx_hal_adc.o(i.HAL_ADC_Start_DMA)
    HAL_ADC_Stop_DMA                         0x080015e1   Thumb Code   120  stm32g0xx_hal_adc.o(i.HAL_ADC_Stop_DMA)
    HAL_DMA_Abort                            0x08001659   Thumb Code   112  stm32g0xx_hal_dma.o(i.HAL_DMA_Abort)
    HAL_DMA_Abort_IT                         0x080016cd   Thumb Code   118  stm32g0xx_hal_dma.o(i.HAL_DMA_Abort_IT)
    HAL_DMA_GetError                         0x08001749   Thumb Code     4  stm32g0xx_hal_dma.o(i.HAL_DMA_GetError)
    HAL_DMA_IRQHandler                       0x0800174d   Thumb Code   180  stm32g0xx_hal_dma.o(i.HAL_DMA_IRQHandler)
    HAL_DMA_Init                             0x08001805   Thumb Code   156  stm32g0xx_hal_dma.o(i.HAL_DMA_Init)
    HAL_DMA_Start_IT                         0x080018a9   Thumb Code   136  stm32g0xx_hal_dma.o(i.HAL_DMA_Start_IT)
    HAL_Delay                                0x08001935   Thumb Code    32  stm32g0xx_hal.o(i.HAL_Delay)
    HAL_GPIO_EXTI_Falling_Callback           0x08001959   Thumb Code    84  main.o(i.HAL_GPIO_EXTI_Falling_Callback)
    HAL_GPIO_EXTI_IRQHandler                 0x080019c5   Thumb Code    36  stm32g0xx_hal_gpio.o(i.HAL_GPIO_EXTI_IRQHandler)
    HAL_GPIO_EXTI_Rising_Callback            0x080019ed   Thumb Code     2  stm32g0xx_hal_gpio.o(i.HAL_GPIO_EXTI_Rising_Callback)
    HAL_GPIO_Init                            0x080019f1   Thumb Code   330  stm32g0xx_hal_gpio.o(i.HAL_GPIO_Init)
    HAL_GPIO_ReadPin                         0x08001b4d   Thumb Code    10  stm32g0xx_hal_gpio.o(i.HAL_GPIO_ReadPin)
    HAL_GPIO_TogglePin                       0x08001b57   Thumb Code    16  stm32g0xx_hal_gpio.o(i.HAL_GPIO_TogglePin)
    HAL_GPIO_WritePin                        0x08001b67   Thumb Code    12  stm32g0xx_hal_gpio.o(i.HAL_GPIO_WritePin)
    HAL_GetTick                              0x08001b75   Thumb Code     6  stm32g0xx_hal.o(i.HAL_GetTick)
    HAL_I2CEx_ConfigAnalogFilter             0x08001b81   Thumb Code    74  stm32g0xx_hal_i2c_ex.o(i.HAL_I2CEx_ConfigAnalogFilter)
    HAL_I2CEx_ConfigDigitalFilter            0x08001bcb   Thumb Code    72  stm32g0xx_hal_i2c_ex.o(i.HAL_I2CEx_ConfigDigitalFilter)
    HAL_I2C_Init                             0x08001c15   Thumb Code   182  stm32g0xx_hal_i2c.o(i.HAL_I2C_Init)
    HAL_I2C_Master_Receive                   0x08001cd1   Thumb Code   262  stm32g0xx_hal_i2c.o(i.HAL_I2C_Master_Receive)
    HAL_I2C_Master_Transmit                  0x08001de1   Thumb Code   304  stm32g0xx_hal_i2c.o(i.HAL_I2C_Master_Transmit)
    HAL_I2C_MspInit                          0x08001f19   Thumb Code   114  i2c.o(i.HAL_I2C_MspInit)
    HAL_IncTick                              0x08001f99   Thumb Code    12  stm32g0xx_hal.o(i.HAL_IncTick)
    HAL_Init                                 0x08001fa9   Thumb Code    36  stm32g0xx_hal.o(i.HAL_Init)
    HAL_InitTick                             0x08001fd1   Thumb Code    64  stm32g0xx_hal.o(i.HAL_InitTick)
    HAL_MspInit                              0x08002019   Thumb Code    38  stm32g0xx_hal_msp.o(i.HAL_MspInit)
    HAL_NVIC_DisableIRQ                      0x08002045   Thumb Code    26  stm32g0xx_hal_cortex.o(i.HAL_NVIC_DisableIRQ)
    HAL_NVIC_EnableIRQ                       0x08002065   Thumb Code    18  stm32g0xx_hal_cortex.o(i.HAL_NVIC_EnableIRQ)
    HAL_NVIC_SetPriority                     0x0800207d   Thumb Code     8  stm32g0xx_hal_cortex.o(i.HAL_NVIC_SetPriority)
    HAL_PWREx_ControlVoltageScaling          0x08002085   Thumb Code    62  stm32g0xx_hal_pwr_ex.o(i.HAL_PWREx_ControlVoltageScaling)
    HAL_PWREx_DisableLowPowerRunMode         0x080020d1   Thumb Code    50  stm32g0xx_hal_pwr_ex.o(i.HAL_PWREx_DisableLowPowerRunMode)
    HAL_PWREx_EnableLowPowerRunMode          0x08002111   Thumb Code    12  stm32g0xx_hal_pwr_ex.o(i.HAL_PWREx_EnableLowPowerRunMode)
    HAL_PWR_EnableBkUpAccess                 0x08002121   Thumb Code    12  stm32g0xx_hal_pwr.o(i.HAL_PWR_EnableBkUpAccess)
    HAL_PWR_EnterSLEEPMode                   0x08002131   Thumb Code    60  stm32g0xx_hal_pwr.o(i.HAL_PWR_EnterSLEEPMode)
    HAL_RCCEx_PeriphCLKConfig                0x08002175   Thumb Code   320  stm32g0xx_hal_rcc_ex.o(i.HAL_RCCEx_PeriphCLKConfig)
    HAL_RCC_ClockConfig                      0x080022c1   Thumb Code   318  stm32g0xx_hal_rcc.o(i.HAL_RCC_ClockConfig)
    HAL_RCC_EnableLSECSS                     0x08002419   Thumb Code    12  stm32g0xx_hal_rcc.o(i.HAL_RCC_EnableLSECSS)
    HAL_RCC_GetPCLK1Freq                     0x08002429   Thumb Code    26  stm32g0xx_hal_rcc.o(i.HAL_RCC_GetPCLK1Freq)
    HAL_RCC_GetSysClockFreq                  0x08002451   Thumb Code   130  stm32g0xx_hal_rcc.o(i.HAL_RCC_GetSysClockFreq)
    HAL_RCC_OscConfig                        0x080024dd   Thumb Code   946  stm32g0xx_hal_rcc.o(i.HAL_RCC_OscConfig)
    HAL_RTCEx_SetWakeUpTimer_IT              0x080028b5   Thumb Code   188  stm32g0xx_hal_rtc_ex.o(i.HAL_RTCEx_SetWakeUpTimer_IT)
    HAL_RTCEx_WakeUpTimerEventCallback       0x08002979   Thumb Code     2  stm32g0xx_hal_rtc_ex.o(i.HAL_RTCEx_WakeUpTimerEventCallback)
    HAL_RTCEx_WakeUpTimerIRQHandler          0x0800297b   Thumb Code    34  stm32g0xx_hal_rtc_ex.o(i.HAL_RTCEx_WakeUpTimerIRQHandler)
    HAL_RTC_Init                             0x0800299d   Thumb Code   172  stm32g0xx_hal_rtc.o(i.HAL_RTC_Init)
    HAL_RTC_MspInit                          0x08002a4d   Thumb Code    96  rtc.o(i.HAL_RTC_MspInit)
    HAL_RTC_SetDate                          0x08002ab5   Thumb Code   152  stm32g0xx_hal_rtc.o(i.HAL_RTC_SetDate)
    HAL_RTC_SetTime                          0x08002b51   Thumb Code   188  stm32g0xx_hal_rtc.o(i.HAL_RTC_SetTime)
    HAL_RTC_WaitForSynchro                   0x08002c11   Thumb Code    48  stm32g0xx_hal_rtc.o(i.HAL_RTC_WaitForSynchro)
    HAL_ResumeTick                           0x08002c45   Thumb Code    12  stm32g0xx_hal.o(i.HAL_ResumeTick)
    HAL_SPI_Init                             0x08002c55   Thumb Code   238  stm32g0xx_hal_spi.o(i.HAL_SPI_Init)
    HAL_SPI_MspInit                          0x08002d45   Thumb Code   132  spi.o(i.HAL_SPI_MspInit)
    HAL_SYSTICK_Config                       0x08002ddd   Thumb Code    38  stm32g0xx_hal_cortex.o(i.HAL_SYSTICK_Config)
    HAL_SuspendTick                          0x08002e0d   Thumb Code    12  stm32g0xx_hal.o(i.HAL_SuspendTick)
    HAL_TIMEx_Break2Callback                 0x08002e1d   Thumb Code     2  stm32g0xx_hal_tim_ex.o(i.HAL_TIMEx_Break2Callback)
    HAL_TIMEx_BreakCallback                  0x08002e1f   Thumb Code     2  stm32g0xx_hal_tim_ex.o(i.HAL_TIMEx_BreakCallback)
    HAL_TIMEx_CommutCallback                 0x08002e21   Thumb Code     2  stm32g0xx_hal_tim_ex.o(i.HAL_TIMEx_CommutCallback)
    HAL_TIMEx_MasterConfigSynchronization    0x08002e25   Thumb Code    90  stm32g0xx_hal_tim_ex.o(i.HAL_TIMEx_MasterConfigSynchronization)
    HAL_TIM_Base_Init                        0x08002e89   Thumb Code    76  stm32g0xx_hal_tim.o(i.HAL_TIM_Base_Init)
    HAL_TIM_Base_MspInit                     0x08002ed5   Thumb Code   140  tim.o(i.HAL_TIM_Base_MspInit)
    HAL_TIM_Base_Start                       0x08002f75   Thumb Code    60  stm32g0xx_hal_tim.o(i.HAL_TIM_Base_Start)
    HAL_TIM_Base_Start_IT                    0x08002fbd   Thumb Code    68  stm32g0xx_hal_tim.o(i.HAL_TIM_Base_Start_IT)
    HAL_TIM_Base_Stop                        0x0800300d   Thumb Code    36  stm32g0xx_hal_tim.o(i.HAL_TIM_Base_Stop)
    HAL_TIM_Base_Stop_IT                     0x08003035   Thumb Code    46  stm32g0xx_hal_tim.o(i.HAL_TIM_Base_Stop_IT)
    HAL_TIM_ConfigClockSource                0x08003069   Thumb Code   220  stm32g0xx_hal_tim.o(i.HAL_TIM_ConfigClockSource)
    HAL_TIM_IC_CaptureCallback               0x08003149   Thumb Code     2  stm32g0xx_hal_tim.o(i.HAL_TIM_IC_CaptureCallback)
    HAL_TIM_IRQHandler                       0x0800314d   Thumb Code   318  stm32g0xx_hal_tim.o(i.HAL_TIM_IRQHandler)
    HAL_TIM_OC_DelayElapsedCallback          0x08003295   Thumb Code     2  stm32g0xx_hal_tim.o(i.HAL_TIM_OC_DelayElapsedCallback)
    HAL_TIM_PWM_PulseFinishedCallback        0x08003297   Thumb Code     2  stm32g0xx_hal_tim.o(i.HAL_TIM_PWM_PulseFinishedCallback)
    HAL_TIM_PeriodElapsedCallback            0x08003299   Thumb Code    40  main.o(i.HAL_TIM_PeriodElapsedCallback)
    HAL_TIM_TriggerCallback                  0x080032cd   Thumb Code     2  stm32g0xx_hal_tim.o(i.HAL_TIM_TriggerCallback)
    HAL_UARTEx_DisableFifoMode               0x080032cf   Thumb Code    60  stm32g0xx_hal_uart_ex.o(i.HAL_UARTEx_DisableFifoMode)
    HAL_UARTEx_ReceiveToIdle_DMA             0x0800330b   Thumb Code   108  stm32g0xx_hal_uart_ex.o(i.HAL_UARTEx_ReceiveToIdle_DMA)
    HAL_UARTEx_RxEventCallback               0x08003379   Thumb Code    42  main.o(i.HAL_UARTEx_RxEventCallback)
    HAL_UARTEx_RxFifoFullCallback            0x080033b1   Thumb Code     2  stm32g0xx_hal_uart_ex.o(i.HAL_UARTEx_RxFifoFullCallback)
    HAL_UARTEx_SetRxFifoThreshold            0x080033b3   Thumb Code    72  stm32g0xx_hal_uart_ex.o(i.HAL_UARTEx_SetRxFifoThreshold)
    HAL_UARTEx_SetTxFifoThreshold            0x080033fb   Thumb Code    70  stm32g0xx_hal_uart_ex.o(i.HAL_UARTEx_SetTxFifoThreshold)
    HAL_UARTEx_TxFifoEmptyCallback           0x08003441   Thumb Code     2  stm32g0xx_hal_uart_ex.o(i.HAL_UARTEx_TxFifoEmptyCallback)
    HAL_UARTEx_WakeupCallback                0x08003443   Thumb Code     2  stm32g0xx_hal_uart_ex.o(i.HAL_UARTEx_WakeupCallback)
    HAL_UART_AbortTransmit                   0x08003445   Thumb Code   158  stm32g0xx_hal_uart.o(i.HAL_UART_AbortTransmit)
    HAL_UART_ErrorCallback                   0x080034e3   Thumb Code     2  stm32g0xx_hal_uart.o(i.HAL_UART_ErrorCallback)
    HAL_UART_IRQHandler                      0x080034e5   Thumb Code   734  stm32g0xx_hal_uart.o(i.HAL_UART_IRQHandler)
    HAL_UART_Init                            0x080037d5   Thumb Code   108  stm32g0xx_hal_uart.o(i.HAL_UART_Init)
    HAL_UART_MspInit                         0x08003841   Thumb Code   302  usart.o(i.HAL_UART_MspInit)
    HAL_UART_RxCpltCallback                  0x08003985   Thumb Code     2  stm32g0xx_hal_uart.o(i.HAL_UART_RxCpltCallback)
    HAL_UART_RxHalfCpltCallback              0x08003987   Thumb Code     2  stm32g0xx_hal_uart.o(i.HAL_UART_RxHalfCpltCallback)
    HAL_UART_Transmit                        0x08003989   Thumb Code   206  stm32g0xx_hal_uart.o(i.HAL_UART_Transmit)
    HAL_UART_Transmit_DMA                    0x08003a59   Thumb Code   158  stm32g0xx_hal_uart.o(i.HAL_UART_Transmit_DMA)
    HAL_UART_TxCpltCallback                  0x08003b05   Thumb Code     2  stm32g0xx_hal_uart.o(i.HAL_UART_TxCpltCallback)
    HAL_UART_TxHalfCpltCallback              0x08003b07   Thumb Code     2  stm32g0xx_hal_uart.o(i.HAL_UART_TxHalfCpltCallback)
    HardFault_Handler                        0x08003b09   Thumb Code     2  stm32g0xx_it.o(i.HardFault_Handler)
    LED6_RST                                 0x08003e31   Thumb Code    18  sn74hc595.o(i.LED6_RST)
    LED_Init                                 0x08003e49   Thumb Code    44  led.o(i.LED_Init)
    MX_ADC1_Init                             0x08003ecd   Thumb Code   198  adc.o(i.MX_ADC1_Init)
    MX_DMA_Init                              0x08003fb1   Thumb Code    68  dma.o(i.MX_DMA_Init)
    MX_GPIO_Init                             0x08003ff9   Thumb Code   204  gpio.o(i.MX_GPIO_Init)
    MX_I2C1_Init                             0x080040cd   Thumb Code    76  i2c.o(i.MX_I2C1_Init)
    MX_RTC_Init                              0x08004125   Thumb Code   150  rtc.o(i.MX_RTC_Init)
    MX_SPI1_Init                             0x080041c5   Thumb Code    68  spi.o(i.MX_SPI1_Init)
    MX_TIM14_Init                            0x08004211   Thumb Code    40  tim.o(i.MX_TIM14_Init)
    MX_TIM16_Init                            0x08004245   Thumb Code    42  tim.o(i.MX_TIM16_Init)
    MX_TIM1_Init                             0x0800427d   Thumb Code   100  tim.o(i.MX_TIM1_Init)
    MX_TIM3_Init                             0x080042ed   Thumb Code    98  tim.o(i.MX_TIM3_Init)
    MX_USART1_UART_Init                      0x0800435d   Thumb Code    96  usart.o(i.MX_USART1_UART_Init)
    MX_USART2_UART_Init                      0x080043c5   Thumb Code    50  usart.o(i.MX_USART2_UART_Init)
    NMI_Handler                              0x08004401   Thumb Code     2  stm32g0xx_it.o(i.NMI_Handler)
    PendSV_Handler                           0x08004403   Thumb Code     2  stm32g0xx_it.o(i.PendSV_Handler)
    RTC_ByteToBcd2                           0x08004405   Thumb Code    24  stm32g0xx_hal_rtc.o(i.RTC_ByteToBcd2)
    RTC_EnterInitMode                        0x0800441d   Thumb Code    68  stm32g0xx_hal_rtc.o(i.RTC_EnterInitMode)
    RTC_ExitInitMode                         0x08004461   Thumb Code    74  stm32g0xx_hal_rtc.o(i.RTC_ExitInitMode)
    RTC_TAMP_IRQHandler                      0x080044b1   Thumb Code    10  stm32g0xx_it.o(i.RTC_TAMP_IRQHandler)
    SHT40_Read                               0x080044c1   Thumb Code   124  sht40.o(i.SHT40_Read)
    SMG_Display                              0x08004559   Thumb Code   164  main.o(i.SMG_Display)
    SN74HC595_Out                            0x08004605   Thumb Code    42  sn74hc595.o(i.SN74HC595_Out)
    SN74HC595_Write                          0x08004635   Thumb Code    80  sn74hc595.o(i.SN74HC595_Write)
    SVC_Handler                              0x08004689   Thumb Code     2  stm32g0xx_it.o(i.SVC_Handler)
    SysTick_Handler                          0x0800468b   Thumb Code     8  stm32g0xx_it.o(i.SysTick_Handler)
    SystemClock_Config                       0x08004695   Thumb Code   130  main.o(i.SystemClock_Config)
    SystemInit                               0x0800471d   Thumb Code     2  system_stm32g0xx.o(i.SystemInit)
    TIM14_IRQHandler                         0x08004721   Thumb Code    10  stm32g0xx_it.o(i.TIM14_IRQHandler)
    TIM16_IRQHandler                         0x08004731   Thumb Code    10  stm32g0xx_it.o(i.TIM16_IRQHandler)
    TIM3_IRQHandler                          0x08004741   Thumb Code    10  stm32g0xx_it.o(i.TIM3_IRQHandler)
    TIM_Base_SetConfig                       0x08004751   Thumb Code   114  stm32g0xx_hal_tim.o(i.TIM_Base_SetConfig)
    TIM_ETR_SetConfig                        0x080047d9   Thumb Code    22  stm32g0xx_hal_tim.o(i.TIM_ETR_SetConfig)
    UART_AdvFeatureConfig                    0x08004891   Thumb Code   202  stm32g0xx_hal_uart.o(i.UART_AdvFeatureConfig)
    UART_CheckIdleState                      0x0800495d   Thumb Code   180  stm32g0xx_hal_uart.o(i.UART_CheckIdleState)
    UART_SetConfig                           0x08004c29   Thumb Code   326  stm32g0xx_hal_uart.o(i.UART_SetConfig)
    UART_Start_Receive_DMA                   0x08004d91   Thumb Code   160  stm32g0xx_hal_uart.o(i.UART_Start_Receive_DMA)
    UART_WaitOnFlagUntilTimeout              0x08004e3d   Thumb Code   144  stm32g0xx_hal_uart.o(i.UART_WaitOnFlagUntilTimeout)
    USART1_IRQHandler                        0x08004ecd   Thumb Code    10  stm32g0xx_it.o(i.USART1_IRQHandler)
    USART2_IRQHandler                        0x08004edd   Thumb Code    10  stm32g0xx_it.o(i.USART2_IRQHandler)
    __0printf                                0x08004eed   Thumb Code    24  printfa.o(i.__0printf)
    __1printf                                0x08004eed   Thumb Code     0  printfa.o(i.__0printf)
    __2printf                                0x08004eed   Thumb Code     0  printfa.o(i.__0printf)
    __c89printf                              0x08004eed   Thumb Code     0  printfa.o(i.__0printf)
    printf                                   0x08004eed   Thumb Code     0  printfa.o(i.__0printf)
    __ARM_clz                                0x08004f0d   Thumb Code    46  depilogue.o(i.__ARM_clz)
    __scatterload_copy                       0x08004f81   Thumb Code    14  handlers.o(i.__scatterload_copy)
    __scatterload_null                       0x08004f8f   Thumb Code     2  handlers.o(i.__scatterload_null)
    __scatterload_zeroinit                   0x08004f91   Thumb Code    14  handlers.o(i.__scatterload_zeroinit)
    convertCALvoltage                        0x08005851   Thumb Code   114  main.o(i.convertCALvoltage)
    delay_us                                 0x080058e5   Thumb Code    40  sn74hc595.o(i.delay_us)
    fputc                                    0x08005915   Thumb Code    26  main.o(i.fputc)
    main                                     0x08005935   Thumb Code   488  main.o(i.main)
    UARTPrescTable                           0x08005b5c   Data          24  stm32g0xx_hal_uart.o(.constdata)
    AHBPrescTable                            0x08005b84   Data          64  system_stm32g0xx.o(.constdata)
    APBPrescTable                            0x08005bc4   Data          32  system_stm32g0xx.o(.constdata)
    Region$$Table$$Base                      0x08005c38   Number         0  anon$$obj.o(Region$$Table)
    Region$$Table$$Limit                     0x08005c58   Number         0  anon$$obj.o(Region$$Table)
    display_flag                             0x20000000   Data           1  main.o(.data)
    KEY_EVENT                                0x20000001   Data           1  main.o(.data)
    flag_SLEEP                               0x20000002   Data           1  main.o(.data)
    EVENT_1100ms_cnt                         0x20000003   Data           1  main.o(.data)
    currentMode                              0x20000004   Data           1  main.o(.data)
    flag_TIM14                               0x20000005   Data           1  main.o(.data)
    EVENT_500ms                              0x20000006   Data           1  main.o(.data)
    EVENT_700ms                              0x20000007   Data           1  main.o(.data)
    EVENT_900ms                              0x20000008   Data           1  main.o(.data)
    EVENT_1100ms                             0x20000009   Data           1  main.o(.data)
    SIG_vol                                  0x2000000a   Data           2  main.o(.data)
    voltagePercent                           0x2000000c   Data           2  main.o(.data)
    vrefint                                  0x20000010   Data           4  main.o(.data)
    mcutem                                   0x20000014   Data           4  main.o(.data)
    current_huart                            0x20000018   Data           4  main.o(.data)
    temperature                              0x2000001c   Data           4  main.o(.data)
    humidity                                 0x20000020   Data           4  main.o(.data)
    LED6                                     0x20000024   Data           6  main.o(.data)
    display_index                            0x2000002a   Data           1  main.o(.data)
    uwTickFreq                               0x2000002c   Data           1  stm32g0xx_hal.o(.data)
    uwTickPrio                               0x20000030   Data           4  stm32g0xx_hal.o(.data)
    uwTick                                   0x20000034   Data           4  stm32g0xx_hal.o(.data)
    SystemCoreClock                          0x20000038   Data           4  system_stm32g0xx.o(.data)
    bit_code                                 0x2000003c   Data           8  sn74hc595.o(.data)
    t_display                                0x20000044   Data          43  sn74hc595.o(.data)
    __stdout                                 0x20000070   Data           4  stdout.o(.data)
    ADC_value                                0x20000074   Data          10  main.o(.bss)
    voltageValue                             0x20000080   Data          20  main.o(.bss)
    receiveData                              0x20000094   Data          50  main.o(.bss)
    hadc1                                    0x200000c8   Data         100  adc.o(.bss)
    hdma_adc1                                0x2000012c   Data          92  adc.o(.bss)
    hi2c1                                    0x20000188   Data          84  i2c.o(.bss)
    hrtc                                     0x200001dc   Data          44  rtc.o(.bss)
    hspi1                                    0x20000208   Data         100  spi.o(.bss)
    hdma_spi1_tx                             0x2000026c   Data          92  spi.o(.bss)
    htim1                                    0x200002c8   Data          76  tim.o(.bss)
    htim3                                    0x20000314   Data          76  tim.o(.bss)
    htim14                                   0x20000360   Data          76  tim.o(.bss)
    htim16                                   0x200003ac   Data          76  tim.o(.bss)
    huart1                                   0x200003f8   Data         148  usart.o(.bss)
    huart2                                   0x2000048c   Data         148  usart.o(.bss)
    hdma_usart2_tx                           0x20000520   Data          92  usart.o(.bss)
    hdma_usart2_rx                           0x2000057c   Data          92  usart.o(.bss)
    __initial_sp                             0x200009d8   Data           0  startup_stm32g030xx.o(STACK)



==============================================================================

Memory Map of the image

  Image Entry point : 0x080000c1

  Load Region LR_IROM1 (Base: 0x08000000, Size: 0x00005ccc, Max: 0x00008000, ABSOLUTE)

    Execution Region ER_IROM1 (Exec base: 0x08000000, Load base: 0x08000000, Size: 0x00005c58, Max: 0x00008000, ABSOLUTE)

    Exec Addr    Load Addr    Size         Type   Attr      Idx    E Section Name        Object

    0x08000000   0x08000000   0x000000c0   Data   RO            3    RESET               startup_stm32g030xx.o
    0x080000c0   0x080000c0   0x00000000   Code   RO         5339  * .ARM.Collect$$$$00000000  mc_p.l(entry.o)
    0x080000c0   0x080000c0   0x00000004   Code   RO         5641    .ARM.Collect$$$$00000001  mc_p.l(entry2.o)
    0x080000c4   0x080000c4   0x00000004   Code   RO         5644    .ARM.Collect$$$$00000004  mc_p.l(entry5.o)
    0x080000c8   0x080000c8   0x00000000   Code   RO         5646    .ARM.Collect$$$$00000008  mc_p.l(entry7b.o)
    0x080000c8   0x080000c8   0x00000000   Code   RO         5648    .ARM.Collect$$$$0000000A  mc_p.l(entry8b.o)
    0x080000c8   0x080000c8   0x00000008   Code   RO         5649    .ARM.Collect$$$$0000000B  mc_p.l(entry9a.o)
    0x080000d0   0x080000d0   0x00000004   Code   RO         5656    .ARM.Collect$$$$0000000E  mc_p.l(entry12b.o)
    0x080000d4   0x080000d4   0x00000000   Code   RO         5651    .ARM.Collect$$$$0000000F  mc_p.l(entry10a.o)
    0x080000d4   0x080000d4   0x00000000   Code   RO         5653    .ARM.Collect$$$$00000011  mc_p.l(entry11a.o)
    0x080000d4   0x080000d4   0x00000004   Code   RO         5642    .ARM.Collect$$$$00002712  mc_p.l(entry2.o)
    0x080000d8   0x080000d8   0x0000001c   Code   RO            4    .text               startup_stm32g030xx.o
    0x080000f4   0x080000f4   0x0000002c   Code   RO         5342    .text               mc_p.l(uidiv.o)
    0x08000120   0x08000120   0x00000024   Code   RO         5348    .text               mc_p.l(memseta.o)
    0x08000144   0x08000144   0x000000b2   Code   RO         5613    .text               mf_p.l(fadd.o)
    0x080001f6   0x080001f6   0x0000007a   Code   RO         5615    .text               mf_p.l(fmul.o)
    0x08000270   0x08000270   0x0000007c   Code   RO         5617    .text               mf_p.l(fdiv.o)
    0x080002ec   0x080002ec   0x00000168   Code   RO         5619    .text               mf_p.l(dadd.o)
    0x08000454   0x08000454   0x000000d0   Code   RO         5621    .text               mf_p.l(dmul.o)
    0x08000524   0x08000524   0x000000f0   Code   RO         5623    .text               mf_p.l(ddiv.o)
    0x08000614   0x08000614   0x0000002c   Code   RO         5625    .text               mf_p.l(dscalb.o)
    0x08000640   0x08000640   0x0000000e   Code   RO         5627    .text               mf_p.l(ffltui.o)
    0x0800064e   0x0800064e   0x00000002   PAD
    0x08000650   0x08000650   0x00000028   Code   RO         5629    .text               mf_p.l(dflti.o)
    0x08000678   0x08000678   0x0000001c   Code   RO         5631    .text               mf_p.l(dfltui.o)
    0x08000694   0x08000694   0x00000028   Code   RO         5633    .text               mf_p.l(ffixui.o)
    0x080006bc   0x080006bc   0x0000003c   Code   RO         5635    .text               mf_p.l(dfixui.o)
    0x080006f8   0x080006f8   0x00000028   Code   RO         5637    .text               mf_p.l(f2d.o)
    0x08000720   0x08000720   0x00000038   Code   RO         5639    .text               mf_p.l(d2f.o)
    0x08000758   0x08000758   0x00000060   Code   RO         5658    .text               mc_p.l(uldiv.o)
    0x080007b8   0x080007b8   0x00000020   Code   RO         5660    .text               mc_p.l(llshl.o)
    0x080007d8   0x080007d8   0x00000022   Code   RO         5662    .text               mc_p.l(llushr.o)
    0x080007fa   0x080007fa   0x00000026   Code   RO         5664    .text               mc_p.l(llsshr.o)
    0x08000820   0x08000820   0x00000000   Code   RO         5666    .text               mc_p.l(iusefp.o)
    0x08000820   0x08000820   0x00000082   Code   RO         5667    .text               mf_p.l(fepilogue.o)
    0x080008a2   0x080008a2   0x000000be   Code   RO         5669    .text               mf_p.l(depilogue.o)
    0x08000960   0x08000960   0x00000040   Code   RO         5673    .text               mf_p.l(dfixul.o)
    0x080009a0   0x080009a0   0x00000028   Code   RO         5675    .text               mf_p.l(cdrcmple.o)
    0x080009c8   0x080009c8   0x00000024   Code   RO         5677    .text               mc_p.l(init.o)
    0x080009ec   0x080009ec   0x00000010   Code   RO          596    i.ADC1_IRQHandler   stm32g0xx_it.o
    0x080009fc   0x080009fc   0x00000060   Code   RO          730    i.ADC_ConversionStop  stm32g0xx_hal_adc.o
    0x08000a5c   0x08000a5c   0x00000080   Code   RO          731    i.ADC_DMAConvCplt   stm32g0xx_hal_adc.o
    0x08000adc   0x08000adc   0x0000001a   Code   RO          732    i.ADC_DMAError      stm32g0xx_hal_adc.o
    0x08000af6   0x08000af6   0x0000000a   Code   RO          733    i.ADC_DMAHalfConvCplt  stm32g0xx_hal_adc.o
    0x08000b00   0x08000b00   0x00000074   Code   RO          734    i.ADC_Disable       stm32g0xx_hal_adc.o
    0x08000b74   0x08000b74   0x000000b4   Code   RO          735    i.ADC_Enable        stm32g0xx_hal_adc.o
    0x08000c28   0x08000c28   0x00000010   Code   RO          597    i.DMA1_Ch4_5_DMAMUX1_OVR_IRQHandler  stm32g0xx_it.o
    0x08000c38   0x08000c38   0x00000010   Code   RO          598    i.DMA1_Channel1_IRQHandler  stm32g0xx_it.o
    0x08000c48   0x08000c48   0x00000018   Code   RO          599    i.DMA1_Channel2_3_IRQHandler  stm32g0xx_it.o
    0x08000c60   0x08000c60   0x00000030   Code   RO         1430    i.DMA_CalcDMAMUXChannelBaseAndMask  stm32g0xx_hal_dma.o
    0x08000c90   0x08000c90   0x00000028   Code   RO         1431    i.DMA_CalcDMAMUXRequestGenBaseAndMask  stm32g0xx_hal_dma.o
    0x08000cb8   0x08000cb8   0x00000048   Code   RO         1432    i.DMA_SetConfig     stm32g0xx_hal_dma.o
    0x08000d00   0x08000d00   0x0000004c   Code   RO         5099    i.Display_Scan      sn74hc595.o
    0x08000d4c   0x08000d4c   0x0000000a   Code   RO          600    i.EXTI4_15_IRQHandler  stm32g0xx_it.o
    0x08000d56   0x08000d56   0x00000004   Code   RO           12    i.Error_Handler     main.o
    0x08000d5a   0x08000d5a   0x00000002   PAD
    0x08000d5c   0x08000d5c   0x00000160   Code   RO          944    i.HAL_ADCEx_Calibration_Start  stm32g0xx_hal_adc_ex.o
    0x08000ebc   0x08000ebc   0x00000002   Code   RO          945    i.HAL_ADCEx_ChannelConfigReadyCallback  stm32g0xx_hal_adc_ex.o
    0x08000ebe   0x08000ebe   0x00000002   Code   RO          947    i.HAL_ADCEx_EndOfSamplingCallback  stm32g0xx_hal_adc_ex.o
    0x08000ec0   0x08000ec0   0x00000002   Code   RO          948    i.HAL_ADCEx_LevelOutOfWindow2Callback  stm32g0xx_hal_adc_ex.o
    0x08000ec2   0x08000ec2   0x00000002   Code   RO          949    i.HAL_ADCEx_LevelOutOfWindow3Callback  stm32g0xx_hal_adc_ex.o
    0x08000ec4   0x08000ec4   0x00000224   Code   RO          737    i.HAL_ADC_ConfigChannel  stm32g0xx_hal_adc.o
    0x080010e8   0x080010e8   0x00000002   Code   RO          738    i.HAL_ADC_ConvCpltCallback  stm32g0xx_hal_adc.o
    0x080010ea   0x080010ea   0x00000002   Code   RO          739    i.HAL_ADC_ConvHalfCpltCallback  stm32g0xx_hal_adc.o
    0x080010ec   0x080010ec   0x00000002   Code   RO          741    i.HAL_ADC_ErrorCallback  stm32g0xx_hal_adc.o
    0x080010ee   0x080010ee   0x00000002   PAD
    0x080010f0   0x080010f0   0x00000150   Code   RO          745    i.HAL_ADC_IRQHandler  stm32g0xx_hal_adc.o
    0x08001240   0x08001240   0x00000220   Code   RO          746    i.HAL_ADC_Init      stm32g0xx_hal_adc.o
    0x08001460   0x08001460   0x00000002   Code   RO          747    i.HAL_ADC_LevelOutOfWindowCallback  stm32g0xx_hal_adc.o
    0x08001462   0x08001462   0x00000002   PAD
    0x08001464   0x08001464   0x000000c8   Code   RO          315    i.HAL_ADC_MspInit   adc.o
    0x0800152c   0x0800152c   0x000000b4   Code   RO          753    i.HAL_ADC_Start_DMA  stm32g0xx_hal_adc.o
    0x080015e0   0x080015e0   0x00000078   Code   RO          756    i.HAL_ADC_Stop_DMA  stm32g0xx_hal_adc.o
    0x08001658   0x08001658   0x00000074   Code   RO         1433    i.HAL_DMA_Abort     stm32g0xx_hal_dma.o
    0x080016cc   0x080016cc   0x0000007c   Code   RO         1434    i.HAL_DMA_Abort_IT  stm32g0xx_hal_dma.o
    0x08001748   0x08001748   0x00000004   Code   RO         1436    i.HAL_DMA_GetError  stm32g0xx_hal_dma.o
    0x0800174c   0x0800174c   0x000000b8   Code   RO         1438    i.HAL_DMA_IRQHandler  stm32g0xx_hal_dma.o
    0x08001804   0x08001804   0x000000a4   Code   RO         1439    i.HAL_DMA_Init      stm32g0xx_hal_dma.o
    0x080018a8   0x080018a8   0x0000008c   Code   RO         1443    i.HAL_DMA_Start_IT  stm32g0xx_hal_dma.o
    0x08001934   0x08001934   0x00000024   Code   RO         1902    i.HAL_Delay         stm32g0xx_hal.o
    0x08001958   0x08001958   0x0000006c   Code   RO           14    i.HAL_GPIO_EXTI_Falling_Callback  main.o
    0x080019c4   0x080019c4   0x00000028   Code   RO         1364    i.HAL_GPIO_EXTI_IRQHandler  stm32g0xx_hal_gpio.o
    0x080019ec   0x080019ec   0x00000002   Code   RO         1365    i.HAL_GPIO_EXTI_Rising_Callback  stm32g0xx_hal_gpio.o
    0x080019ee   0x080019ee   0x00000002   PAD
    0x080019f0   0x080019f0   0x0000015c   Code   RO         1366    i.HAL_GPIO_Init     stm32g0xx_hal_gpio.o
    0x08001b4c   0x08001b4c   0x0000000a   Code   RO         1368    i.HAL_GPIO_ReadPin  stm32g0xx_hal_gpio.o
    0x08001b56   0x08001b56   0x00000010   Code   RO         1369    i.HAL_GPIO_TogglePin  stm32g0xx_hal_gpio.o
    0x08001b66   0x08001b66   0x0000000c   Code   RO         1370    i.HAL_GPIO_WritePin  stm32g0xx_hal_gpio.o
    0x08001b72   0x08001b72   0x00000002   PAD
    0x08001b74   0x08001b74   0x0000000c   Code   RO         1906    i.HAL_GetTick       stm32g0xx_hal.o
    0x08001b80   0x08001b80   0x0000004a   Code   RO         2627    i.HAL_I2CEx_ConfigAnalogFilter  stm32g0xx_hal_i2c_ex.o
    0x08001bca   0x08001bca   0x00000048   Code   RO         2628    i.HAL_I2CEx_ConfigDigitalFilter  stm32g0xx_hal_i2c_ex.o
    0x08001c12   0x08001c12   0x00000002   PAD
    0x08001c14   0x08001c14   0x000000bc   Code   RO         2170    i.HAL_I2C_Init      stm32g0xx_hal_i2c.o
    0x08001cd0   0x08001cd0   0x00000110   Code   RO         2176    i.HAL_I2C_Master_Receive  stm32g0xx_hal_i2c.o
    0x08001de0   0x08001de0   0x00000138   Code   RO         2183    i.HAL_I2C_Master_Transmit  stm32g0xx_hal_i2c.o
    0x08001f18   0x08001f18   0x00000080   Code   RO          373    i.HAL_I2C_MspInit   i2c.o
    0x08001f98   0x08001f98   0x00000010   Code   RO         1912    i.HAL_IncTick       stm32g0xx_hal.o
    0x08001fa8   0x08001fa8   0x00000028   Code   RO         1913    i.HAL_Init          stm32g0xx_hal.o
    0x08001fd0   0x08001fd0   0x00000048   Code   RO         1914    i.HAL_InitTick      stm32g0xx_hal.o
    0x08002018   0x08002018   0x0000002c   Code   RO          710    i.HAL_MspInit       stm32g0xx_hal_msp.o
    0x08002044   0x08002044   0x00000020   Code   RO         1779    i.HAL_NVIC_DisableIRQ  stm32g0xx_hal_cortex.o
    0x08002064   0x08002064   0x00000018   Code   RO         1780    i.HAL_NVIC_EnableIRQ  stm32g0xx_hal_cortex.o
    0x0800207c   0x0800207c   0x00000008   Code   RO         1784    i.HAL_NVIC_SetPriority  stm32g0xx_hal_cortex.o
    0x08002084   0x08002084   0x0000004c   Code   RO         1663    i.HAL_PWREx_ControlVoltageScaling  stm32g0xx_hal_pwr_ex.o
    0x080020d0   0x080020d0   0x00000040   Code   RO         1669    i.HAL_PWREx_DisableLowPowerRunMode  stm32g0xx_hal_pwr_ex.o
    0x08002110   0x08002110   0x00000010   Code   RO         1676    i.HAL_PWREx_EnableLowPowerRunMode  stm32g0xx_hal_pwr_ex.o
    0x08002120   0x08002120   0x00000010   Code   RO         1582    i.HAL_PWR_EnableBkUpAccess  stm32g0xx_hal_pwr.o
    0x08002130   0x08002130   0x00000044   Code   RO         1586    i.HAL_PWR_EnterSLEEPMode  stm32g0xx_hal_pwr.o
    0x08002174   0x08002174   0x0000014c   Code   RO         1132    i.HAL_RCCEx_PeriphCLKConfig  stm32g0xx_hal_rcc_ex.o
    0x080022c0   0x080022c0   0x00000158   Code   RO         1016    i.HAL_RCC_ClockConfig  stm32g0xx_hal_rcc.o
    0x08002418   0x08002418   0x00000010   Code   RO         1020    i.HAL_RCC_EnableLSECSS  stm32g0xx_hal_rcc.o
    0x08002428   0x08002428   0x00000028   Code   RO         1024    i.HAL_RCC_GetPCLK1Freq  stm32g0xx_hal_rcc.o
    0x08002450   0x08002450   0x0000008c   Code   RO         1026    i.HAL_RCC_GetSysClockFreq  stm32g0xx_hal_rcc.o
    0x080024dc   0x080024dc   0x000003d8   Code   RO         1030    i.HAL_RCC_OscConfig  stm32g0xx_hal_rcc.o
    0x080028b4   0x080028b4   0x000000c4   Code   RO         2880    i.HAL_RTCEx_SetWakeUpTimer_IT  stm32g0xx_hal_rtc_ex.o
    0x08002978   0x08002978   0x00000002   Code   RO         2886    i.HAL_RTCEx_WakeUpTimerEventCallback  stm32g0xx_hal_rtc_ex.o
    0x0800297a   0x0800297a   0x00000022   Code   RO         2887    i.HAL_RTCEx_WakeUpTimerIRQHandler  stm32g0xx_hal_rtc_ex.o
    0x0800299c   0x0800299c   0x000000b0   Code   RO         2690    i.HAL_RTC_Init      stm32g0xx_hal_rtc.o
    0x08002a4c   0x08002a4c   0x00000068   Code   RO          411    i.HAL_RTC_MspInit   rtc.o
    0x08002ab4   0x08002ab4   0x0000009c   Code   RO         2696    i.HAL_RTC_SetDate   stm32g0xx_hal_rtc.o
    0x08002b50   0x08002b50   0x000000c0   Code   RO         2697    i.HAL_RTC_SetTime   stm32g0xx_hal_rtc.o
    0x08002c10   0x08002c10   0x00000034   Code   RO         2698    i.HAL_RTC_WaitForSynchro  stm32g0xx_hal_rtc.o
    0x08002c44   0x08002c44   0x00000010   Code   RO         1917    i.HAL_ResumeTick    stm32g0xx_hal.o
    0x08002c54   0x08002c54   0x000000ee   Code   RO         3128    i.HAL_SPI_Init      stm32g0xx_hal_spi.o
    0x08002d42   0x08002d42   0x00000002   PAD
    0x08002d44   0x08002d44   0x00000098   Code   RO          454    i.HAL_SPI_MspInit   spi.o
    0x08002ddc   0x08002ddc   0x00000030   Code   RO         1788    i.HAL_SYSTICK_Config  stm32g0xx_hal_cortex.o
    0x08002e0c   0x08002e0c   0x00000010   Code   RO         1925    i.HAL_SuspendTick   stm32g0xx_hal.o
    0x08002e1c   0x08002e1c   0x00000002   Code   RO         4172    i.HAL_TIMEx_Break2Callback  stm32g0xx_hal_tim_ex.o
    0x08002e1e   0x08002e1e   0x00000002   Code   RO         4173    i.HAL_TIMEx_BreakCallback  stm32g0xx_hal_tim_ex.o
    0x08002e20   0x08002e20   0x00000002   Code   RO         4174    i.HAL_TIMEx_CommutCallback  stm32g0xx_hal_tim_ex.o
    0x08002e22   0x08002e22   0x00000002   PAD
    0x08002e24   0x08002e24   0x00000064   Code   RO         4195    i.HAL_TIMEx_MasterConfigSynchronization  stm32g0xx_hal_tim_ex.o
    0x08002e88   0x08002e88   0x0000004c   Code   RO         3462    i.HAL_TIM_Base_Init  stm32g0xx_hal_tim.o
    0x08002ed4   0x08002ed4   0x000000a0   Code   RO          492    i.HAL_TIM_Base_MspInit  tim.o
    0x08002f74   0x08002f74   0x00000048   Code   RO         3465    i.HAL_TIM_Base_Start  stm32g0xx_hal_tim.o
    0x08002fbc   0x08002fbc   0x00000050   Code   RO         3467    i.HAL_TIM_Base_Start_IT  stm32g0xx_hal_tim.o
    0x0800300c   0x0800300c   0x00000028   Code   RO         3468    i.HAL_TIM_Base_Stop  stm32g0xx_hal_tim.o
    0x08003034   0x08003034   0x00000034   Code   RO         3470    i.HAL_TIM_Base_Stop_IT  stm32g0xx_hal_tim.o
    0x08003068   0x08003068   0x000000e0   Code   RO         3471    i.HAL_TIM_ConfigClockSource  stm32g0xx_hal_tim.o
    0x08003148   0x08003148   0x00000002   Code   RO         3496    i.HAL_TIM_IC_CaptureCallback  stm32g0xx_hal_tim.o
    0x0800314a   0x0800314a   0x00000002   PAD
    0x0800314c   0x0800314c   0x00000148   Code   RO         3510    i.HAL_TIM_IRQHandler  stm32g0xx_hal_tim.o
    0x08003294   0x08003294   0x00000002   Code   RO         3513    i.HAL_TIM_OC_DelayElapsedCallback  stm32g0xx_hal_tim.o
    0x08003296   0x08003296   0x00000002   Code   RO         3540    i.HAL_TIM_PWM_PulseFinishedCallback  stm32g0xx_hal_tim.o
    0x08003298   0x08003298   0x00000034   Code   RO           15    i.HAL_TIM_PeriodElapsedCallback  main.o
    0x080032cc   0x080032cc   0x00000002   Code   RO         3553    i.HAL_TIM_TriggerCallback  stm32g0xx_hal_tim.o
    0x080032ce   0x080032ce   0x0000003c   Code   RO         4887    i.HAL_UARTEx_DisableFifoMode  stm32g0xx_hal_uart_ex.o
    0x0800330a   0x0800330a   0x0000006c   Code   RO         4893    i.HAL_UARTEx_ReceiveToIdle_DMA  stm32g0xx_hal_uart_ex.o
    0x08003376   0x08003376   0x00000002   PAD
    0x08003378   0x08003378   0x00000038   Code   RO           16    i.HAL_UARTEx_RxEventCallback  main.o
    0x080033b0   0x080033b0   0x00000002   Code   RO         4895    i.HAL_UARTEx_RxFifoFullCallback  stm32g0xx_hal_uart_ex.o
    0x080033b2   0x080033b2   0x00000048   Code   RO         4896    i.HAL_UARTEx_SetRxFifoThreshold  stm32g0xx_hal_uart_ex.o
    0x080033fa   0x080033fa   0x00000046   Code   RO         4897    i.HAL_UARTEx_SetTxFifoThreshold  stm32g0xx_hal_uart_ex.o
    0x08003440   0x08003440   0x00000002   Code   RO         4899    i.HAL_UARTEx_TxFifoEmptyCallback  stm32g0xx_hal_uart_ex.o
    0x08003442   0x08003442   0x00000002   Code   RO         4900    i.HAL_UARTEx_WakeupCallback  stm32g0xx_hal_uart_ex.o
    0x08003444   0x08003444   0x0000009e   Code   RO         4486    i.HAL_UART_AbortTransmit  stm32g0xx_hal_uart.o
    0x080034e2   0x080034e2   0x00000002   Code   RO         4496    i.HAL_UART_ErrorCallback  stm32g0xx_hal_uart.o
    0x080034e4   0x080034e4   0x000002f0   Code   RO         4499    i.HAL_UART_IRQHandler  stm32g0xx_hal_uart.o
    0x080037d4   0x080037d4   0x0000006c   Code   RO         4500    i.HAL_UART_Init     stm32g0xx_hal_uart.o
    0x08003840   0x08003840   0x00000144   Code   RO          548    i.HAL_UART_MspInit  usart.o
    0x08003984   0x08003984   0x00000002   Code   RO         4507    i.HAL_UART_RxCpltCallback  stm32g0xx_hal_uart.o
    0x08003986   0x08003986   0x00000002   Code   RO         4508    i.HAL_UART_RxHalfCpltCallback  stm32g0xx_hal_uart.o
    0x08003988   0x08003988   0x000000ce   Code   RO         4509    i.HAL_UART_Transmit  stm32g0xx_hal_uart.o
    0x08003a56   0x08003a56   0x00000002   PAD
    0x08003a58   0x08003a58   0x000000ac   Code   RO         4510    i.HAL_UART_Transmit_DMA  stm32g0xx_hal_uart.o
    0x08003b04   0x08003b04   0x00000002   Code   RO         4512    i.HAL_UART_TxCpltCallback  stm32g0xx_hal_uart.o
    0x08003b06   0x08003b06   0x00000002   Code   RO         4513    i.HAL_UART_TxHalfCpltCallback  stm32g0xx_hal_uart.o
    0x08003b08   0x08003b08   0x00000002   Code   RO          601    i.HardFault_Handler  stm32g0xx_it.o
    0x08003b0a   0x08003b0a   0x00000022   Code   RO         2217    i.I2C_Flush_TXDR    stm32g0xx_hal_i2c.o
    0x08003b2c   0x08003b2c   0x00000110   Code   RO         2225    i.I2C_IsErrorOccurred  stm32g0xx_hal_i2c.o
    0x08003c3c   0x08003c3c   0x0000002c   Code   RO         2234    i.I2C_TransferConfig  stm32g0xx_hal_i2c.o
    0x08003c68   0x08003c68   0x00000072   Code   RO         2236    i.I2C_WaitOnFlagUntilTimeout  stm32g0xx_hal_i2c.o
    0x08003cda   0x08003cda   0x00000002   PAD
    0x08003cdc   0x08003cdc   0x000000a4   Code   RO         2237    i.I2C_WaitOnRXNEFlagUntilTimeout  stm32g0xx_hal_i2c.o
    0x08003d80   0x08003d80   0x00000056   Code   RO         2238    i.I2C_WaitOnSTOPFlagUntilTimeout  stm32g0xx_hal_i2c.o
    0x08003dd6   0x08003dd6   0x0000005a   Code   RO         2239    i.I2C_WaitOnTXISFlagUntilTimeout  stm32g0xx_hal_i2c.o
    0x08003e30   0x08003e30   0x00000018   Code   RO         5100    i.LED6_RST          sn74hc595.o
    0x08003e48   0x08003e48   0x00000038   Code   RO         5035    i.LED_Init          led.o
    0x08003e80   0x08003e80   0x00000008   Code   RO          758    i.LL_ADC_IsEnabled  stm32g0xx_hal_adc.o
    0x08003e88   0x08003e88   0x00000008   Code   RO          950    i.LL_ADC_IsEnabled  stm32g0xx_hal_adc_ex.o
    0x08003e90   0x08003e90   0x00000008   Code   RO          759    i.LL_ADC_REG_IsConversionOngoing  stm32g0xx_hal_adc.o
    0x08003e98   0x08003e98   0x00000010   Code   RO          760    i.LL_ADC_REG_IsTriggerSourceSWStart  stm32g0xx_hal_adc.o
    0x08003ea8   0x08003ea8   0x0000000e   Code   RO          762    i.LL_ADC_SetCommonPathInternalCh  stm32g0xx_hal_adc.o
    0x08003eb6   0x08003eb6   0x00000016   Code   RO          763    i.LL_ADC_SetSamplingTimeCommonChannels  stm32g0xx_hal_adc.o
    0x08003ecc   0x08003ecc   0x000000e4   Code   RO          316    i.MX_ADC1_Init      adc.o
    0x08003fb0   0x08003fb0   0x00000048   Code   RO          352    i.MX_DMA_Init       dma.o
    0x08003ff8   0x08003ff8   0x000000d4   Code   RO          294    i.MX_GPIO_Init      gpio.o
    0x080040cc   0x080040cc   0x00000058   Code   RO          374    i.MX_I2C1_Init      i2c.o
    0x08004124   0x08004124   0x000000a0   Code   RO          412    i.MX_RTC_Init       rtc.o
    0x080041c4   0x080041c4   0x0000004c   Code   RO          455    i.MX_SPI1_Init      spi.o
    0x08004210   0x08004210   0x00000034   Code   RO          493    i.MX_TIM14_Init     tim.o
    0x08004244   0x08004244   0x00000038   Code   RO          494    i.MX_TIM16_Init     tim.o
    0x0800427c   0x0800427c   0x00000070   Code   RO          495    i.MX_TIM1_Init      tim.o
    0x080042ec   0x080042ec   0x00000070   Code   RO          496    i.MX_TIM3_Init      tim.o
    0x0800435c   0x0800435c   0x00000068   Code   RO          549    i.MX_USART1_UART_Init  usart.o
    0x080043c4   0x080043c4   0x0000003c   Code   RO          550    i.MX_USART2_UART_Init  usart.o
    0x08004400   0x08004400   0x00000002   Code   RO          602    i.NMI_Handler       stm32g0xx_it.o
    0x08004402   0x08004402   0x00000002   Code   RO          603    i.PendSV_Handler    stm32g0xx_it.o
    0x08004404   0x08004404   0x00000018   Code   RO         2700    i.RTC_ByteToBcd2    stm32g0xx_hal_rtc.o
    0x0800441c   0x0800441c   0x00000044   Code   RO         2701    i.RTC_EnterInitMode  stm32g0xx_hal_rtc.o
    0x08004460   0x08004460   0x00000050   Code   RO         2702    i.RTC_ExitInitMode  stm32g0xx_hal_rtc.o
    0x080044b0   0x080044b0   0x00000010   Code   RO          604    i.RTC_TAMP_IRQHandler  stm32g0xx_it.o
    0x080044c0   0x080044c0   0x00000098   Code   RO         5075    i.SHT40_Read        sht40.o
    0x08004558   0x08004558   0x000000ac   Code   RO           17    i.SMG_Display       main.o
    0x08004604   0x08004604   0x00000030   Code   RO         5101    i.SN74HC595_Out     sn74hc595.o
    0x08004634   0x08004634   0x00000054   Code   RO         5103    i.SN74HC595_Write   sn74hc595.o
    0x08004688   0x08004688   0x00000002   Code   RO          605    i.SVC_Handler       stm32g0xx_it.o
    0x0800468a   0x0800468a   0x00000008   Code   RO          606    i.SysTick_Handler   stm32g0xx_it.o
    0x08004692   0x08004692   0x00000002   PAD
    0x08004694   0x08004694   0x00000088   Code   RO           18    i.SystemClock_Config  main.o
    0x0800471c   0x0800471c   0x00000002   Code   RO         5002    i.SystemInit        system_stm32g0xx.o
    0x0800471e   0x0800471e   0x00000002   PAD
    0x08004720   0x08004720   0x00000010   Code   RO          607    i.TIM14_IRQHandler  stm32g0xx_it.o
    0x08004730   0x08004730   0x00000010   Code   RO          608    i.TIM16_IRQHandler  stm32g0xx_it.o
    0x08004740   0x08004740   0x00000010   Code   RO          609    i.TIM3_IRQHandler   stm32g0xx_it.o
    0x08004750   0x08004750   0x00000088   Code   RO         3555    i.TIM_Base_SetConfig  stm32g0xx_hal_tim.o
    0x080047d8   0x080047d8   0x00000016   Code   RO         3566    i.TIM_ETR_SetConfig  stm32g0xx_hal_tim.o
    0x080047ee   0x080047ee   0x00000002   PAD
    0x080047f0   0x080047f0   0x00000014   Code   RO         3567    i.TIM_ITRx_SetConfig  stm32g0xx_hal_tim.o
    0x08004804   0x08004804   0x00000022   Code   RO         3575    i.TIM_TI1_ConfigInputStage  stm32g0xx_hal_tim.o
    0x08004826   0x08004826   0x00000026   Code   RO         3577    i.TIM_TI2_ConfigInputStage  stm32g0xx_hal_tim.o
    0x0800484c   0x0800484c   0x00000044   Code   RO         4901    i.UARTEx_SetNbDataToProcess  stm32g0xx_hal_uart_ex.o
    0x08004890   0x08004890   0x000000ca   Code   RO         4514    i.UART_AdvFeatureConfig  stm32g0xx_hal_uart.o
    0x0800495a   0x0800495a   0x00000002   PAD
    0x0800495c   0x0800495c   0x000000b8   Code   RO         4515    i.UART_CheckIdleState  stm32g0xx_hal_uart.o
    0x08004a14   0x08004a14   0x00000014   Code   RO         4516    i.UART_DMAAbortOnError  stm32g0xx_hal_uart.o
    0x08004a28   0x08004a28   0x0000004e   Code   RO         4517    i.UART_DMAError     stm32g0xx_hal_uart.o
    0x08004a76   0x08004a76   0x0000009c   Code   RO         4518    i.UART_DMAReceiveCplt  stm32g0xx_hal_uart.o
    0x08004b12   0x08004b12   0x00000020   Code   RO         4520    i.UART_DMARxHalfCplt  stm32g0xx_hal_uart.o
    0x08004b32   0x08004b32   0x0000004c   Code   RO         4522    i.UART_DMATransmitCplt  stm32g0xx_hal_uart.o
    0x08004b7e   0x08004b7e   0x0000000a   Code   RO         4524    i.UART_DMATxHalfCplt  stm32g0xx_hal_uart.o
    0x08004b88   0x08004b88   0x00000064   Code   RO         4526    i.UART_EndRxTransfer  stm32g0xx_hal_uart.o
    0x08004bec   0x08004bec   0x0000003c   Code   RO         4527    i.UART_EndTxTransfer  stm32g0xx_hal_uart.o
    0x08004c28   0x08004c28   0x00000168   Code   RO         4532    i.UART_SetConfig    stm32g0xx_hal_uart.o
    0x08004d90   0x08004d90   0x000000ac   Code   RO         4533    i.UART_Start_Receive_DMA  stm32g0xx_hal_uart.o
    0x08004e3c   0x08004e3c   0x00000090   Code   RO         4539    i.UART_WaitOnFlagUntilTimeout  stm32g0xx_hal_uart.o
    0x08004ecc   0x08004ecc   0x00000010   Code   RO          610    i.USART1_IRQHandler  stm32g0xx_it.o
    0x08004edc   0x08004edc   0x00000010   Code   RO          611    i.USART2_IRQHandler  stm32g0xx_it.o
    0x08004eec   0x08004eec   0x00000020   Code   RO         5585    i.__0printf         mc_p.l(printfa.o)
    0x08004f0c   0x08004f0c   0x0000002e   Code   RO         5671    i.__ARM_clz         mf_p.l(depilogue.o)
    0x08004f3a   0x08004f3a   0x00000002   PAD
    0x08004f3c   0x08004f3c   0x00000044   Code   RO         1790    i.__NVIC_SetPriority  stm32g0xx_hal_cortex.o
    0x08004f80   0x08004f80   0x0000000e   Code   RO         5681    i.__scatterload_copy  mc_p.l(handlers.o)
    0x08004f8e   0x08004f8e   0x00000002   Code   RO         5682    i.__scatterload_null  mc_p.l(handlers.o)
    0x08004f90   0x08004f90   0x0000000e   Code   RO         5683    i.__scatterload_zeroinit  mc_p.l(handlers.o)
    0x08004f9e   0x08004f9e   0x00000002   PAD
    0x08004fa0   0x08004fa0   0x00000174   Code   RO         5592    i._fp_digits        mc_p.l(printfa.o)
    0x08005114   0x08005114   0x000006f0   Code   RO         5593    i._printf_core      mc_p.l(printfa.o)
    0x08005804   0x08005804   0x00000020   Code   RO         5594    i._printf_post_padding  mc_p.l(printfa.o)
    0x08005824   0x08005824   0x0000002c   Code   RO         5595    i._printf_pre_padding  mc_p.l(printfa.o)
    0x08005850   0x08005850   0x00000094   Code   RO           19    i.convertCALvoltage  main.o
    0x080058e4   0x080058e4   0x00000030   Code   RO         5104    i.delay_us          sn74hc595.o
    0x08005914   0x08005914   0x00000020   Code   RO           20    i.fputc             main.o
    0x08005934   0x08005934   0x00000228   Code   RO           21    i.main              main.o
    0x08005b5c   0x08005b5c   0x00000018   Data   RO         4540    .constdata          stm32g0xx_hal_uart.o
    0x08005b74   0x08005b74   0x00000010   Data   RO         4902    .constdata          stm32g0xx_hal_uart_ex.o
    0x08005b84   0x08005b84   0x00000040   Data   RO         5003    .constdata          system_stm32g0xx.o
    0x08005bc4   0x08005bc4   0x00000020   Data   RO         5004    .constdata          system_stm32g0xx.o
    0x08005be4   0x08005be4   0x00000051   Data   RO           23    .conststring        main.o
    0x08005c35   0x08005c35   0x00000003   PAD
    0x08005c38   0x08005c38   0x00000020   Data   RO         5679    Region$$Table       anon$$obj.o


    Execution Region RW_IRAM1 (Exec base: 0x20000000, Load base: 0x08005c58, Size: 0x000009d8, Max: 0x00002000, ABSOLUTE)

    Exec Addr    Load Addr    Size         Type   Attr      Idx    E Section Name        Object

    0x20000000   0x08005c58   0x0000002a   Data   RW           26    .data               main.o
    0x2000002a   0x08005c82   0x00000001   Data   RW           29    .data               main.o
    0x2000002b   0x08005c83   0x00000001   PAD
    0x2000002c   0x08005c84   0x0000000c   Data   RW         1926    .data               stm32g0xx_hal.o
    0x20000038   0x08005c90   0x00000004   Data   RW         5005    .data               system_stm32g0xx.o
    0x2000003c   0x08005c94   0x00000033   Data   RW         5105    .data               sn74hc595.o
    0x2000006f   0x08005cc7   0x00000001   PAD
    0x20000070   0x08005cc8   0x00000004   Data   RW         5657    .data               mc_p.l(stdout.o)
    0x20000074        -       0x00000052   Zero   RW           22    .bss                main.o
    0x200000c6   0x08005ccc   0x00000002   PAD
    0x200000c8        -       0x000000c0   Zero   RW          317    .bss                adc.o
    0x20000188        -       0x00000054   Zero   RW          375    .bss                i2c.o
    0x200001dc        -       0x0000002c   Zero   RW          414    .bss                rtc.o
    0x20000208        -       0x000000c0   Zero   RW          456    .bss                spi.o
    0x200002c8        -       0x00000130   Zero   RW          497    .bss                tim.o
    0x200003f8        -       0x000001e0   Zero   RW          551    .bss                usart.o
    0x200005d8        -       0x00000400   Zero   RW            1    STACK               startup_stm32g030xx.o


==============================================================================

Image component sizes


      Code (inc. data)   RO Data    RW Data    ZI Data      Debug   Object Name

       428         50          0          0        192       1851   adc.o
        72          4          0          0          0        738   dma.o
       212          8          0          0          0        943   gpio.o
       216         26          0          0         84       1637   i2c.o
        56         12          0          0          0        463   led.o
      1260        168         81         43         82     461450   main.o
       264         18          0          0         44       1835   rtc.o
       152         28          0          0          0        641   sht40.o
       280         38          0         51          0       3085   sn74hc595.o
       228         28          0          0        192       1674   spi.o
        28          8        192          0       1024        620   startup_stm32g030xx.o
       208         34          0         12          0      16928   stm32g0xx_hal.o
      2360        112          0          0          0      47456   stm32g0xx_hal_adc.o
       368         16          0          0          0      36627   stm32g0xx_hal_adc_ex.o
       180         30          0          0          0      12727   stm32g0xx_hal_cortex.o
       892         42          0          0          0       6713   stm32g0xx_hal_dma.o
         0          0          0          0          0       2708   stm32g0xx_hal_flash.o
       428         22          0          0          0       4243   stm32g0xx_hal_gpio.o
      1576         42          0          0          0      11290   stm32g0xx_hal_i2c.o
       146          0          0          0          0       1871   stm32g0xx_hal_i2c_ex.o
        44          6          0          0          0        814   stm32g0xx_hal_msp.o
        84         12          0          0          0       1180   stm32g0xx_hal_pwr.o
       156         32          0          0          0       1935   stm32g0xx_hal_pwr_ex.o
      1524         92          0          0          0      20744   stm32g0xx_hal_rcc.o
       332         12          0          0          0       1608   stm32g0xx_hal_rcc_ex.o
       748         22          0          0          0       5905   stm32g0xx_hal_rtc.o
       232          8          0          0          0       2525   stm32g0xx_hal_rtc_ex.o
       238          0          0          0          0       1207   stm32g0xx_hal_spi.o
      1130         74          0          0          0      11365   stm32g0xx_hal_tim.o
       106         10          0          0          0       2940   stm32g0xx_hal_tim_ex.o
      3000         86         24          0          0      41943   stm32g0xx_hal_uart.o
       384          6         16          0          0       6185   stm32g0xx_hal_uart_ex.o
       194         62          0          0          0       7093   stm32g0xx_it.o
         2          0         96          4          0       1087   system_stm32g0xx.o
       492         72          0          0        304       3357   tim.o
       488         40          0          0        480       2837   usart.o

    ----------------------------------------------------------------------
     18540       1220        444        112       2404     728225   Object Totals
         0          0         32          0          0          0   (incl. Generated)
        32          0          3          2          2          0   (incl. Padding)

    ----------------------------------------------------------------------

      Code (inc. data)   RO Data    RW Data    ZI Data      Debug   Library Member Name

         0          0          0          0          0          0   entry.o
         0          0          0          0          0          0   entry10a.o
         0          0          0          0          0          0   entry11a.o
         4          0          0          0          0          0   entry12b.o
         8          4          0          0          0          0   entry2.o
         4          0          0          0          0          0   entry5.o
         0          0          0          0          0          0   entry7b.o
         0          0          0          0          0          0   entry8b.o
         8          4          0          0          0          0   entry9a.o
        30          0          0          0          0          0   handlers.o
        36          8          0          0          0         68   init.o
         0          0          0          0          0          0   iusefp.o
        32          0          0          0          0         68   llshl.o
        38          0          0          0          0         68   llsshr.o
        34          0          0          0          0         68   llushr.o
        36          0          0          0          0        100   memseta.o
      2256         98          0          0          0        412   printfa.o
         0          0          0          4          0          0   stdout.o
        44          0          0          0          0         72   uidiv.o
        96          0          0          0          0         84   uldiv.o
        40          2          0          0          0         68   cdrcmple.o
        56          0          0          0          0         68   d2f.o
       360          6          0          0          0        140   dadd.o
       240          6          0          0          0         84   ddiv.o
       236          0          0          0          0        216   depilogue.o
        60         10          0          0          0         68   dfixui.o
        64         10          0          0          0         68   dfixul.o
        40          6          0          0          0         68   dflti.o
        28          4          0          0          0         68   dfltui.o
       208          6          0          0          0         88   dmul.o
        44          0          0          0          0         72   dscalb.o
        40          0          0          0          0         60   f2d.o
       178          0          0          0          0        108   fadd.o
       124          0          0          0          0         72   fdiv.o
       130          0          0          0          0        144   fepilogue.o
        40          0          0          0          0         60   ffixui.o
        14          0          0          0          0         68   ffltui.o
       122          0          0          0          0         72   fmul.o

    ----------------------------------------------------------------------
      4656        164          0          4          0       2532   Library Totals
         6          0          0          0          0          0   (incl. Padding)

    ----------------------------------------------------------------------

      Code (inc. data)   RO Data    RW Data    ZI Data      Debug   Library Name

      2626        114          0          4          0        940   mc_p.l
      2024         50          0          0          0       1592   mf_p.l

    ----------------------------------------------------------------------
      4656        164          0          4          0       2532   Library Totals

    ----------------------------------------------------------------------

==============================================================================


      Code (inc. data)   RO Data    RW Data    ZI Data      Debug   

     23196       1384        444        116       2404     721397   Grand Totals
     23196       1384        444        116       2404     721397   ELF Image Totals
     23196       1384        444        116          0          0   ROM Totals

==============================================================================

    Total RO  Size (Code + RO Data)                23640 (  23.09kB)
    Total RW  Size (RW Data + ZI Data)              2520 (   2.46kB)
    Total ROM Size (Code + RO Data + RW Data)      23756 (  23.20kB)

==============================================================================

