<html>
<body>
<pre>
<h1>µVision Build Log</h1>
<h2>Tool Versions:</h2>
IDE-Version: ¦ÌVision V5.38.0.0
Copyright (C) 2022 ARM Ltd and ARM Germany GmbH. All rights reserved.
License Information: Rachel Rachel, Rachel, LIC=32B1Q-NVH4B-KPNZY-I5TC7-WCZLR-KSJX1
 
Tool Versions:
Toolchain:       MDK-ARM Plus  Version: 5.38.0.0
Toolchain Path:  F:\ProgramFile\MDK\Core\ARM\ARMCC\Bin
C Compiler:      Armcc.exe V5.06 update 7 (build 960)
Assembler:       Armasm.exe V5.06 update 7 (build 960)
Linker/Locator:  ArmLink.exe V5.06 update 7 (build 960)
Library Manager: ArmAr.exe V5.06 update 7 (build 960)
Hex Converter:   FromElf.exe V5.06 update 7 (build 960)
CPU DLL:         SARMCM3.DLL V5.38.0.0
Dialog DLL:      DARMCM1.DLL V1.19.6.0
Target DLL:      CMSIS_AGDI.dll V1.33.15.0
Dialog DLL:      TARMCM1.DLL V1.14.6.0
 
<h2>Project:</h2>
g:\ByYour\HOT\HOT\MDK-ARM\HOT.uvprojx
Project File Date:  04/09/2025

<h2>Output:</h2>
*** Using Compiler 'V5.06 update 7 (build 960)', folder: 'F:\ProgramFile\MDK\Core\ARM\ARMCC\Bin'
Rebuild target 'HOT'
compiling stm32g0xx_ll_adc.c...
assembling startup_stm32g030xx.s...
compiling stm32g0xx_ll_rcc.c...
compiling adc.c...
compiling stm32g0xx_hal_msp.c...
compiling usart.c...
compiling dma.c...
compiling stm32g0xx_hal_gpio.c...
compiling gpio.c...
compiling stm32g0xx_hal_flash.c...
compiling stm32g0xx_it.c...
compiling tim.c...
compiling stm32g0xx_hal_adc_ex.c...
compiling stm32g0xx_hal_flash_ex.c...
compiling stm32g0xx_hal_adc.c...
compiling stm32g0xx_hal_rcc_ex.c...
compiling main.c...
../Core/Src/main.c(473): warning:  #177-D: variable "x2"  was declared but never referenced
      int x2 = (i + 1) * 2;
../Core/Src/main.c(138): warning:  #177-D: variable "oled_refresh_cnt"  was declared but never referenced
  static uint16_t oled_refresh_cnt = 0; // OLEDåˆ·æ–°è®¡æ•°å™?
../Core/Src/main.c: 2 warnings, 0 errors
compiling stm32g0xx_hal_rcc.c...
compiling OLED_Data.c...
compiling stm32g0xx_hal_uart_ex.c...
compiling stm32g0xx_hal_dma_ex.c...
compiling stm32g0xx_hal_pwr.c...
compiling stm32g0xx_hal_cortex.c...
compiling stm32g0xx_hal_pwr_ex.c...
compiling system_stm32g0xx.c...
compiling stm32g0xx_hal_exti.c...
compiling stm32g0xx_hal_dma.c...
compiling stm32g0xx_hal.c...
compiling OLED.c...
compiling stm32g0xx_hal_tim_ex.c...
compiling stm32g0xx_hal_uart.c...
compiling stm32g0xx_hal_tim.c...
linking...
Program Size: Code=26752 RO-data=2904 RW-data=144 ZI-data=4088  
FromELF: creating hex file...
"HOT\HOT.axf" - 0 Error(s), 2 Warning(s).

<h2>Software Packages used:</h2>

Package Vendor: ARM
                http://www.keil.com/pack/ARM.CMSIS.5.9.0.pack
                ARM.CMSIS.5.9.0
                CMSIS (Common Microcontroller Software Interface Standard)
   * Component: CORE Version: 5.6.0

Package Vendor: Keil
                https://www.keil.com/pack/Keil.STM32G0xx_DFP.1.5.0.pack
                Keil.STM32G0xx_DFP.1.5.0
                STMicroelectronics STM32G0 Series Device Support

<h2>Collection of Component include folders:</h2>
  ./RTE/_HOT
  F:/ProgramFile/MDK/Packs/ARM/CMSIS/5.9.0/CMSIS/Core/Include
  F:/ProgramFile/MDK/Packs/Keil/STM32G0xx_DFP/1.5.0/Drivers/CMSIS/Device/ST/STM32G0xx/Include

<h2>Collection of Component Files used:</h2>

   * Component: ARM::CMSIS:CORE:5.6.0
      Include file:  CMSIS/Core/Include/tz_context.h
Build Time Elapsed:  00:00:10
</pre>
</body>
</html>
