Component: ARM Compiler 5.06 update 7 (build 960) Tool: armlink [4d3601]

==============================================================================

Section Cross References

    startup_stm32g030xx.o(STACK) refers (Special) to heapauxi.o(.text) for __use_two_region_memory
    startup_stm32g030xx.o(HEAP) refers (Special) to heapauxi.o(.text) for __use_two_region_memory
    startup_stm32g030xx.o(RESET) refers (Special) to heapauxi.o(.text) for __use_two_region_memory
    startup_stm32g030xx.o(RESET) refers to startup_stm32g030xx.o(STACK) for __initial_sp
    startup_stm32g030xx.o(RESET) refers to startup_stm32g030xx.o(.text) for Reset_Handler
    startup_stm32g030xx.o(RESET) refers to stm32g0xx_it.o(i.NMI_Handler) for NMI_Handler
    startup_stm32g030xx.o(RESET) refers to stm32g0xx_it.o(i.HardFault_Handler) for HardFault_Handler
    startup_stm32g030xx.o(RESET) refers to stm32g0xx_it.o(i.SVC_Handler) for SVC_Handler
    startup_stm32g030xx.o(RESET) refers to stm32g0xx_it.o(i.PendSV_Handler) for PendSV_Handler
    startup_stm32g030xx.o(RESET) refers to stm32g0xx_it.o(i.SysTick_Handler) for SysTick_Handler
    startup_stm32g030xx.o(RESET) refers to stm32g0xx_it.o(i.EXTI4_15_IRQHandler) for EXTI4_15_IRQHandler
    startup_stm32g030xx.o(RESET) refers to stm32g0xx_it.o(i.DMA1_Channel1_IRQHandler) for DMA1_Channel1_IRQHandler
    startup_stm32g030xx.o(RESET) refers to stm32g0xx_it.o(i.TIM1_CC_IRQHandler) for TIM1_CC_IRQHandler
    startup_stm32g030xx.o(RESET) refers to stm32g0xx_it.o(i.TIM3_IRQHandler) for TIM3_IRQHandler
    startup_stm32g030xx.o(.text) refers (Special) to heapauxi.o(.text) for __use_two_region_memory
    startup_stm32g030xx.o(.text) refers to system_stm32g0xx.o(i.SystemInit) for SystemInit
    startup_stm32g030xx.o(.text) refers to __main.o(!!!main) for __main
    startup_stm32g030xx.o(.text) refers to startup_stm32g030xx.o(HEAP) for Heap_Mem
    startup_stm32g030xx.o(.text) refers to startup_stm32g030xx.o(STACK) for Stack_Mem
    main.o(i.ADC_GetResistance) refers to fflti.o(.text) for __aeabi_ui2f
    main.o(i.ADC_GetResistance) refers to faddsub.o(x$fpl$frsb) for __aeabi_frsub
    main.o(i.ADC_GetResistance) refers to fdiv.o(.text) for __aeabi_fdiv
    main.o(i.ADC_GetResistance) refers to fmul.o(x$fpl$fmul) for __aeabi_fmul
    main.o(i.Flash_Write_Data) refers to stm32g0xx_hal_flash.o(i.HAL_FLASH_Unlock) for HAL_FLASH_Unlock
    main.o(i.Flash_Write_Data) refers to stm32g0xx_hal_flash_ex.o(i.HAL_FLASHEx_Erase) for HAL_FLASHEx_Erase
    main.o(i.Flash_Write_Data) refers to stm32g0xx_hal_flash.o(i.HAL_FLASH_Program) for HAL_FLASH_Program
    main.o(i.Flash_Write_Data) refers to stm32g0xx_hal_flash.o(i.HAL_FLASH_Lock) for HAL_FLASH_Lock
    main.o(i.HAL_TIM_PeriodElapsedCallback) refers to _printf_percent.o(.ARM.Collect$$_printf_percent$$00000000) for _printf_percent
    main.o(i.HAL_TIM_PeriodElapsedCallback) refers to _printf_d.o(.ARM.Collect$$_printf_percent$$00000009) for _printf_d
    main.o(i.HAL_TIM_PeriodElapsedCallback) refers to _printf_f.o(.ARM.Collect$$_printf_percent$$00000003) for _printf_f
    main.o(i.HAL_TIM_PeriodElapsedCallback) refers to _printf_dec.o(.text) for _printf_int_dec
    main.o(i.HAL_TIM_PeriodElapsedCallback) refers to printf1.o(x$fpl$printf1) for _printf_fp_dec
    main.o(i.HAL_TIM_PeriodElapsedCallback) refers to stm32g0xx_hal_gpio.o(i.HAL_GPIO_ReadPin) for HAL_GPIO_ReadPin
    main.o(i.HAL_TIM_PeriodElapsedCallback) refers to stm32g0xx_hal_gpio.o(i.HAL_GPIO_TogglePin) for HAL_GPIO_TogglePin
    main.o(i.HAL_TIM_PeriodElapsedCallback) refers to oled.o(i.OLED_Clear) for OLED_Clear
    main.o(i.HAL_TIM_PeriodElapsedCallback) refers to main.o(i.OLED_ShowNumberSelector) for OLED_ShowNumberSelector
    main.o(i.HAL_TIM_PeriodElapsedCallback) refers to oled.o(i.OLED_Update) for OLED_Update
    main.o(i.HAL_TIM_PeriodElapsedCallback) refers to fflti.o(.text) for __aeabi_ui2f
    main.o(i.HAL_TIM_PeriodElapsedCallback) refers to main.o(i.OLED_DrawTempCurve) for OLED_DrawTempCurve
    main.o(i.HAL_TIM_PeriodElapsedCallback) refers to main.o(i.Flash_Write_Data) for Flash_Write_Data
    main.o(i.HAL_TIM_PeriodElapsedCallback) refers to main.o(i.OLED_ShowFirstScreen) for OLED_ShowFirstScreen
    main.o(i.HAL_TIM_PeriodElapsedCallback) refers to main.o(i.ShowCursor) for ShowCursor
    main.o(i.HAL_TIM_PeriodElapsedCallback) refers to main.o(i.OLED_UpdateScrollText) for OLED_UpdateScrollText
    main.o(i.HAL_TIM_PeriodElapsedCallback) refers to main.o(i.LAverageFilter) for LAverageFilter
    main.o(i.HAL_TIM_PeriodElapsedCallback) refers to main.o(i.ADC_GetResistance) for ADC_GetResistance
    main.o(i.HAL_TIM_PeriodElapsedCallback) refers to main.o(i.Resistance2Temerature) for Resistance2Temerature
    main.o(i.HAL_TIM_PeriodElapsedCallback) refers to main.o(i.PID_calculate) for PID_calculate
    main.o(i.HAL_TIM_PeriodElapsedCallback) refers to ffixui.o(.text) for __aeabi_f2uiz
    main.o(i.HAL_TIM_PeriodElapsedCallback) refers to f2d.o(.text) for __aeabi_f2d
[...]
    TIM_TI2_ConfigInputStage                 0x08005bdb   Thumb Code    38  stm32g0xx_hal_tim.o(i.TIM_TI2_ConfigInputStage)
    i.UARTEx_SetNbDataToProcess              0x08005c00   Section        0  stm32g0xx_hal_uart_ex.o(i.UARTEx_SetNbDataToProcess)
    UARTEx_SetNbDataToProcess                0x08005c01   Thumb Code    62  stm32g0xx_hal_uart_ex.o(i.UARTEx_SetNbDataToProcess)
    i.UART_AdvFeatureConfig                  0x08005c44   Section        0  stm32g0xx_hal_uart.o(i.UART_AdvFeatureConfig)
    i.UART_CheckIdleState                    0x08005d10   Section        0  stm32g0xx_hal_uart.o(i.UART_CheckIdleState)
    i.UART_EndRxTransfer                     0x08005dc8   Section        0  stm32g0xx_hal_uart.o(i.UART_EndRxTransfer)
    UART_EndRxTransfer                       0x08005dc9   Thumb Code    96  stm32g0xx_hal_uart.o(i.UART_EndRxTransfer)
    i.UART_SetConfig                         0x08005e2c   Section        0  stm32g0xx_hal_uart.o(i.UART_SetConfig)
    i.UART_WaitOnFlagUntilTimeout            0x08005f94   Section        0  stm32g0xx_hal_uart.o(i.UART_WaitOnFlagUntilTimeout)
    i.__ARM_common_ll_muluu                  0x08006024   Section        0  btod.o(i.__ARM_common_ll_muluu)
    i.__ARM_fpclassify                       0x08006054   Section        0  fpclassify.o(i.__ARM_fpclassify)
    i.__NVIC_SetPriority                     0x08006080   Section        0  stm32g0xx_hal_cortex.o(i.__NVIC_SetPriority)
    __NVIC_SetPriority                       0x08006081   Thumb Code    60  stm32g0xx_hal_cortex.o(i.__NVIC_SetPriority)
    i.__kernel_poly                          0x080060c4   Section        0  poly.o(i.__kernel_poly)
    i.__mathlib_dbl_divzero                  0x08006170   Section        0  dunder.o(i.__mathlib_dbl_divzero)
    i.__mathlib_dbl_infnan                   0x08006184   Section        0  dunder.o(i.__mathlib_dbl_infnan)
    i.__mathlib_dbl_invalid                  0x0800618e   Section        0  dunder.o(i.__mathlib_dbl_invalid)
    i._is_digit                              0x0800619e   Section        0  __printf_wp.o(i._is_digit)
    i.log                                    0x080061ac   Section        0  log.o(i.log)
    i.main                                   0x08006500   Section        0  main.o(i.main)
    i.moveAverageFilter                      0x08006614   Section        0  main.o(i.moveAverageFilter)
    locale$$code                             0x0800667c   Section       44  lc_numeric_c.o(locale$$code)
    x$fpl$deqf                               0x080066a8   Section      100  deqf.o(x$fpl$deqf)
    x$fpl$fadd                               0x0800670c   Section      140  faddsub.o(x$fpl$fadd)
    _fadd1                                   0x08006719   Thumb Code     0  faddsub.o(x$fpl$fadd)
    x$fpl$fmul                               0x08006798   Section      176  fmul.o(x$fpl$fmul)
    x$fpl$frsb                               0x08006848   Section       24  faddsub.o(x$fpl$frsb)
    x$fpl$fsub                               0x08006860   Section      208  faddsub.o(x$fpl$fsub)
    _fsub1                                   0x0800686d   Thumb Code     0  faddsub.o(x$fpl$fsub)
    x$fpl$printf1                            0x08006930   Section       16  printf1.o(x$fpl$printf1)
    .constdata                               0x08006940   Section       24  stm32g0xx_hal_uart.o(.constdata)
    x$fpl$usenofp                            0x08006940   Section        0  usenofp.o(x$fpl$usenofp)
    .constdata                               0x08006958   Section       16  stm32g0xx_hal_uart_ex.o(.constdata)
    numerator                                0x08006958   Data           8  stm32g0xx_hal_uart_ex.o(.constdata)
    denominator                              0x08006960   Data           8  stm32g0xx_hal_uart_ex.o(.constdata)
    .constdata                               0x08006968   Section       64  system_stm32g0xx.o(.constdata)
    .constdata                               0x080069a8   Section       32  system_stm32g0xx.o(.constdata)
    .constdata                               0x080069c8   Section     1520  oled_data.o(.constdata)
    .constdata                               0x08006fb8   Section      570  oled_data.o(.constdata)
    .constdata                               0x080071f2   Section       17  __printf_flags_ss_wp.o(.constdata)
    maptable                                 0x080071f2   Data          17  __printf_flags_ss_wp.o(.constdata)
    .constdata                               0x08007203   Section      128  ddiv.o(.constdata)
    ddiv_reciptbl                            0x08007203   Data         128  ddiv.o(.constdata)
    .constdata                               0x08007283   Section       64  fdiv.o(.constdata)
    fdiv_tab                                 0x08007283   Data          64  fdiv.o(.constdata)
    .constdata                               0x080072c8   Section       56  log.o(.constdata)
    Lg2                                      0x080072c8   Data          24  log.o(.constdata)
    Lg                                       0x080072e0   Data          32  log.o(.constdata)
    .constdata                               0x08007300   Section        8  qnan.o(.constdata)
    .constdata                               0x08007308   Section      148  bigflt0.o(.constdata)
    tenpwrs_x                                0x08007308   Data          60  bigflt0.o(.constdata)
    tenpwrs_i                                0x08007344   Data          64  bigflt0.o(.constdata)
    locale$$data                             0x080073bc   Section       28  lc_numeric_c.o(locale$$data)
    __lcnum_c_name                           0x080073c0   Data           2  lc_numeric_c.o(locale$$data)
    __lcnum_c_start                          0x080073c8   Data           0  lc_numeric_c.o(locale$$data)
    __lcnum_c_point                          0x080073d4   Data           0  lc_numeric_c.o(locale$$data)
    __lcnum_c_thousands                      0x080073d6   Data           0  lc_numeric_c.o(locale$$data)
    __lcnum_c_grouping                       0x080073d7   Data           0  lc_numeric_c.o(locale$$data)
    __lcnum_c_end                            0x080073d8   Data           0  lc_numeric_c.o(locale$$data)
    .data                                    0x20000000   Section      126  main.o(.data)
    key1_filter                              0x20000004   Data           1  main.o(.data)
    key2_filter                              0x20000005   Data           1  main.o(.data)
    wake_filter                              0x20000006   Data           1  main.o(.data)
    last_position                            0x2000000b   Data           1  main.o(.data)
    cursor_update_count                      0x2000000c   Data           1  main.o(.data)
    initialized                              0x2000000d   Data           1  main.o(.data)
    wake_long_press_cnt                      0x2000000e   Data           2  main.o(.data)
    key1_long_press_cnt                      0x20000010   Data           2  main.o(.data)
    key2_long_press_cnt                      0x20000012   Data           2  main.o(.data)
    key1_repeat_cnt                          0x20000014   Data           2  main.o(.data)
    key2_repeat_cnt                          0x20000016   Data           2  main.o(.data)
    adc_sample_cnt                           0x2000001c   Data           2  main.o(.data)
    led_cnt                                  0x20000026   Data           2  main.o(.data)
    print_tick                               0x20000030   Data           4  main.o(.data)
    filter_cnt                               0x2000003c   Data           8  main.o(.data)
    cnt                                      0x20000044   Data           8  main.o(.data)
    .data                                    0x20000080   Section       12  stm32g0xx_hal.o(.data)
    .data                                    0x2000008c   Section        4  system_stm32g0xx.o(.data)
    .bss                                     0x20000090   Section      908  main.o(.bss)
    sum                                      0x200000c4   Data          32  main.o(.bss)
    value_buf                                0x20000104   Data         160  main.o(.bss)
    filter_data                              0x200001a4   Data          80  main.o(.bss)
    .bss                                     0x2000041c   Section      192  adc.o(.bss)
    .bss                                     0x200004dc   Section      152  tim.o(.bss)
    .bss                                     0x20000574   Section      148  usart.o(.bss)
    .bss                                     0x20000608   Section       28  stm32g0xx_hal_flash.o(.bss)
    .bss                                     0x20000624   Section     1024  oled.o(.bss)
    .bss                                     0x20000a24   Section       96  libspace.o(.bss)
    HEAP                                     0x20000a88   Section      512  startup_stm32g030xx.o(HEAP)
    Heap_Mem                                 0x20000a88   Data         512  startup_stm32g030xx.o(HEAP)
    STACK                                    0x20000c88   Section     1024  startup_stm32g030xx.o(STACK)
    Stack_Mem                                0x20000c88   Data        1024  startup_stm32g030xx.o(STACK)
    __initial_sp                             0x20001088   Data           0  startup_stm32g030xx.o(STACK)

    Global Symbols

    Symbol Name                              Value     Ov Type        Size  Object(Section)

    BuildAttributes$$THM_ISAv3M$S$PE$A:L22$X:L11$S22$IEEE1$IW$USESV6$~STKCKD$USESV7$~SHL$OTIME$ROPI$IEEEX$EBA8$UX$STANDARDLIB$REQ8$PRES8$EABIv2 0x00000000   Number         0  anon$$obj.o ABSOLUTE
    __ARM_use_no_argv                        0x00000000   Number         0  main.o ABSOLUTE
    _printf_flags                            0x00000000   Number         0  printf_stubs.o ABSOLUTE
    _printf_return_value                     0x00000000   Number         0  printf_stubs.o ABSOLUTE
    _printf_sizespec                         0x00000000   Number         0  printf_stubs.o ABSOLUTE
    _printf_widthprec                        0x00000000   Number         0  printf_stubs.o ABSOLUTE
    __ARM_exceptions_init                     - Undefined Weak Reference
    __alloca_initialize                       - Undefined Weak Reference
    __arm_fini_                               - Undefined Weak Reference
    __arm_preinit_                            - Undefined Weak Reference
    __cpp_initialize__aeabi_                  - Undefined Weak Reference
    __cxa_finalize                            - Undefined Weak Reference
    __sigvec_lookup                           - Undefined Weak Reference
    _atexit_init                              - Undefined Weak Reference
    _call_atexit_fns                          - Undefined Weak Reference
    _clock_init                               - Undefined Weak Reference
    _fp_trap_init                             - Undefined Weak Reference
    _fp_trap_shutdown                         - Undefined Weak Reference
    _get_lc_collate                           - Undefined Weak Reference
    _get_lc_monetary                          - Undefined Weak Reference
    _get_lc_time                              - Undefined Weak Reference
    _getenv_init                              - Undefined Weak Reference
    _handle_redirection                       - Undefined Weak Reference
    _init_alloc                               - Undefined Weak Reference
    _init_user_alloc                          - Undefined Weak Reference
    _initio                                   - Undefined Weak Reference
    _printf_mbtowc                            - Undefined Weak Reference
    _printf_wc                                - Undefined Weak Reference
    _rand_init                                - Undefined Weak Reference
    _signal_finish                            - Undefined Weak Reference
    _signal_init                              - Undefined Weak Reference
    _terminate_alloc                          - Undefined Weak Reference
    _terminate_user_alloc                     - Undefined Weak Reference
    _terminateio                              - Undefined Weak Reference
    __Vectors_Size                           0x000000c0   Number         0  startup_stm32g030xx.o ABSOLUTE
    __Vectors                                0x08000000   Data           4  startup_stm32g030xx.o(RESET)
    __Vectors_End                            0x080000c0   Data           0  startup_stm32g030xx.o(RESET)
    __main                                   0x080000c1   Thumb Code     8  __main.o(!!!main)
    __scatterload                            0x080000c9   Thumb Code     0  __scatter.o(!!!scatter)
    __scatterload_rt2                        0x080000c9   Thumb Code    52  __scatter.o(!!!scatter)
    __scatterload_rt2_thumb_only             0x080000c9   Thumb Code     0  __scatter.o(!!!scatter)
    __scatterload_null                       0x080000d9   Thumb Code     0  __scatter.o(!!!scatter)
    __scatterload_copy                       0x08000105   Thumb Code    26  __scatter_copy.o(!!handler_copy)
    __scatterload_zeroinit                   0x08000121   Thumb Code    28  __scatter_zi.o(!!handler_zi)
    _printf_percent                          0x0800013d   Thumb Code     0  _printf_percent.o(.ARM.Collect$$_printf_percent$$00000000)
    _printf_f                                0x0800013f   Thumb Code     0  _printf_f.o(.ARM.Collect$$_printf_percent$$00000003)
    _printf_d                                0x08000149   Thumb Code     0  _printf_d.o(.ARM.Collect$$_printf_percent$$00000009)
    _printf_percent_end                      0x08000153   Thumb Code     0  _printf_percent_end.o(.ARM.Collect$$_printf_percent$$00000017)
    __rt_lib_init                            0x08000157   Thumb Code     0  libinit.o(.ARM.Collect$$libinit$$00000000)
    __rt_lib_init_fp_1                       0x08000159   Thumb Code     0  libinit2.o(.ARM.Collect$$libinit$$00000002)
    __rt_lib_init_heap_1                     0x08000159   Thumb Code     0  libinit2.o(.ARM.Collect$$libinit$$0000000A)
    __rt_lib_init_lc_common                  0x08000159   Thumb Code     0  libinit2.o(.ARM.Collect$$libinit$$0000000F)
    __rt_lib_init_preinit_1                  0x08000159   Thumb Code     0  libinit2.o(.ARM.Collect$$libinit$$00000004)
    __rt_lib_init_rand_1                     0x08000159   Thumb Code     0  libinit2.o(.ARM.Collect$$libinit$$0000000E)
    __rt_lib_init_user_alloc_1               0x08000159   Thumb Code     0  libinit2.o(.ARM.Collect$$libinit$$0000000C)
    __rt_lib_init_lc_collate_1               0x0800015f   Thumb Code     0  libinit2.o(.ARM.Collect$$libinit$$00000011)
    __rt_lib_init_lc_ctype_1                 0x0800015f   Thumb Code     0  libinit2.o(.ARM.Collect$$libinit$$00000013)
    __rt_lib_init_lc_monetary_1              0x0800015f   Thumb Code     0  libinit2.o(.ARM.Collect$$libinit$$00000015)
    __rt_lib_init_lc_numeric_2               0x0800015f   Thumb Code     0  libinit2.o(.ARM.Collect$$libinit$$00000016)
    __rt_lib_init_alloca_1                   0x08000169   Thumb Code     0  libinit2.o(.ARM.Collect$$libinit$$0000002E)
    __rt_lib_init_argv_1                     0x08000169   Thumb Code     0  libinit2.o(.ARM.Collect$$libinit$$0000002C)
    __rt_lib_init_atexit_1                   0x08000169   Thumb Code     0  libinit2.o(.ARM.Collect$$libinit$$0000001B)
    __rt_lib_init_clock_1                    0x08000169   Thumb Code     0  libinit2.o(.ARM.Collect$$libinit$$00000021)
    __rt_lib_init_cpp_1                      0x08000169   Thumb Code     0  libinit2.o(.ARM.Collect$$libinit$$00000032)
    __rt_lib_init_exceptions_1               0x08000169   Thumb Code     0  libinit2.o(.ARM.Collect$$libinit$$00000030)
    __rt_lib_init_fp_trap_1                  0x08000169   Thumb Code     0  libinit2.o(.ARM.Collect$$libinit$$0000001F)
    __rt_lib_init_getenv_1                   0x08000169   Thumb Code     0  libinit2.o(.ARM.Collect$$libinit$$00000023)
    __rt_lib_init_lc_numeric_1               0x08000169   Thumb Code     0  libinit2.o(.ARM.Collect$$libinit$$00000017)
    __rt_lib_init_lc_time_1                  0x08000169   Thumb Code     0  libinit2.o(.ARM.Collect$$libinit$$00000019)
    __rt_lib_init_return                     0x08000169   Thumb Code     0  libinit2.o(.ARM.Collect$$libinit$$00000033)
    __rt_lib_init_signal_1                   0x08000169   Thumb Code     0  libinit2.o(.ARM.Collect$$libinit$$0000001D)
    __rt_lib_init_stdio_1                    0x08000169   Thumb Code     0  libinit2.o(.ARM.Collect$$libinit$$00000025)
    __rt_lib_shutdown                        0x0800016b   Thumb Code     0  libshutdown.o(.ARM.Collect$$libshutdown$$00000000)
    __rt_lib_shutdown_cpp_1                  0x0800016d   Thumb Code     0  libshutdown2.o(.ARM.Collect$$libshutdown$$00000004)
    __rt_lib_shutdown_fini_1                 0x0800016d   Thumb Code     0  libshutdown2.o(.ARM.Collect$$libshutdown$$00000002)
    __rt_lib_shutdown_fp_trap_1              0x0800016d   Thumb Code     0  libshutdown2.o(.ARM.Collect$$libshutdown$$00000009)
    __rt_lib_shutdown_heap_1                 0x0800016d   Thumb Code     0  libshutdown2.o(.ARM.Collect$$libshutdown$$00000011)
    __rt_lib_shutdown_return                 0x0800016d   Thumb Code     0  libshutdown2.o(.ARM.Collect$$libshutdown$$00000012)
    __rt_lib_shutdown_signal_1               0x0800016d   Thumb Code     0  libshutdown2.o(.ARM.Collect$$libshutdown$$0000000C)
    __rt_lib_shutdown_stdio_1                0x0800016d   Thumb Code     0  libshutdown2.o(.ARM.Collect$$libshutdown$$00000006)
    __rt_lib_shutdown_user_alloc_1           0x0800016d   Thumb Code     0  libshutdown2.o(.ARM.Collect$$libshutdown$$0000000E)
    __rt_entry                               0x0800016f   Thumb Code     0  __rtentry.o(.ARM.Collect$$rtentry$$00000000)
    __rt_entry_presh_1                       0x0800016f   Thumb Code     0  __rtentry2.o(.ARM.Collect$$rtentry$$00000002)
    __rt_entry_sh                            0x0800016f   Thumb Code     0  __rtentry4.o(.ARM.Collect$$rtentry$$00000004)
    __rt_entry_li                            0x08000175   Thumb Code     0  __rtentry2.o(.ARM.Collect$$rtentry$$0000000A)
    __rt_entry_postsh_1                      0x08000175   Thumb Code     0  __rtentry2.o(.ARM.Collect$$rtentry$$00000009)
    __rt_entry_main                          0x08000179   Thumb Code     0  __rtentry2.o(.ARM.Collect$$rtentry$$0000000D)
    __rt_entry_postli_1                      0x08000179   Thumb Code     0  __rtentry2.o(.ARM.Collect$$rtentry$$0000000C)
    __rt_exit                                0x08000181   Thumb Code     0  rtexit.o(.ARM.Collect$$rtexit$$00000000)
    __rt_exit_ls                             0x08000183   Thumb Code     0  rtexit2.o(.ARM.Collect$$rtexit$$00000003)
    __rt_exit_prels_1                        0x08000183   Thumb Code     0  rtexit2.o(.ARM.Collect$$rtexit$$00000002)
    __rt_exit_exit                           0x08000187   Thumb Code     0  rtexit2.o(.ARM.Collect$$rtexit$$00000004)
    Reset_Handler                            0x0800018d   Thumb Code     8  startup_stm32g030xx.o(.text)
    ADC1_IRQHandler                          0x0800019f   Thumb Code     0  startup_stm32g030xx.o(.text)
    DMA1_Ch4_5_DMAMUX1_OVR_IRQHandler        0x0800019f   Thumb Code     0  startup_stm32g030xx.o(.text)
    DMA1_Channel2_3_IRQHandler               0x0800019f   Thumb Code     0  startup_stm32g030xx.o(.text)
    EXTI0_1_IRQHandler                       0x0800019f   Thumb Code     0  startup_stm32g030xx.o(.text)
    EXTI2_3_IRQHandler                       0x0800019f   Thumb Code     0  startup_stm32g030xx.o(.text)
    FLASH_IRQHandler                         0x0800019f   Thumb Code     0  startup_stm32g030xx.o(.text)
    I2C1_IRQHandler                          0x0800019f   Thumb Code     0  startup_stm32g030xx.o(.text)
    I2C2_IRQHandler                          0x0800019f   Thumb Code     0  startup_stm32g030xx.o(.text)
    RCC_IRQHandler                           0x0800019f   Thumb Code     0  startup_stm32g030xx.o(.text)
    RTC_TAMP_IRQHandler                      0x0800019f   Thumb Code     0  startup_stm32g030xx.o(.text)
    SPI1_IRQHandler                          0x0800019f   Thumb Code     0  startup_stm32g030xx.o(.text)
    SPI2_IRQHandler                          0x0800019f   Thumb Code     0  startup_stm32g030xx.o(.text)
    TIM14_IRQHandler                         0x0800019f   Thumb Code     0  startup_stm32g030xx.o(.text)
    TIM16_IRQHandler                         0x0800019f   Thumb Code     0  startup_stm32g030xx.o(.text)
    TIM17_IRQHandler                         0x0800019f   Thumb Code     0  startup_stm32g030xx.o(.text)
    TIM1_BRK_UP_TRG_COM_IRQHandler           0x0800019f   Thumb Code     0  startup_stm32g030xx.o(.text)
    USART1_IRQHandler                        0x0800019f   Thumb Code     0  startup_stm32g030xx.o(.text)
    USART2_IRQHandler                        0x0800019f   Thumb Code     0  startup_stm32g030xx.o(.text)
    WWDG_IRQHandler                          0x0800019f   Thumb Code     0  startup_stm32g030xx.o(.text)
    __user_initial_stackheap                 0x080001a1   Thumb Code     0  startup_stm32g030xx.o(.text)
    __2sprintf                               0x080001c5   Thumb Code    40  __2sprintf.o(.text)
    _printf_int_dec                          0x080001f1   Thumb Code    90  _printf_dec.o(.text)
    __printf                                 0x0800025d   Thumb Code   386  __printf_flags_ss_wp.o(.text)
    strlen                                   0x080003e5   Thumb Code    62  strlen.o(.text)
    _memset_w                                0x08000429   Thumb Code    26  rt_memclr.o(.text)
    _memset                                  0x08000443   Thumb Code    30  rt_memclr.o(.text)
    __aeabi_memclr                           0x08000461   Thumb Code     4  rt_memclr.o(.text)
    __rt_memclr                              0x08000461   Thumb Code     0  rt_memclr.o(.text)
    __aeabi_memclr4                          0x08000465   Thumb Code     0  rt_memclr.o(.text)
    __aeabi_memclr8                          0x08000465   Thumb Code     0  rt_memclr.o(.text)
    __rt_memclr_w                            0x08000465   Thumb Code     4  rt_memclr.o(.text)
    __aeabi_uidiv                            0x08000469   Thumb Code     0  aeabi_sdiv.o(.text)
    __aeabi_uidivmod                         0x08000469   Thumb Code    20  aeabi_sdiv.o(.text)
    __aeabi_idiv                             0x0800047d   Thumb Code     0  aeabi_sdiv.o(.text)
    __aeabi_idivmod                          0x0800047d   Thumb Code   326  aeabi_sdiv.o(.text)
    __use_two_region_memory                  0x080005c3   Thumb Code     2  heapauxi.o(.text)
    __rt_heap_escrow$2region                 0x080005c5   Thumb Code     2  heapauxi.o(.text)
    __rt_heap_expand$2region                 0x080005c7   Thumb Code     2  heapauxi.o(.text)
    __aeabi_d2f                              0x080005c9   Thumb Code     0  d2f.o(.text)
    _d2f                                     0x080005c9   Thumb Code   120  d2f.o(.text)
    __aeabi_dadd                             0x0800093d   Thumb Code     0  daddsub.o(.text)
    _dadd                                    0x0800093d   Thumb Code    26  daddsub.o(.text)
    __aeabi_dsub                             0x08000957   Thumb Code     0  daddsub.o(.text)
    _dsub                                    0x08000957   Thumb Code    22  daddsub.o(.text)
    __aeabi_drsub                            0x0800096d   Thumb Code     0  daddsub.o(.text)
    _drsb                                    0x0800096d   Thumb Code    28  daddsub.o(.text)
    __aeabi_ddiv                             0x0800099d   Thumb Code     0  ddiv.o(.text)
    _ddiv                                    0x0800099d   Thumb Code  1072  ddiv.o(.text)
    _drdiv                                   0x08000dcd   Thumb Code    20  ddiv.o(.text)
    __aeabi_i2d_normalise                    0x08000de5   Thumb Code    66  dflti.o(.text)
    __aeabi_i2d                              0x08000e27   Thumb Code    16  dflti.o(.text)
    _dflt                                    0x08000e27   Thumb Code     0  dflti.o(.text)
    __aeabi_ui2d                             0x08000e37   Thumb Code     6  dflti.o(.text)
    _dfltu                                   0x08000e37   Thumb Code     0  dflti.o(.text)
    __aeabi_dmul                             0x08000e3d   Thumb Code     0  dmul.o(.text)
    _dmul                                    0x08000e3d   Thumb Code   558  dmul.o(.text)
    __aeabi_f2d                              0x08001085   Thumb Code     0  f2d.o(.text)
    _f2d                                     0x08001085   Thumb Code    80  f2d.o(.text)
    __aeabi_fdiv                             0x080010d9   Thumb Code     0  fdiv.o(.text)
    _fdiv                                    0x080010d9   Thumb Code   334  fdiv.o(.text)
    _frdiv                                   0x08001227   Thumb Code     8  fdiv.o(.text)
    __aeabi_f2iz                             0x08001239   Thumb Code     0  ffixi.o(.text)
    _ffix                                    0x08001239   Thumb Code    76  ffixi.o(.text)
    __aeabi_f2uiz                            0x08001285   Thumb Code     0  ffixui.o(.text)
    _ffixu                                   0x08001285   Thumb Code    48  ffixui.o(.text)
    __aeabi_i2f_normalise                    0x080012b5   Thumb Code    72  fflti.o(.text)
    __aeabi_i2f                              0x080012fd   Thumb Code    16  fflti.o(.text)
    _fflt                                    0x080012fd   Thumb Code     0  fflti.o(.text)
    __aeabi_ui2f                             0x0800130d   Thumb Code     6  fflti.o(.text)
    _ffltu                                   0x0800130d   Thumb Code     0  fflti.o(.text)
    __ARM_scalbnf                            0x08001315   Thumb Code    64  fscalbn.o(.text)
    __read_errno                             0x08001359   Thumb Code    10  _rserrno.o(.text)
    __set_errno                              0x08001363   Thumb Code    12  _rserrno.o(.text)
    _printf_int_common                       0x0800136f   Thumb Code   176  _printf_intcommon.o(.text)
    __lib_sel_fp_printf                      0x08001421   Thumb Code     2  _printf_fp_dec.o(.text)
    _printf_fp_dec_real                      0x080015bf   Thumb Code   620  _printf_fp_dec.o(.text)
    _printf_char_common                      0x08001843   Thumb Code    32  _printf_char_common.o(.text)
    _sputc                                   0x08001869   Thumb Code    10  _sputc.o(.text)
    __rt_udiv10                              0x08001873   Thumb Code    40  rtudiv10.o(.text)
    __fpl_dcmp_InfNaN                        0x0800189d   Thumb Code   140  dcmpin.o(.text)
    __ARM_scalbn                             0x0800192d   Thumb Code    84  dscalbn.o(.text)
    __rt_locale                              0x0800198d   Thumb Code     8  rt_locale_intlibspace.o(.text)
    __aeabi_errno_addr                       0x08001995   Thumb Code     8  rt_errno_addr_intlibspace.o(.text)
    __errno$intlibspace                      0x08001995   Thumb Code     0  rt_errno_addr_intlibspace.o(.text)
    __rt_errno_addr$intlibspace              0x08001995   Thumb Code     0  rt_errno_addr_intlibspace.o(.text)
    _ll_udiv10                               0x0800199d   Thumb Code   122  lludiv10.o(.text)
    _printf_fp_infnan                        0x08001a19   Thumb Code   120  _printf_fp_infnan.o(.text)
    _btod_etento                             0x08001aa1   Thumb Code   210  bigflt0.o(.text)
    _btod_d2e                                0x08001b79   Thumb Code    64  btod.o(.text)
    _btod_emul                               0x08001fad   Thumb Code    28  btod.o(.text)
    _btod_emuld                              0x08001fc9   Thumb Code   144  btod.o(.text)
    _btod_ediv                               0x08002059   Thumb Code    26  btod.o(.text)
    _btod_edivd                              0x08002073   Thumb Code   124  btod.o(.text)
    __fpl_cmpreturn                          0x080020f9   Thumb Code    46  cmpret.o(.text)
    __fpl_dcheck_NaN2                        0x08002129   Thumb Code    14  dnan2.o(.text)
    __user_libspace                          0x0800213d   Thumb Code     8  libspace.o(.text)
    __user_perproc_libspace                  0x0800213d   Thumb Code     0  libspace.o(.text)
    __user_perthread_libspace                0x0800213d   Thumb Code     0  libspace.o(.text)
    __user_setup_stackheap                   0x08002145   Thumb Code    62  sys_stackheap_outer.o(.text)
    exit                                     0x08002183   Thumb Code    16  exit.o(.text)
    strcmp                                   0x08002195   Thumb Code   132  strcmp.o(.text)
    __fpl_return_NaN                         0x0800221d   Thumb Code    94  retnan.o(.text)
    _sys_exit                                0x0800227d   Thumb Code     8  sys_exit.o(.text)
    __I$use$semihosting                      0x08002289   Thumb Code     0  use_no_semi.o(.text)
    __use_no_semihosting_swi                 0x08002289   Thumb Code     2  use_no_semi.o(.text)
    __semihosting_library_function           0x0800228b   Thumb Code     0  indicate_semi.o(.text)
    ADC_Disable                              0x08002331   Thumb Code   110  stm32g0xx_hal_adc.o(i.ADC_Disable)
    ADC_Enable                               0x080023a5   Thumb Code   162  stm32g0xx_hal_adc.o(i.ADC_Enable)
    ADC_GetResistance                        0x08002459   Thumb Code    30  main.o(i.ADC_GetResistance)
    DMA1_Channel1_IRQHandler                 0x08002481   Thumb Code    10  stm32g0xx_it.o(i.DMA1_Channel1_IRQHandler)
    EXTI4_15_IRQHandler                      0x08002531   Thumb Code    10  stm32g0xx_it.o(i.EXTI4_15_IRQHandler)
    Error_Handler                            0x0800253b   Thumb Code     4  main.o(i.Error_Handler)
    FLASH_PageErase                          0x08002555   Thumb Code    20  stm32g0xx_hal_flash_ex.o(i.FLASH_PageErase)
    FLASH_WaitForLastOperation               0x080025c5   Thumb Code    86  stm32g0xx_hal_flash.o(i.FLASH_WaitForLastOperation)
    Flash_Write_Data                         0x0800262d   Thumb Code    88  main.o(i.Flash_Write_Data)
    HAL_ADCEx_Calibration_Start              0x08002689   Thumb Code   336  stm32g0xx_hal_adc_ex.o(i.HAL_ADCEx_Calibration_Start)
    HAL_ADC_ConfigChannel                    0x080027e9   Thumb Code   522  stm32g0xx_hal_adc.o(i.HAL_ADC_ConfigChannel)
    HAL_ADC_ConvCpltCallback                 0x08002a0d   Thumb Code     2  stm32g0xx_hal_adc.o(i.HAL_ADC_ConvCpltCallback)
    HAL_ADC_ConvHalfCpltCallback             0x08002a0f   Thumb Code     2  stm32g0xx_hal_adc.o(i.HAL_ADC_ConvHalfCpltCallback)
    HAL_ADC_ErrorCallback                    0x08002a11   Thumb Code     2  stm32g0xx_hal_adc.o(i.HAL_ADC_ErrorCallback)
    HAL_ADC_Init                             0x08002a15   Thumb Code   514  stm32g0xx_hal_adc.o(i.HAL_ADC_Init)
    HAL_ADC_MspInit                          0x08002c35   Thumb Code   134  adc.o(i.HAL_ADC_MspInit)
    HAL_ADC_Start_DMA                        0x08002ccd   Thumb Code   158  stm32g0xx_hal_adc.o(i.HAL_ADC_Start_DMA)
    HAL_DMA_IRQHandler                       0x08002d81   Thumb Code   180  stm32g0xx_hal_dma.o(i.HAL_DMA_IRQHandler)
    HAL_DMA_Init                             0x08002e39   Thumb Code   156  stm32g0xx_hal_dma.o(i.HAL_DMA_Init)
    HAL_DMA_Start_IT                         0x08002edd   Thumb Code   136  stm32g0xx_hal_dma.o(i.HAL_DMA_Start_IT)
    HAL_Delay                                0x08002f69   Thumb Code    32  stm32g0xx_hal.o(i.HAL_Delay)
    HAL_FLASHEx_Erase                        0x08002f8d   Thumb Code   126  stm32g0xx_hal_flash_ex.o(i.HAL_FLASHEx_Erase)
    HAL_FLASH_Lock                           0x08003015   Thumb Code    34  stm32g0xx_hal_flash.o(i.HAL_FLASH_Lock)
    HAL_FLASH_Program                        0x0800303d   Thumb Code    88  stm32g0xx_hal_flash.o(i.HAL_FLASH_Program)
    HAL_FLASH_Unlock                         0x0800309d   Thumb Code    28  stm32g0xx_hal_flash.o(i.HAL_FLASH_Unlock)
    HAL_GPIO_EXTI_Falling_Callback           0x080030c5   Thumb Code     2  stm32g0xx_hal_gpio.o(i.HAL_GPIO_EXTI_Falling_Callback)
    HAL_GPIO_EXTI_IRQHandler                 0x080030c9   Thumb Code    36  stm32g0xx_hal_gpio.o(i.HAL_GPIO_EXTI_IRQHandler)
    HAL_GPIO_EXTI_Rising_Callback            0x080030f1   Thumb Code     2  stm32g0xx_hal_gpio.o(i.HAL_GPIO_EXTI_Rising_Callback)
    HAL_GPIO_Init                            0x080030f5   Thumb Code   330  stm32g0xx_hal_gpio.o(i.HAL_GPIO_Init)
    HAL_GPIO_ReadPin                         0x08003251   Thumb Code    10  stm32g0xx_hal_gpio.o(i.HAL_GPIO_ReadPin)
    HAL_GPIO_TogglePin                       0x0800325b   Thumb Code    16  stm32g0xx_hal_gpio.o(i.HAL_GPIO_TogglePin)
    HAL_GPIO_WritePin                        0x0800326b   Thumb Code    12  stm32g0xx_hal_gpio.o(i.HAL_GPIO_WritePin)
    HAL_GetTick                              0x08003279   Thumb Code     6  stm32g0xx_hal.o(i.HAL_GetTick)
    HAL_IncTick                              0x08003285   Thumb Code    12  stm32g0xx_hal.o(i.HAL_IncTick)
    HAL_Init                                 0x08003295   Thumb Code    36  stm32g0xx_hal.o(i.HAL_Init)
    HAL_InitTick                             0x080032bd   Thumb Code    64  stm32g0xx_hal.o(i.HAL_InitTick)
    HAL_MspInit                              0x08003305   Thumb Code    38  stm32g0xx_hal_msp.o(i.HAL_MspInit)
    HAL_NVIC_EnableIRQ                       0x08003331   Thumb Code    18  stm32g0xx_hal_cortex.o(i.HAL_NVIC_EnableIRQ)
    HAL_NVIC_SetPriority                     0x08003349   Thumb Code     8  stm32g0xx_hal_cortex.o(i.HAL_NVIC_SetPriority)
    HAL_PWREx_ControlVoltageScaling          0x08003351   Thumb Code    62  stm32g0xx_hal_pwr_ex.o(i.HAL_PWREx_ControlVoltageScaling)
    HAL_RCCEx_PeriphCLKConfig                0x0800339d   Thumb Code   320  stm32g0xx_hal_rcc_ex.o(i.HAL_RCCEx_PeriphCLKConfig)
    HAL_RCC_ClockConfig                      0x080034e9   Thumb Code   318  stm32g0xx_hal_rcc.o(i.HAL_RCC_ClockConfig)
    HAL_RCC_GetPCLK1Freq                     0x08003641   Thumb Code    26  stm32g0xx_hal_rcc.o(i.HAL_RCC_GetPCLK1Freq)
    HAL_RCC_GetSysClockFreq                  0x08003669   Thumb Code   130  stm32g0xx_hal_rcc.o(i.HAL_RCC_GetSysClockFreq)
    HAL_RCC_OscConfig                        0x080036f5   Thumb Code   946  stm32g0xx_hal_rcc.o(i.HAL_RCC_OscConfig)
    HAL_SYSTICK_Config                       0x08003acd   Thumb Code    38  stm32g0xx_hal_cortex.o(i.HAL_SYSTICK_Config)
    HAL_TIMEx_Break2Callback                 0x08003afd   Thumb Code     2  stm32g0xx_hal_tim_ex.o(i.HAL_TIMEx_Break2Callback)
    HAL_TIMEx_BreakCallback                  0x08003aff   Thumb Code     2  stm32g0xx_hal_tim_ex.o(i.HAL_TIMEx_BreakCallback)
    HAL_TIMEx_CommutCallback                 0x08003b01   Thumb Code     2  stm32g0xx_hal_tim_ex.o(i.HAL_TIMEx_CommutCallback)
    HAL_TIMEx_ConfigBreakDeadTime            0x08003b05   Thumb Code   164  stm32g0xx_hal_tim_ex.o(i.HAL_TIMEx_ConfigBreakDeadTime)
    HAL_TIMEx_MasterConfigSynchronization    0x08003bad   Thumb Code    90  stm32g0xx_hal_tim_ex.o(i.HAL_TIMEx_MasterConfigSynchronization)
    HAL_TIM_Base_Init                        0x08003c11   Thumb Code    76  stm32g0xx_hal_tim.o(i.HAL_TIM_Base_Init)
    HAL_TIM_Base_MspInit                     0x08003c5d   Thumb Code    82  tim.o(i.HAL_TIM_Base_MspInit)
    HAL_TIM_Base_Start_IT                    0x08003cbd   Thumb Code    68  stm32g0xx_hal_tim.o(i.HAL_TIM_Base_Start_IT)
    HAL_TIM_ConfigClockSource                0x08003d0d   Thumb Code   220  stm32g0xx_hal_tim.o(i.HAL_TIM_ConfigClockSource)
    HAL_TIM_IC_CaptureCallback               0x08003ded   Thumb Code     2  stm32g0xx_hal_tim.o(i.HAL_TIM_IC_CaptureCallback)
    HAL_TIM_IRQHandler                       0x08003df1   Thumb Code   318  stm32g0xx_hal_tim.o(i.HAL_TIM_IRQHandler)
    HAL_TIM_MspPostInit                      0x08003f39   Thumb Code    96  tim.o(i.HAL_TIM_MspPostInit)
    HAL_TIM_OC_DelayElapsedCallback          0x08003fa5   Thumb Code     2  stm32g0xx_hal_tim.o(i.HAL_TIM_OC_DelayElapsedCallback)
    HAL_TIM_PWM_ConfigChannel                0x08003fa7   Thumb Code   296  stm32g0xx_hal_tim.o(i.HAL_TIM_PWM_ConfigChannel)
    HAL_TIM_PWM_Init                         0x080040cf   Thumb Code    76  stm32g0xx_hal_tim.o(i.HAL_TIM_PWM_Init)
    HAL_TIM_PWM_MspInit                      0x0800411b   Thumb Code     2  stm32g0xx_hal_tim.o(i.HAL_TIM_PWM_MspInit)
    HAL_TIM_PWM_PulseFinishedCallback        0x0800411d   Thumb Code     2  stm32g0xx_hal_tim.o(i.HAL_TIM_PWM_PulseFinishedCallback)
    HAL_TIM_PWM_Start                        0x08004121   Thumb Code   172  stm32g0xx_hal_tim.o(i.HAL_TIM_PWM_Start)
    HAL_TIM_PeriodElapsedCallback            0x080041e1   Thumb Code   988  main.o(i.HAL_TIM_PeriodElapsedCallback)
    HAL_TIM_TriggerCallback                  0x0800460d   Thumb Code     2  stm32g0xx_hal_tim.o(i.HAL_TIM_TriggerCallback)
    HAL_UARTEx_DisableFifoMode               0x0800460f   Thumb Code    60  stm32g0xx_hal_uart_ex.o(i.HAL_UARTEx_DisableFifoMode)
    HAL_UARTEx_SetRxFifoThreshold            0x0800464b   Thumb Code    72  stm32g0xx_hal_uart_ex.o(i.HAL_UARTEx_SetRxFifoThreshold)
    HAL_UARTEx_SetTxFifoThreshold            0x08004693   Thumb Code    70  stm32g0xx_hal_uart_ex.o(i.HAL_UARTEx_SetTxFifoThreshold)
    HAL_UART_Init                            0x080046d9   Thumb Code   108  stm32g0xx_hal_uart.o(i.HAL_UART_Init)
    HAL_UART_MspInit                         0x08004745   Thumb Code   118  usart.o(i.HAL_UART_MspInit)
    HAL_UART_Transmit                        0x080047c5   Thumb Code   206  stm32g0xx_hal_uart.o(i.HAL_UART_Transmit)
    HardFault_Handler                        0x08004893   Thumb Code     2  stm32g0xx_it.o(i.HardFault_Handler)
    LAverageFilter                           0x08004895   Thumb Code   138  main.o(i.LAverageFilter)
    MX_ADC1_Init                             0x08004975   Thumb Code   268  adc.o(i.MX_ADC1_Init)
    MX_DMA_Init                              0x08004aa9   Thumb Code    36  dma.o(i.MX_DMA_Init)
    MX_GPIO_Init                             0x08004ad1   Thumb Code   162  gpio.o(i.MX_GPIO_Init)
    MX_TIM1_Init                             0x08004b7d   Thumb Code   240  tim.o(i.MX_TIM1_Init)
    MX_TIM3_Init                             0x08004c79   Thumb Code   100  tim.o(i.MX_TIM3_Init)
    MX_USART1_UART_Init                      0x08004ce9   Thumb Code    96  usart.o(i.MX_USART1_UART_Init)
    NMI_Handler                              0x08004d51   Thumb Code     2  stm32g0xx_it.o(i.NMI_Handler)
    OLED_Clear                               0x08004d55   Thumb Code    34  oled.o(i.OLED_Clear)
    OLED_ClearArea                           0x08004d7d   Thumb Code    84  oled.o(i.OLED_ClearArea)
    OLED_DrawLine                            0x08004dd5   Thumb Code   218  oled.o(i.OLED_DrawLine)
    OLED_DrawPoint                           0x08004eb1   Thumb Code    34  oled.o(i.OLED_DrawPoint)
    OLED_DrawTempCurve                       0x08004ed9   Thumb Code   316  main.o(i.OLED_DrawTempCurve)
    OLED_FillRect                            0x08005035   Thumb Code    48  oled.o(i.OLED_FillRect)
    OLED_GPIO_Init                           0x08005065   Thumb Code    88  oled.o(i.OLED_GPIO_Init)
    OLED_I2C_SendByte                        0x080050c5   Thumb Code    56  oled.o(i.OLED_I2C_SendByte)
    OLED_I2C_Start                           0x080050fd   Thumb Code    28  oled.o(i.OLED_I2C_Start)
    OLED_I2C_Stop                            0x08005119   Thumb Code    22  oled.o(i.OLED_I2C_Stop)
    OLED_Init                                0x0800512f   Thumb Code   146  oled.o(i.OLED_Init)
    OLED_Pow                                 0x080051c1   Thumb Code    14  oled.o(i.OLED_Pow)
    OLED_ReverseArea                         0x080051d1   Thumb Code    84  oled.o(i.OLED_ReverseArea)
    OLED_SetCursor                           0x08005229   Thumb Code    32  oled.o(i.OLED_SetCursor)
    OLED_ShowChar                            0x08005249   Thumb Code    50  oled.o(i.OLED_ShowChar)
    OLED_ShowFirstScreen                     0x08005285   Thumb Code    86  main.o(i.OLED_ShowFirstScreen)
    OLED_ShowImage                           0x080052f5   Thumb Code   166  oled.o(i.OLED_ShowImage)
    OLED_ShowNum                             0x080053a1   Thumb Code    70  oled.o(i.OLED_ShowNum)
    OLED_ShowNumberSelector                  0x080053e9   Thumb Code   184  main.o(i.OLED_ShowNumberSelector)
    OLED_ShowString                          0x080054bd   Thumb Code    40  oled.o(i.OLED_ShowString)
    OLED_Update                              0x080054e5   Thumb Code    34  oled.o(i.OLED_Update)
    OLED_UpdateArea                          0x0800550d   Thumb Code    88  oled.o(i.OLED_UpdateArea)
    OLED_UpdateScrollText                    0x08005569   Thumb Code   106  main.o(i.OLED_UpdateScrollText)
    OLED_W_SCL                               0x080055d9   Thumb Code    16  oled.o(i.OLED_W_SCL)
    OLED_W_SDA                               0x080055ed   Thumb Code    16  oled.o(i.OLED_W_SDA)
    OLED_WriteCommand                        0x08005601   Thumb Code    32  oled.o(i.OLED_WriteCommand)
    OLED_WriteData                           0x08005621   Thumb Code    46  oled.o(i.OLED_WriteData)
    PID_INIT                                 0x0800564f   Thumb Code    26  main.o(i.PID_INIT)
    PID_calculate                            0x08005669   Thumb Code   120  main.o(i.PID_calculate)
    PendSV_Handler                           0x080056e9   Thumb Code     2  stm32g0xx_it.o(i.PendSV_Handler)
    Resistance2Temerature                    0x080056ed   Thumb Code    68  main.o(i.Resistance2Temerature)
    SVC_Handler                              0x08005745   Thumb Code     2  stm32g0xx_it.o(i.SVC_Handler)
    ShowCursor                               0x08005749   Thumb Code    96  main.o(i.ShowCursor)
    SysTick_Handler                          0x080057bd   Thumb Code     8  stm32g0xx_it.o(i.SysTick_Handler)
    SystemClock_Config                       0x080057c5   Thumb Code   104  main.o(i.SystemClock_Config)
    SystemInit                               0x0800582d   Thumb Code     2  system_stm32g0xx.o(i.SystemInit)
    TIM1_CC_IRQHandler                       0x08005831   Thumb Code    10  stm32g0xx_it.o(i.TIM1_CC_IRQHandler)
    TIM3_IRQHandler                          0x08005841   Thumb Code    10  stm32g0xx_it.o(i.TIM3_IRQHandler)
    TIM_Base_SetConfig                       0x08005851   Thumb Code   114  stm32g0xx_hal_tim.o(i.TIM_Base_SetConfig)
    TIM_CCxChannelCmd                        0x080058d9   Thumb Code    26  stm32g0xx_hal_tim.o(i.TIM_CCxChannelCmd)
    TIM_ETR_SetConfig                        0x080058f3   Thumb Code    22  stm32g0xx_hal_tim.o(i.TIM_ETR_SetConfig)
    TIM_OC2_SetConfig                        0x08005999   Thumb Code   106  stm32g0xx_hal_tim.o(i.TIM_OC2_SetConfig)
    UART_AdvFeatureConfig                    0x08005c45   Thumb Code   202  stm32g0xx_hal_uart.o(i.UART_AdvFeatureConfig)
    UART_CheckIdleState                      0x08005d11   Thumb Code   180  stm32g0xx_hal_uart.o(i.UART_CheckIdleState)
    UART_SetConfig                           0x08005e2d   Thumb Code   326  stm32g0xx_hal_uart.o(i.UART_SetConfig)
    UART_WaitOnFlagUntilTimeout              0x08005f95   Thumb Code   144  stm32g0xx_hal_uart.o(i.UART_WaitOnFlagUntilTimeout)
    __ARM_common_ll_muluu                    0x08006025   Thumb Code    48  btod.o(i.__ARM_common_ll_muluu)
    __ARM_fpclassify                         0x08006055   Thumb Code    40  fpclassify.o(i.__ARM_fpclassify)
    __kernel_poly                            0x080060c5   Thumb Code   172  poly.o(i.__kernel_poly)
    __mathlib_dbl_divzero                    0x08006171   Thumb Code    16  dunder.o(i.__mathlib_dbl_divzero)
    __mathlib_dbl_infnan                     0x08006185   Thumb Code    10  dunder.o(i.__mathlib_dbl_infnan)
    __mathlib_dbl_invalid                    0x0800618f   Thumb Code    16  dunder.o(i.__mathlib_dbl_invalid)
    _is_digit                                0x0800619f   Thumb Code    14  __printf_wp.o(i._is_digit)
    log                                      0x080061ad   Thumb Code   790  log.o(i.log)
    main                                     0x08006501   Thumb Code   234  main.o(i.main)
    moveAverageFilter                        0x08006615   Thumb Code    96  main.o(i.moveAverageFilter)
    _get_lc_numeric                          0x0800667d   Thumb Code    44  lc_numeric_c.o(locale$$code)
    __aeabi_cdcmpeq                          0x080066a9   Thumb Code     0  deqf.o(x$fpl$deqf)
    _dcmpeq                                  0x080066a9   Thumb Code    94  deqf.o(x$fpl$deqf)
    __aeabi_fadd                             0x0800670d   Thumb Code     0  faddsub.o(x$fpl$fadd)
    _fadd                                    0x0800670d   Thumb Code   134  faddsub.o(x$fpl$fadd)
    __aeabi_fmul                             0x08006799   Thumb Code     0  fmul.o(x$fpl$fmul)
    _fmul                                    0x08006799   Thumb Code   172  fmul.o(x$fpl$fmul)
    __aeabi_frsub                            0x08006849   Thumb Code     0  faddsub.o(x$fpl$frsb)
    _frsb                                    0x08006849   Thumb Code    24  faddsub.o(x$fpl$frsb)
    __aeabi_fsub                             0x08006861   Thumb Code     0  faddsub.o(x$fpl$fsub)
    _fsub                                    0x08006861   Thumb Code   204  faddsub.o(x$fpl$fsub)
    _printf_fp_dec                           0x08006931   Thumb Code    16  printf1.o(x$fpl$printf1)
    UARTPrescTable                           0x08006940   Data          24  stm32g0xx_hal_uart.o(.constdata)
    __I$use$fp                               0x08006940   Number         0  usenofp.o(x$fpl$usenofp)
    AHBPrescTable                            0x08006968   Data          64  system_stm32g0xx.o(.constdata)
    APBPrescTable                            0x080069a8   Data          32  system_stm32g0xx.o(.constdata)
    OLED_F8x16                               0x080069c8   Data        1520  oled_data.o(.constdata)
    OLED_F6x8                                0x08006fb8   Data         570  oled_data.o(.constdata)
    __mathlib_zero                           0x08007300   Data           8  qnan.o(.constdata)
    Region$$Table$$Base                      0x0800739c   Number         0  anon$$obj.o(Region$$Table)
    Region$$Table$$Limit                     0x080073bc   Number         0  anon$$obj.o(Region$$Table)
    wake_pressed                             0x20000000   Data           1  main.o(.data)
    current_cursor                           0x20000001   Data           1  main.o(.data)
    key1_pressed                             0x20000002   Data           1  main.o(.data)
    key2_pressed                             0x20000003   Data           1  main.o(.data)
    menu_level                               0x20000007   Data           1  main.o(.data)
    menu_switching                           0x20000008   Data           1  main.o(.data)
    curve_index                              0x20000009   Data           1  main.o(.data)
    is_reality_page                          0x2000000a   Data           1  main.o(.data)
    hot1_target                              0x20000018   Data           2  main.o(.data)
    hot2_target                              0x2000001a   Data           2  main.o(.data)
    PWM1                                     0x2000001e   Data           2  main.o(.data)
    scroll_position                          0x20000020   Data           2  main.o(.data)
    scroll_delay_cnt                         0x20000022   Data           2  main.o(.data)
    curve_update_cnt                         0x20000024   Data           2  main.o(.data)
    hot1_reality                             0x20000028   Data           4  main.o(.data)
    NTC1_R                                   0x2000002c   Data           4  main.o(.data)
    cursor_positions                         0x20000034   Data           8  main.o(.data)
    scroll_text                              0x2000004c   Data          50  main.o(.data)
    uwTickFreq                               0x20000080   Data           1  stm32g0xx_hal.o(.data)
    uwTickPrio                               0x20000084   Data           4  stm32g0xx_hal.o(.data)
    uwTick                                   0x20000088   Data           4  stm32g0xx_hal.o(.data)
    SystemCoreClock                          0x2000008c   Data           4  system_stm32g0xx.o(.data)
    message                                  0x20000090   Data          50  main.o(.bss)
    adc_buf                                  0x200000e4   Data          16  main.o(.bss)
    adc_value                                0x200000f4   Data          16  main.o(.bss)
    PID_Ctrl1                                0x200001f4   Data          40  main.o(.bss)
    temp_history                             0x2000021c   Data         256  main.o(.bss)
    target_history                           0x2000031c   Data         256  main.o(.bss)
    hadc1                                    0x2000041c   Data         100  adc.o(.bss)
    hdma_adc1                                0x20000480   Data          92  adc.o(.bss)
    htim1                                    0x200004dc   Data          76  tim.o(.bss)
    htim3                                    0x20000528   Data          76  tim.o(.bss)
    huart1                                   0x20000574   Data         148  usart.o(.bss)
    pFlash                                   0x20000608   Data          28  stm32g0xx_hal_flash.o(.bss)
    OLED_DisplayBuf                          0x20000624   Data        1024  oled.o(.bss)
    __libspace_start                         0x20000a24   Data          96  libspace.o(.bss)
    __temporary_stack_top$libspace           0x20000a84   Data           0  libspace.o(.bss)



==============================================================================

Memory Map of the image

  Image Entry point : 0x080000c1

  Load Region LR_IROM1 (Base: 0x08000000, Size: 0x00007468, Max: 0x00008000, ABSOLUTE)

    Execution Region ER_IROM1 (Exec base: 0x08000000, Load base: 0x08000000, Size: 0x000073d8, Max: 0x00008000, ABSOLUTE)

    Exec Addr    Load Addr    Size         Type   Attr      Idx    E Section Name        Object

    0x08000000   0x08000000   0x000000c0   Data   RO            3    RESET               startup_stm32g030xx.o
    0x080000c0   0x080000c0   0x00000008   Code   RO         3883  * !!!main             c_p.l(__main.o)
    0x080000c8   0x080000c8   0x0000003c   Code   RO         4279    !!!scatter          c_p.l(__scatter.o)
    0x08000104   0x08000104   0x0000001a   Code   RO         4281    !!handler_copy      c_p.l(__scatter_copy.o)
    0x0800011e   0x0800011e   0x00000002   PAD
    0x08000120   0x08000120   0x0000001c   Code   RO         4283    !!handler_zi        c_p.l(__scatter_zi.o)
    0x0800013c   0x0800013c   0x00000002   Code   RO         3872    .ARM.Collect$$_printf_percent$$00000000  c_p.l(_printf_percent.o)
    0x0800013e   0x0800013e   0x0000000a   Code   RO         3871    .ARM.Collect$$_printf_percent$$00000003  c_p.l(_printf_f.o)
    0x08000148   0x08000148   0x0000000a   Code   RO         3870    .ARM.Collect$$_printf_percent$$00000009  c_p.l(_printf_d.o)
    0x08000152   0x08000152   0x00000004   Code   RO         4011    .ARM.Collect$$_printf_percent$$00000017  c_p.l(_printf_percent_end.o)
    0x08000156   0x08000156   0x00000002   Code   RO         4144    .ARM.Collect$$libinit$$00000000  c_p.l(libinit.o)
    0x08000158   0x08000158   0x00000000   Code   RO         4146    .ARM.Collect$$libinit$$00000002  c_p.l(libinit2.o)
    0x08000158   0x08000158   0x00000000   Code   RO         4148    .ARM.Collect$$libinit$$00000004  c_p.l(libinit2.o)
    0x08000158   0x08000158   0x00000000   Code   RO         4151    .ARM.Collect$$libinit$$0000000A  c_p.l(libinit2.o)
    0x08000158   0x08000158   0x00000000   Code   RO         4153    .ARM.Collect$$libinit$$0000000C  c_p.l(libinit2.o)
    0x08000158   0x08000158   0x00000000   Code   RO         4155    .ARM.Collect$$libinit$$0000000E  c_p.l(libinit2.o)
    0x08000158   0x08000158   0x00000006   Code   RO         4156    .ARM.Collect$$libinit$$0000000F  c_p.l(libinit2.o)
    0x0800015e   0x0800015e   0x00000000   Code   RO         4158    .ARM.Collect$$libinit$$00000011  c_p.l(libinit2.o)
    0x0800015e   0x0800015e   0x00000000   Code   RO         4160    .ARM.Collect$$libinit$$00000013  c_p.l(libinit2.o)
    0x0800015e   0x0800015e   0x00000000   Code   RO         4162    .ARM.Collect$$libinit$$00000015  c_p.l(libinit2.o)
    0x0800015e   0x0800015e   0x0000000a   Code   RO         4163    .ARM.Collect$$libinit$$00000016  c_p.l(libinit2.o)
    0x08000168   0x08000168   0x00000000   Code   RO         4164    .ARM.Collect$$libinit$$00000017  c_p.l(libinit2.o)
    0x08000168   0x08000168   0x00000000   Code   RO         4166    .ARM.Collect$$libinit$$00000019  c_p.l(libinit2.o)
    0x08000168   0x08000168   0x00000000   Code   RO         4168    .ARM.Collect$$libinit$$0000001B  c_p.l(libinit2.o)
    0x08000168   0x08000168   0x00000000   Code   RO         4170    .ARM.Collect$$libinit$$0000001D  c_p.l(libinit2.o)
    0x08000168   0x08000168   0x00000000   Code   RO         4172    .ARM.Collect$$libinit$$0000001F  c_p.l(libinit2.o)
    0x08000168   0x08000168   0x00000000   Code   RO         4174    .ARM.Collect$$libinit$$00000021  c_p.l(libinit2.o)
    0x08000168   0x08000168   0x00000000   Code   RO         4176    .ARM.Collect$$libinit$$00000023  c_p.l(libinit2.o)
    0x08000168   0x08000168   0x00000000   Code   RO         4178    .ARM.Collect$$libinit$$00000025  c_p.l(libinit2.o)
    0x08000168   0x08000168   0x00000000   Code   RO         4182    .ARM.Collect$$libinit$$0000002C  c_p.l(libinit2.o)
    0x08000168   0x08000168   0x00000000   Code   RO         4184    .ARM.Collect$$libinit$$0000002E  c_p.l(libinit2.o)
    0x08000168   0x08000168   0x00000000   Code   RO         4186    .ARM.Collect$$libinit$$00000030  c_p.l(libinit2.o)
    0x08000168   0x08000168   0x00000000   Code   RO         4188    .ARM.Collect$$libinit$$00000032  c_p.l(libinit2.o)
    0x08000168   0x08000168   0x00000002   Code   RO         4189    .ARM.Collect$$libinit$$00000033  c_p.l(libinit2.o)
    0x0800016a   0x0800016a   0x00000002   Code   RO         4242    .ARM.Collect$$libshutdown$$00000000  c_p.l(libshutdown.o)
    0x0800016c   0x0800016c   0x00000000   Code   RO         4260    .ARM.Collect$$libshutdown$$00000002  c_p.l(libshutdown2.o)
    0x0800016c   0x0800016c   0x00000000   Code   RO         4262    .ARM.Collect$$libshutdown$$00000004  c_p.l(libshutdown2.o)
    0x0800016c   0x0800016c   0x00000000   Code   RO         4264    .ARM.Collect$$libshutdown$$00000006  c_p.l(libshutdown2.o)
    0x0800016c   0x0800016c   0x00000000   Code   RO         4267    .ARM.Collect$$libshutdown$$00000009  c_p.l(libshutdown2.o)
    0x0800016c   0x0800016c   0x00000000   Code   RO         4270    .ARM.Collect$$libshutdown$$0000000C  c_p.l(libshutdown2.o)
    0x0800016c   0x0800016c   0x00000000   Code   RO         4272    .ARM.Collect$$libshutdown$$0000000E  c_p.l(libshutdown2.o)
    0x0800016c   0x0800016c   0x00000000   Code   RO         4275    .ARM.Collect$$libshutdown$$00000011  c_p.l(libshutdown2.o)
    0x0800016c   0x0800016c   0x00000002   Code   RO         4276    .ARM.Collect$$libshutdown$$00000012  c_p.l(libshutdown2.o)
    0x0800016e   0x0800016e   0x00000000   Code   RO         3945    .ARM.Collect$$rtentry$$00000000  c_p.l(__rtentry.o)
    0x0800016e   0x0800016e   0x00000000   Code   RO         4064    .ARM.Collect$$rtentry$$00000002  c_p.l(__rtentry2.o)
    0x0800016e   0x0800016e   0x00000006   Code   RO         4076    .ARM.Collect$$rtentry$$00000004  c_p.l(__rtentry4.o)
    0x08000174   0x08000174   0x00000000   Code   RO         4066    .ARM.Collect$$rtentry$$00000009  c_p.l(__rtentry2.o)
    0x08000174   0x08000174   0x00000004   Code   RO         4067    .ARM.Collect$$rtentry$$0000000A  c_p.l(__rtentry2.o)
    0x08000178   0x08000178   0x00000000   Code   RO         4069    .ARM.Collect$$rtentry$$0000000C  c_p.l(__rtentry2.o)
    0x08000178   0x08000178   0x00000008   Code   RO         4070    .ARM.Collect$$rtentry$$0000000D  c_p.l(__rtentry2.o)
    0x08000180   0x08000180   0x00000002   Code   RO         4193    .ARM.Collect$$rtexit$$00000000  c_p.l(rtexit.o)
    0x08000182   0x08000182   0x00000000   Code   RO         4211    .ARM.Collect$$rtexit$$00000002  c_p.l(rtexit2.o)
    0x08000182   0x08000182   0x00000004   Code   RO         4212    .ARM.Collect$$rtexit$$00000003  c_p.l(rtexit2.o)
    0x08000186   0x08000186   0x00000006   Code   RO         4213    .ARM.Collect$$rtexit$$00000004  c_p.l(rtexit2.o)
    0x0800018c   0x0800018c   0x00000038   Code   RO            4    .text               startup_stm32g030xx.o
    0x080001c4   0x080001c4   0x0000002c   Code   RO         3842    .text               c_p.l(__2sprintf.o)
    0x080001f0   0x080001f0   0x0000006c   Code   RO         3848    .text               c_p.l(_printf_dec.o)
    0x0800025c   0x0800025c   0x00000188   Code   RO         3867    .text               c_p.l(__printf_flags_ss_wp.o)
    0x080003e4   0x080003e4   0x00000044   Code   RO         3873    .text               c_p.l(strlen.o)
    0x08000428   0x08000428   0x00000040   Code   RO         3875    .text               c_p.l(rt_memclr.o)
    0x08000468   0x08000468   0x0000015a   Code   RO         3877    .text               c_p.l(aeabi_sdiv.o)
    0x080005c2   0x080005c2   0x00000006   Code   RO         3881    .text               c_p.l(heapauxi.o)
    0x080005c8   0x080005c8   0x0000007c   Code   RO         3885    .text               fz_ps.l(d2f.o)
    0x08000644   0x08000644   0x00000358   Code   RO         3887    .text               fz_ps.l(daddsub.o)
    0x0800099c   0x0800099c   0x00000448   Code   RO         3889    .text               fz_ps.l(ddiv.o)
    0x08000de4   0x08000de4   0x00000058   Code   RO         3896    .text               fz_ps.l(dflti.o)
    0x08000e3c   0x08000e3c   0x00000248   Code   RO         3900    .text               fz_ps.l(dmul.o)
    0x08001084   0x08001084   0x00000054   Code   RO         3904    .text               fz_ps.l(f2d.o)
    0x080010d8   0x080010d8   0x00000160   Code   RO         3912    .text               fz_ps.l(fdiv.o)
    0x08001238   0x08001238   0x0000004c   Code   RO         3915    .text               fz_ps.l(ffixi.o)
    0x08001284   0x08001284   0x00000030   Code   RO         3917    .text               fz_ps.l(ffixui.o)
    0x080012b4   0x080012b4   0x0000005e   Code   RO         3919    .text               fz_ps.l(fflti.o)
    0x08001312   0x08001312   0x00000002   PAD
    0x08001314   0x08001314   0x00000044   Code   RO         3923    .text               fz_ps.l(fscalbn.o)
    0x08001358   0x08001358   0x00000016   Code   RO         3950    .text               c_p.l(_rserrno.o)
    0x0800136e   0x0800136e   0x000000b0   Code   RO         3958    .text               c_p.l(_printf_intcommon.o)
    0x0800141e   0x0800141e   0x00000002   PAD
    0x08001420   0x08001420   0x00000418   Code   RO         3962    .text               c_p.l(_printf_fp_dec.o)
    0x08001838   0x08001838   0x00000030   Code   RO         3964    .text               c_p.l(_printf_char_common.o)
    0x08001868   0x08001868   0x0000000a   Code   RO         3966    .text               c_p.l(_sputc.o)
    0x08001872   0x08001872   0x00000028   Code   RO         4021    .text               c_p.l(rtudiv10.o)
    0x0800189a   0x0800189a   0x00000002   PAD
    0x0800189c   0x0800189c   0x00000090   Code   RO         4023    .text               fz_ps.l(dcmpin.o)
    0x0800192c   0x0800192c   0x00000060   Code   RO         4027    .text               fz_ps.l(dscalbn.o)
    0x0800198c   0x0800198c   0x00000008   Code   RO         4083    .text               c_p.l(rt_locale_intlibspace.o)
    0x08001994   0x08001994   0x00000008   Code   RO         4088    .text               c_p.l(rt_errno_addr_intlibspace.o)
    0x0800199c   0x0800199c   0x0000007a   Code   RO         4090    .text               c_p.l(lludiv10.o)
    0x08001a16   0x08001a16   0x00000002   PAD
    0x08001a18   0x08001a18   0x00000088   Code   RO         4095    .text               c_p.l(_printf_fp_infnan.o)
    0x08001aa0   0x08001aa0   0x000000d8   Code   RO         4103    .text               c_p.l(bigflt0.o)
    0x08001b78   0x08001b78   0x00000580   Code   RO         4106    .text               c_p.l(btod.o)
    0x080020f8   0x080020f8   0x0000002e   Code   RO         4115    .text               fz_ps.l(cmpret.o)
    0x08002126   0x08002126   0x00000002   PAD
    0x08002128   0x08002128   0x00000014   Code   RO         4117    .text               fz_ps.l(dnan2.o)
    0x0800213c   0x0800213c   0x00000008   Code   RO         4123    .text               c_p.l(libspace.o)
    0x08002144   0x08002144   0x0000003e   Code   RO         4126    .text               c_p.l(sys_stackheap_outer.o)
    0x08002182   0x08002182   0x00000010   Code   RO         4131    .text               c_p.l(exit.o)
    0x08002192   0x08002192   0x00000002   PAD
    0x08002194   0x08002194   0x00000088   Code   RO         4137    .text               c_p.l(strcmp.o)
    0x0800221c   0x0800221c   0x0000005e   Code   RO         4190    .text               fz_ps.l(retnan.o)
    0x0800227a   0x0800227a   0x00000002   PAD
    0x0800227c   0x0800227c   0x0000000c   Code   RO         4208    .text               c_p.l(sys_exit.o)
    0x08002288   0x08002288   0x00000002   Code   RO         4229    .text               c_p.l(use_no_semi.o)
    0x0800228a   0x0800228a   0x00000000   Code   RO         4231    .text               c_p.l(indicate_semi.o)
    0x0800228a   0x0800228a   0x00000080   Code   RO          557    i.ADC_DMAConvCplt   stm32g0xx_hal_adc.o
    0x0800230a   0x0800230a   0x0000001a   Code   RO          558    i.ADC_DMAError      stm32g0xx_hal_adc.o
    0x08002324   0x08002324   0x0000000a   Code   RO          559    i.ADC_DMAHalfConvCplt  stm32g0xx_hal_adc.o
    0x0800232e   0x0800232e   0x00000002   PAD
    0x08002330   0x08002330   0x00000074   Code   RO          560    i.ADC_Disable       stm32g0xx_hal_adc.o
    0x080023a4   0x080023a4   0x000000b4   Code   RO          561    i.ADC_Enable        stm32g0xx_hal_adc.o
    0x08002458   0x08002458   0x00000028   Code   RO           12    i.ADC_GetResistance  main.o
    0x08002480   0x08002480   0x00000010   Code   RO          464    i.DMA1_Channel1_IRQHandler  stm32g0xx_it.o
    0x08002490   0x08002490   0x00000030   Code   RO         1256    i.DMA_CalcDMAMUXChannelBaseAndMask  stm32g0xx_hal_dma.o
    0x080024c0   0x080024c0   0x00000028   Code   RO         1257    i.DMA_CalcDMAMUXRequestGenBaseAndMask  stm32g0xx_hal_dma.o
    0x080024e8   0x080024e8   0x00000048   Code   RO         1258    i.DMA_SetConfig     stm32g0xx_hal_dma.o
    0x08002530   0x08002530   0x0000000a   Code   RO          465    i.EXTI4_15_IRQHandler  stm32g0xx_it.o
    0x0800253a   0x0800253a   0x00000004   Code   RO           13    i.Error_Handler     main.o
    0x0800253e   0x0800253e   0x00000002   PAD
    0x08002540   0x08002540   0x00000014   Code   RO         1107    i.FLASH_MassErase   stm32g0xx_hal_flash_ex.o
    0x08002554   0x08002554   0x00000020   Code   RO         1111    i.FLASH_PageErase   stm32g0xx_hal_flash_ex.o
    0x08002574   0x08002574   0x0000001c   Code   RO         1001    i.FLASH_Program_DoubleWord  stm32g0xx_hal_flash.o
    0x08002590   0x08002590   0x00000034   Code   RO         1002    i.FLASH_Program_Fast  stm32g0xx_hal_flash.o
    0x080025c4   0x080025c4   0x00000068   Code   RO         1003    i.FLASH_WaitForLastOperation  stm32g0xx_hal_flash.o
    0x0800262c   0x0800262c   0x0000005c   Code   RO           14    i.Flash_Write_Data  main.o
    0x08002688   0x08002688   0x00000160   Code   RO          770    i.HAL_ADCEx_Calibration_Start  stm32g0xx_hal_adc_ex.o
    0x080027e8   0x080027e8   0x00000224   Code   RO          563    i.HAL_ADC_ConfigChannel  stm32g0xx_hal_adc.o
    0x08002a0c   0x08002a0c   0x00000002   Code   RO          564    i.HAL_ADC_ConvCpltCallback  stm32g0xx_hal_adc.o
    0x08002a0e   0x08002a0e   0x00000002   Code   RO          565    i.HAL_ADC_ConvHalfCpltCallback  stm32g0xx_hal_adc.o
    0x08002a10   0x08002a10   0x00000002   Code   RO          567    i.HAL_ADC_ErrorCallback  stm32g0xx_hal_adc.o
    0x08002a12   0x08002a12   0x00000002   PAD
    0x08002a14   0x08002a14   0x00000220   Code   RO          572    i.HAL_ADC_Init      stm32g0xx_hal_adc.o
    0x08002c34   0x08002c34   0x00000098   Code   RO          319    i.HAL_ADC_MspInit   adc.o
    0x08002ccc   0x08002ccc   0x000000b4   Code   RO          579    i.HAL_ADC_Start_DMA  stm32g0xx_hal_adc.o
    0x08002d80   0x08002d80   0x000000b8   Code   RO         1264    i.HAL_DMA_IRQHandler  stm32g0xx_hal_dma.o
    0x08002e38   0x08002e38   0x000000a4   Code   RO         1265    i.HAL_DMA_Init      stm32g0xx_hal_dma.o
    0x08002edc   0x08002edc   0x0000008c   Code   RO         1269    i.HAL_DMA_Start_IT  stm32g0xx_hal_dma.o
    0x08002f68   0x08002f68   0x00000024   Code   RO         1728    i.HAL_Delay         stm32g0xx_hal.o
    0x08002f8c   0x08002f8c   0x00000088   Code   RO         1112    i.HAL_FLASHEx_Erase  stm32g0xx_hal_flash_ex.o
    0x08003014   0x08003014   0x00000028   Code   RO         1007    i.HAL_FLASH_Lock    stm32g0xx_hal_flash.o
    0x0800303c   0x0800303c   0x00000060   Code   RO         1012    i.HAL_FLASH_Program  stm32g0xx_hal_flash.o
    0x0800309c   0x0800309c   0x00000028   Code   RO         1014    i.HAL_FLASH_Unlock  stm32g0xx_hal_flash.o
    0x080030c4   0x080030c4   0x00000002   Code   RO         1189    i.HAL_GPIO_EXTI_Falling_Callback  stm32g0xx_hal_gpio.o
    0x080030c6   0x080030c6   0x00000002   PAD
    0x080030c8   0x080030c8   0x00000028   Code   RO         1190    i.HAL_GPIO_EXTI_IRQHandler  stm32g0xx_hal_gpio.o
    0x080030f0   0x080030f0   0x00000002   Code   RO         1191    i.HAL_GPIO_EXTI_Rising_Callback  stm32g0xx_hal_gpio.o
    0x080030f2   0x080030f2   0x00000002   PAD
    0x080030f4   0x080030f4   0x0000015c   Code   RO         1192    i.HAL_GPIO_Init     stm32g0xx_hal_gpio.o
    0x08003250   0x08003250   0x0000000a   Code   RO         1194    i.HAL_GPIO_ReadPin  stm32g0xx_hal_gpio.o
    0x0800325a   0x0800325a   0x00000010   Code   RO         1195    i.HAL_GPIO_TogglePin  stm32g0xx_hal_gpio.o
    0x0800326a   0x0800326a   0x0000000c   Code   RO         1196    i.HAL_GPIO_WritePin  stm32g0xx_hal_gpio.o
    0x08003276   0x08003276   0x00000002   PAD
    0x08003278   0x08003278   0x0000000c   Code   RO         1732    i.HAL_GetTick       stm32g0xx_hal.o
    0x08003284   0x08003284   0x00000010   Code   RO         1738    i.HAL_IncTick       stm32g0xx_hal.o
    0x08003294   0x08003294   0x00000028   Code   RO         1739    i.HAL_Init          stm32g0xx_hal.o
    0x080032bc   0x080032bc   0x00000048   Code   RO         1740    i.HAL_InitTick      stm32g0xx_hal.o
    0x08003304   0x08003304   0x0000002c   Code   RO          536    i.HAL_MspInit       stm32g0xx_hal_msp.o
    0x08003330   0x08003330   0x00000018   Code   RO         1606    i.HAL_NVIC_EnableIRQ  stm32g0xx_hal_cortex.o
    0x08003348   0x08003348   0x00000008   Code   RO         1610    i.HAL_NVIC_SetPriority  stm32g0xx_hal_cortex.o
    0x08003350   0x08003350   0x0000004c   Code   RO         1489    i.HAL_PWREx_ControlVoltageScaling  stm32g0xx_hal_pwr_ex.o
    0x0800339c   0x0800339c   0x0000014c   Code   RO          958    i.HAL_RCCEx_PeriphCLKConfig  stm32g0xx_hal_rcc_ex.o
    0x080034e8   0x080034e8   0x00000158   Code   RO          842    i.HAL_RCC_ClockConfig  stm32g0xx_hal_rcc.o
    0x08003640   0x08003640   0x00000028   Code   RO          850    i.HAL_RCC_GetPCLK1Freq  stm32g0xx_hal_rcc.o
    0x08003668   0x08003668   0x0000008c   Code   RO          852    i.HAL_RCC_GetSysClockFreq  stm32g0xx_hal_rcc.o
    0x080036f4   0x080036f4   0x000003d8   Code   RO          856    i.HAL_RCC_OscConfig  stm32g0xx_hal_rcc.o
    0x08003acc   0x08003acc   0x00000030   Code   RO         1614    i.HAL_SYSTICK_Config  stm32g0xx_hal_cortex.o
    0x08003afc   0x08003afc   0x00000002   Code   RO         2697    i.HAL_TIMEx_Break2Callback  stm32g0xx_hal_tim_ex.o
    0x08003afe   0x08003afe   0x00000002   Code   RO         2698    i.HAL_TIMEx_BreakCallback  stm32g0xx_hal_tim_ex.o
    0x08003b00   0x08003b00   0x00000002   Code   RO         2699    i.HAL_TIMEx_CommutCallback  stm32g0xx_hal_tim_ex.o
    0x08003b02   0x08003b02   0x00000002   PAD
    0x08003b04   0x08003b04   0x000000a8   Code   RO         2701    i.HAL_TIMEx_ConfigBreakDeadTime  stm32g0xx_hal_tim_ex.o
    0x08003bac   0x08003bac   0x00000064   Code   RO         2720    i.HAL_TIMEx_MasterConfigSynchronization  stm32g0xx_hal_tim_ex.o
    0x08003c10   0x08003c10   0x0000004c   Code   RO         1987    i.HAL_TIM_Base_Init  stm32g0xx_hal_tim.o
    0x08003c5c   0x08003c5c   0x00000060   Code   RO          377    i.HAL_TIM_Base_MspInit  tim.o
    0x08003cbc   0x08003cbc   0x00000050   Code   RO         1992    i.HAL_TIM_Base_Start_IT  stm32g0xx_hal_tim.o
    0x08003d0c   0x08003d0c   0x000000e0   Code   RO         1996    i.HAL_TIM_ConfigClockSource  stm32g0xx_hal_tim.o
    0x08003dec   0x08003dec   0x00000002   Code   RO         2021    i.HAL_TIM_IC_CaptureCallback  stm32g0xx_hal_tim.o
    0x08003dee   0x08003dee   0x00000002   PAD
    0x08003df0   0x08003df0   0x00000148   Code   RO         2035    i.HAL_TIM_IRQHandler  stm32g0xx_hal_tim.o
    0x08003f38   0x08003f38   0x0000006c   Code   RO          378    i.HAL_TIM_MspPostInit  tim.o
    0x08003fa4   0x08003fa4   0x00000002   Code   RO         2038    i.HAL_TIM_OC_DelayElapsedCallback  stm32g0xx_hal_tim.o
    0x08003fa6   0x08003fa6   0x00000128   Code   RO         2059    i.HAL_TIM_PWM_ConfigChannel  stm32g0xx_hal_tim.o
    0x080040ce   0x080040ce   0x0000004c   Code   RO         2062    i.HAL_TIM_PWM_Init  stm32g0xx_hal_tim.o
    0x0800411a   0x0800411a   0x00000002   Code   RO         2064    i.HAL_TIM_PWM_MspInit  stm32g0xx_hal_tim.o
    0x0800411c   0x0800411c   0x00000002   Code   RO         2065    i.HAL_TIM_PWM_PulseFinishedCallback  stm32g0xx_hal_tim.o
    0x0800411e   0x0800411e   0x00000002   PAD
    0x08004120   0x08004120   0x000000c0   Code   RO         2067    i.HAL_TIM_PWM_Start  stm32g0xx_hal_tim.o
    0x080041e0   0x080041e0   0x0000042c   Code   RO           15    i.HAL_TIM_PeriodElapsedCallback  main.o
    0x0800460c   0x0800460c   0x00000002   Code   RO         2078    i.HAL_TIM_TriggerCallback  stm32g0xx_hal_tim.o
    0x0800460e   0x0800460e   0x0000003c   Code   RO         3412    i.HAL_UARTEx_DisableFifoMode  stm32g0xx_hal_uart_ex.o
    0x0800464a   0x0800464a   0x00000048   Code   RO         3421    i.HAL_UARTEx_SetRxFifoThreshold  stm32g0xx_hal_uart_ex.o
    0x08004692   0x08004692   0x00000046   Code   RO         3422    i.HAL_UARTEx_SetTxFifoThreshold  stm32g0xx_hal_uart_ex.o
    0x080046d8   0x080046d8   0x0000006c   Code   RO         3025    i.HAL_UART_Init     stm32g0xx_hal_uart.o
    0x08004744   0x08004744   0x00000080   Code   RO          427    i.HAL_UART_MspInit  usart.o
    0x080047c4   0x080047c4   0x000000ce   Code   RO         3034    i.HAL_UART_Transmit  stm32g0xx_hal_uart.o
    0x08004892   0x08004892   0x00000002   Code   RO          466    i.HardFault_Handler  stm32g0xx_it.o
    0x08004894   0x08004894   0x00000094   Code   RO           16    i.LAverageFilter    main.o
    0x08004928   0x08004928   0x00000008   Code   RO          584    i.LL_ADC_IsEnabled  stm32g0xx_hal_adc.o
    0x08004930   0x08004930   0x00000008   Code   RO          776    i.LL_ADC_IsEnabled  stm32g0xx_hal_adc_ex.o
    0x08004938   0x08004938   0x00000008   Code   RO          585    i.LL_ADC_REG_IsConversionOngoing  stm32g0xx_hal_adc.o
    0x08004940   0x08004940   0x00000010   Code   RO          586    i.LL_ADC_REG_IsTriggerSourceSWStart  stm32g0xx_hal_adc.o
    0x08004950   0x08004950   0x0000000e   Code   RO          588    i.LL_ADC_SetCommonPathInternalCh  stm32g0xx_hal_adc.o
    0x0800495e   0x0800495e   0x00000016   Code   RO          589    i.LL_ADC_SetSamplingTimeCommonChannels  stm32g0xx_hal_adc.o
    0x08004974   0x08004974   0x00000134   Code   RO          320    i.MX_ADC1_Init      adc.o
    0x08004aa8   0x08004aa8   0x00000028   Code   RO          356    i.MX_DMA_Init       dma.o
    0x08004ad0   0x08004ad0   0x000000ac   Code   RO          298    i.MX_GPIO_Init      gpio.o
    0x08004b7c   0x08004b7c   0x000000fc   Code   RO          379    i.MX_TIM1_Init      tim.o
    0x08004c78   0x08004c78   0x00000070   Code   RO          380    i.MX_TIM3_Init      tim.o
    0x08004ce8   0x08004ce8   0x00000068   Code   RO          428    i.MX_USART1_UART_Init  usart.o
    0x08004d50   0x08004d50   0x00000002   Code   RO          467    i.NMI_Handler       stm32g0xx_it.o
    0x08004d52   0x08004d52   0x00000002   PAD
    0x08004d54   0x08004d54   0x00000028   Code   RO         3561    i.OLED_Clear        oled.o
    0x08004d7c   0x08004d7c   0x00000058   Code   RO         3562    i.OLED_ClearArea    oled.o
    0x08004dd4   0x08004dd4   0x000000da   Code   RO         3567    i.OLED_DrawLine     oled.o
    0x08004eae   0x08004eae   0x00000002   PAD
    0x08004eb0   0x08004eb0   0x00000028   Code   RO         3568    i.OLED_DrawPoint    oled.o
    0x08004ed8   0x08004ed8   0x0000015c   Code   RO           18    i.OLED_DrawTempCurve  main.o
    0x08005034   0x08005034   0x00000030   Code   RO         3571    i.OLED_FillRect     oled.o
    0x08005064   0x08005064   0x00000060   Code   RO         3572    i.OLED_GPIO_Init    oled.o
    0x080050c4   0x080050c4   0x00000038   Code   RO         3574    i.OLED_I2C_SendByte  oled.o
    0x080050fc   0x080050fc   0x0000001c   Code   RO         3575    i.OLED_I2C_Start    oled.o
    0x08005118   0x08005118   0x00000016   Code   RO         3576    i.OLED_I2C_Stop     oled.o
    0x0800512e   0x0800512e   0x00000092   Code   RO         3577    i.OLED_Init         oled.o
    0x080051c0   0x080051c0   0x0000000e   Code   RO         3579    i.OLED_Pow          oled.o
    0x080051ce   0x080051ce   0x00000002   PAD
    0x080051d0   0x080051d0   0x00000058   Code   RO         3582    i.OLED_ReverseArea  oled.o
    0x08005228   0x08005228   0x00000020   Code   RO         3583    i.OLED_SetCursor    oled.o
    0x08005248   0x08005248   0x0000003c   Code   RO         3585    i.OLED_ShowChar     oled.o
    0x08005284   0x08005284   0x00000070   Code   RO           19    i.OLED_ShowFirstScreen  main.o
    0x080052f4   0x080052f4   0x000000ac   Code   RO         3588    i.OLED_ShowImage    oled.o
    0x080053a0   0x080053a0   0x00000046   Code   RO         3589    i.OLED_ShowNum      oled.o
    0x080053e6   0x080053e6   0x00000002   PAD
    0x080053e8   0x080053e8   0x000000d4   Code   RO           20    i.OLED_ShowNumberSelector  main.o
    0x080054bc   0x080054bc   0x00000028   Code   RO         3591    i.OLED_ShowString   oled.o
    0x080054e4   0x080054e4   0x00000028   Code   RO         3592    i.OLED_Update       oled.o
    0x0800550c   0x0800550c   0x0000005c   Code   RO         3593    i.OLED_UpdateArea   oled.o
    0x08005568   0x08005568   0x00000070   Code   RO           21    i.OLED_UpdateScrollText  main.o
    0x080055d8   0x080055d8   0x00000014   Code   RO         3594    i.OLED_W_SCL        oled.o
    0x080055ec   0x080055ec   0x00000014   Code   RO         3595    i.OLED_W_SDA        oled.o
    0x08005600   0x08005600   0x00000020   Code   RO         3596    i.OLED_WriteCommand  oled.o
    0x08005620   0x08005620   0x0000002e   Code   RO         3597    i.OLED_WriteData    oled.o
    0x0800564e   0x0800564e   0x0000001a   Code   RO           22    i.PID_INIT          main.o
    0x08005668   0x08005668   0x00000080   Code   RO           23    i.PID_calculate     main.o
    0x080056e8   0x080056e8   0x00000002   Code   RO          468    i.PendSV_Handler    stm32g0xx_it.o
    0x080056ea   0x080056ea   0x00000002   PAD
    0x080056ec   0x080056ec   0x00000058   Code   RO           24    i.Resistance2Temerature  main.o
    0x08005744   0x08005744   0x00000002   Code   RO          469    i.SVC_Handler       stm32g0xx_it.o
    0x08005746   0x08005746   0x00000002   PAD
    0x08005748   0x08005748   0x00000074   Code   RO           25    i.ShowCursor        main.o
    0x080057bc   0x080057bc   0x00000008   Code   RO          470    i.SysTick_Handler   stm32g0xx_it.o
    0x080057c4   0x080057c4   0x00000068   Code   RO           26    i.SystemClock_Config  main.o
    0x0800582c   0x0800582c   0x00000002   Code   RO         3527    i.SystemInit        system_stm32g0xx.o
    0x0800582e   0x0800582e   0x00000002   PAD
    0x08005830   0x08005830   0x00000010   Code   RO          471    i.TIM1_CC_IRQHandler  stm32g0xx_it.o
    0x08005840   0x08005840   0x00000010   Code   RO          472    i.TIM3_IRQHandler   stm32g0xx_it.o
    0x08005850   0x08005850   0x00000088   Code   RO         2080    i.TIM_Base_SetConfig  stm32g0xx_hal_tim.o
    0x080058d8   0x080058d8   0x0000001a   Code   RO         2081    i.TIM_CCxChannelCmd  stm32g0xx_hal_tim.o
    0x080058f2   0x080058f2   0x00000016   Code   RO         2091    i.TIM_ETR_SetConfig  stm32g0xx_hal_tim.o
    0x08005908   0x08005908   0x00000014   Code   RO         2092    i.TIM_ITRx_SetConfig  stm32g0xx_hal_tim.o
    0x0800591c   0x0800591c   0x0000007c   Code   RO         2093    i.TIM_OC1_SetConfig  stm32g0xx_hal_tim.o
    0x08005998   0x08005998   0x0000007c   Code   RO         2094    i.TIM_OC2_SetConfig  stm32g0xx_hal_tim.o
    0x08005a14   0x08005a14   0x0000007c   Code   RO         2095    i.TIM_OC3_SetConfig  stm32g0xx_hal_tim.o
    0x08005a90   0x08005a90   0x00000068   Code   RO         2096    i.TIM_OC4_SetConfig  stm32g0xx_hal_tim.o
    0x08005af8   0x08005af8   0x0000005c   Code   RO         2097    i.TIM_OC5_SetConfig  stm32g0xx_hal_tim.o
    0x08005b54   0x08005b54   0x00000064   Code   RO         2098    i.TIM_OC6_SetConfig  stm32g0xx_hal_tim.o
    0x08005bb8   0x08005bb8   0x00000022   Code   RO         2100    i.TIM_TI1_ConfigInputStage  stm32g0xx_hal_tim.o
    0x08005bda   0x08005bda   0x00000026   Code   RO         2102    i.TIM_TI2_ConfigInputStage  stm32g0xx_hal_tim.o
    0x08005c00   0x08005c00   0x00000044   Code   RO         3426    i.UARTEx_SetNbDataToProcess  stm32g0xx_hal_uart_ex.o
    0x08005c44   0x08005c44   0x000000ca   Code   RO         3039    i.UART_AdvFeatureConfig  stm32g0xx_hal_uart.o
    0x08005d0e   0x08005d0e   0x00000002   PAD
    0x08005d10   0x08005d10   0x000000b8   Code   RO         3040    i.UART_CheckIdleState  stm32g0xx_hal_uart.o
    0x08005dc8   0x08005dc8   0x00000064   Code   RO         3051    i.UART_EndRxTransfer  stm32g0xx_hal_uart.o
    0x08005e2c   0x08005e2c   0x00000168   Code   RO         3057    i.UART_SetConfig    stm32g0xx_hal_uart.o
    0x08005f94   0x08005f94   0x00000090   Code   RO         3064    i.UART_WaitOnFlagUntilTimeout  stm32g0xx_hal_uart.o
    0x08006024   0x08006024   0x00000030   Code   RO         4108    i.__ARM_common_ll_muluu  c_p.l(btod.o)
    0x08006054   0x08006054   0x0000002c   Code   RO         4121    i.__ARM_fpclassify  m_ps.l(fpclassify.o)
    0x08006080   0x08006080   0x00000044   Code   RO         1616    i.__NVIC_SetPriority  stm32g0xx_hal_cortex.o
    0x080060c4   0x080060c4   0x000000ac   Code   RO         4060    i.__kernel_poly     m_ps.l(poly.o)
    0x08006170   0x08006170   0x00000014   Code   RO         4046    i.__mathlib_dbl_divzero  m_ps.l(dunder.o)
    0x08006184   0x08006184   0x0000000a   Code   RO         4047    i.__mathlib_dbl_infnan  m_ps.l(dunder.o)
    0x0800618e   0x0800618e   0x00000010   Code   RO         4049    i.__mathlib_dbl_invalid  m_ps.l(dunder.o)
    0x0800619e   0x0800619e   0x0000000e   Code   RO         3860    i._is_digit         c_p.l(__printf_wp.o)
    0x080061ac   0x080061ac   0x00000354   Code   RO         3936    i.log               m_ps.l(log.o)
    0x08006500   0x08006500   0x00000114   Code   RO           27    i.main              main.o
    0x08006614   0x08006614   0x00000068   Code   RO           28    i.moveAverageFilter  main.o
    0x0800667c   0x0800667c   0x0000002c   Code   RO         4113    locale$$code        c_p.l(lc_numeric_c.o)
    0x080066a8   0x080066a8   0x00000064   Code   RO         4025    x$fpl$deqf          fz_ps.l(deqf.o)
    0x0800670c   0x0800670c   0x0000008c   Code   RO         3906    x$fpl$fadd          fz_ps.l(faddsub.o)
    0x08006798   0x08006798   0x000000b0   Code   RO         3921    x$fpl$fmul          fz_ps.l(fmul.o)
    0x08006848   0x08006848   0x00000018   Code   RO         3907    x$fpl$frsb          fz_ps.l(faddsub.o)
    0x08006860   0x08006860   0x000000d0   Code   RO         3908    x$fpl$fsub          fz_ps.l(faddsub.o)
    0x08006930   0x08006930   0x00000010   Code   RO         3925    x$fpl$printf1       fz_ps.l(printf1.o)
    0x08006940   0x08006940   0x00000000   Code   RO         4035    x$fpl$usenofp       fz_ps.l(usenofp.o)
    0x08006940   0x08006940   0x00000018   Data   RO         3065    .constdata          stm32g0xx_hal_uart.o
    0x08006958   0x08006958   0x00000010   Data   RO         3427    .constdata          stm32g0xx_hal_uart_ex.o
    0x08006968   0x08006968   0x00000040   Data   RO         3528    .constdata          system_stm32g0xx.o
    0x080069a8   0x080069a8   0x00000020   Data   RO         3529    .constdata          system_stm32g0xx.o
    0x080069c8   0x080069c8   0x000005f0   Data   RO         3823    .constdata          oled_data.o
    0x08006fb8   0x08006fb8   0x0000023a   Data   RO         3824    .constdata          oled_data.o
    0x080071f2   0x080071f2   0x00000011   Data   RO         3868    .constdata          c_p.l(__printf_flags_ss_wp.o)
    0x08007203   0x08007203   0x00000080   Data   RO         3890    .constdata          fz_ps.l(ddiv.o)
    0x08007283   0x08007283   0x00000040   Data   RO         3913    .constdata          fz_ps.l(fdiv.o)
    0x080072c3   0x080072c3   0x00000005   PAD
    0x080072c8   0x080072c8   0x00000038   Data   RO         3937    .constdata          m_ps.l(log.o)
    0x08007300   0x08007300   0x00000008   Data   RO         4062    .constdata          m_ps.l(qnan.o)
    0x08007308   0x08007308   0x00000094   Data   RO         4104    .constdata          c_p.l(bigflt0.o)
    0x0800739c   0x0800739c   0x00000020   Data   RO         4277    Region$$Table       anon$$obj.o
    0x080073bc   0x080073bc   0x0000001c   Data   RO         4112    locale$$data        c_p.l(lc_numeric_c.o)


    Execution Region RW_IRAM1 (Exec base: 0x20000000, Load base: 0x080073d8, Size: 0x00001088, Max: 0x00002000, ABSOLUTE)

    Exec Addr    Load Addr    Size         Type   Attr      Idx    E Section Name        Object

    0x20000000   0x080073d8   0x0000007e   Data   RW           31    .data               main.o
    0x2000007e   0x08007456   0x00000002   PAD
    0x20000080   0x08007458   0x0000000c   Data   RW         1752    .data               stm32g0xx_hal.o
    0x2000008c   0x08007464   0x00000004   Data   RW         3530    .data               system_stm32g0xx.o
    0x20000090        -       0x0000038c   Zero   RW           29    .bss                main.o
    0x2000041c        -       0x000000c0   Zero   RW          321    .bss                adc.o
    0x200004dc        -       0x00000098   Zero   RW          381    .bss                tim.o
    0x20000574        -       0x00000094   Zero   RW          429    .bss                usart.o
    0x20000608        -       0x0000001c   Zero   RW         1015    .bss                stm32g0xx_hal_flash.o
    0x20000624        -       0x00000400   Zero   RW         3600    .bss                oled.o
    0x20000a24        -       0x00000060   Zero   RW         4124    .bss                c_p.l(libspace.o)
    0x20000a84   0x08007468   0x00000004   PAD
    0x20000a88        -       0x00000200   Zero   RW            2    HEAP                startup_stm32g030xx.o
    0x20000c88        -       0x00000400   Zero   RW            1    STACK               startup_stm32g030xx.o


==============================================================================

Image component sizes


      Code (inc. data)   RO Data    RW Data    ZI Data      Debug   Object Name

       460         58          0          0        192       1751   adc.o
        40          4          0          0          0        666   dma.o
       172         10          0          0          0        871   gpio.o
      2978        294          0        126        908     433048   main.o
      1508         62          0          0       1024      14429   oled.o
         0          0       2090          0          0        617   oled_data.o
        56         26        192          0       1536        600   startup_stm32g030xx.o
       176         26          0         12          0      15757   stm32g0xx_hal.o
      1806        102          0          0          0      43712   stm32g0xx_hal_adc.o
       360         16          0          0          0      34398   stm32g0xx_hal_adc_ex.o
       148         24          0          0          0      11929   stm32g0xx_hal_cortex.o
       648         32          0          0          0       4599   stm32g0xx_hal_dma.o
       360         56          0          0         28      16542   stm32g0xx_hal_flash.o
       188         26          0          0          0       2678   stm32g0xx_hal_flash_ex.o
       430         22          0          0          0       4540   stm32g0xx_hal_gpio.o
        44          6          0          0          0        758   stm32g0xx_hal_msp.o
        76         14          0          0          0        706   stm32g0xx_hal_pwr_ex.o
      1508         88          0          0          0      20085   stm32g0xx_hal_rcc.o
       332         12          0          0          0       1552   stm32g0xx_hal_rcc_ex.o
      2226        172          0          0          0      16554   stm32g0xx_hal_tim.o
       274         14          0          0          0       3584   stm32g0xx_hal_tim_ex.o
      1304         42         24          0          0      26694   stm32g0xx_hal_uart.o
       270          6         16          0          0       3409   stm32g0xx_hal_uart_ex.o
        74         18          0          0          0       3647   stm32g0xx_it.o
         2          0         96          4          0       1003   system_stm32g0xx.o
       568         50          0          0        152       2937   tim.o
       232         18          0          0        148       1578   usart.o

    ----------------------------------------------------------------------
     16274       1198       2450        144       3988     668644   Object Totals
         0          0         32          0          0          0   (incl. Generated)
        34          0          0          2          0          0   (incl. Padding)

    ----------------------------------------------------------------------

      Code (inc. data)   RO Data    RW Data    ZI Data      Debug   Library Member Name

        44          4          0          0          0         84   __2sprintf.o
         8          0          0          0          0         68   __main.o
       392          6         17          0          0         76   __printf_flags_ss_wp.o
        14          0          0          0          0         60   __printf_wp.o
         0          0          0          0          0          0   __rtentry.o
        12          0          0          0          0          0   __rtentry2.o
         6          0          0          0          0          0   __rtentry4.o
        60          8          0          0          0          0   __scatter.o
        26          0          0          0          0          0   __scatter_copy.o
        28          0          0          0          0          0   __scatter_zi.o
        48          6          0          0          0         88   _printf_char_common.o
        10          0          0          0          0          0   _printf_d.o
       108         18          0          0          0         76   _printf_dec.o
        10          0          0          0          0          0   _printf_f.o
      1048         14          0          0          0        176   _printf_fp_dec.o
       136         16          0          0          0         76   _printf_fp_infnan.o
       176          0          0          0          0         84   _printf_intcommon.o
         2          0          0          0          0          0   _printf_percent.o
         4          0          0          0          0          0   _printf_percent_end.o
        22          0          0          0          0         92   _rserrno.o
        10          0          0          0          0         60   _sputc.o
       346          0          0          0          0         92   aeabi_sdiv.o
       216          6        148          0          0         80   bigflt0.o
      1456         30          0          0          0        336   btod.o
        16          0          0          0          0         68   exit.o
         6          0          0          0          0        136   heapauxi.o
         0          0          0          0          0          0   indicate_semi.o
        44         10         28          0          0         76   lc_numeric_c.o
         2          0          0          0          0          0   libinit.o
        18          0          0          0          0          0   libinit2.o
         2          0          0          0          0          0   libshutdown.o
         2          0          0          0          0          0   libshutdown2.o
         8          4          0          0         96         68   libspace.o
       122          0          0          0          0         72   lludiv10.o
         8          4          0          0          0         68   rt_errno_addr_intlibspace.o
         8          4          0          0          0         68   rt_locale_intlibspace.o
        64          0          0          0          0        108   rt_memclr.o
         2          0          0          0          0          0   rtexit.o
        10          0          0          0          0          0   rtexit2.o
        40          0          0          0          0         60   rtudiv10.o
       136          4          0          0          0         72   strcmp.o
        68          6          0          0          0         72   strlen.o
        12          4          0          0          0         60   sys_exit.o
        62          0          0          0          0         80   sys_stackheap_outer.o
         2          0          0          0          0         68   use_no_semi.o
        46          0          0          0          0         60   cmpret.o
       124          4          0          0          0         72   d2f.o
       856         20          0          0          0        208   daddsub.o
       144          4          0          0          0         76   dcmpin.o
      1096         26        128          0          0        112   ddiv.o
       100          4          0          0          0         92   deqf.o
        88          0          0          0          0         92   dflti.o
       584         26          0          0          0         84   dmul.o
        20          6          0          0          0         68   dnan2.o
        96         12          0          0          0         72   dscalbn.o
        84          4          0          0          0         60   f2d.o
       372          8          0          0          0        240   faddsub.o
       352         10         64          0          0         92   fdiv.o
        76          0          0          0          0         68   ffixi.o
        48          0          0          0          0         60   ffixui.o
        94          0          0          0          0         92   fflti.o
       176          4          0          0          0         80   fmul.o
        68          4          0          0          0         68   fscalbn.o
        16          4          0          0          0         76   printf1.o
        94          0          0          0          0         68   retnan.o
         0          0          0          0          0          0   usenofp.o
        46          4          0          0          0        204   dunder.o
        44          4          0          0          0         60   fpclassify.o
       852         62         56          0          0        136   log.o
       172          0          0          0          0         76   poly.o
         0          0          8          0          0          0   qnan.o

    ----------------------------------------------------------------------
     10478        350        454          0        100       4840   Library Totals
        16          0          5          0          4          0   (incl. Padding)

    ----------------------------------------------------------------------

      Code (inc. data)   RO Data    RW Data    ZI Data      Debug   Library Name

      4814        144        193          0         96       2524   c_p.l
      4534        136        192          0          0       1840   fz_ps.l
      1114         70         64          0          0        476   m_ps.l

    ----------------------------------------------------------------------
     10478        350        454          0        100       4840   Library Totals

    ----------------------------------------------------------------------

==============================================================================


      Code (inc. data)   RO Data    RW Data    ZI Data      Debug   

     26752       1548       2904        144       4088     664380   Grand Totals
     26752       1548       2904        144       4088     664380   ELF Image Totals
     26752       1548       2904        144          0          0   ROM Totals

==============================================================================

    Total RO  Size (Code + RO Data)                29656 (  28.96kB)
    Total RW  Size (RW Data + ZI Data)              4232 (   4.13kB)
    Total ROM Size (Code + RO Data + RW Data)      29800 (  29.10kB)

==============================================================================

