Component: ARM Compiler 5.06 update 7 (build 960) Tool: armlink [4d3601]

==============================================================================

Section Cross References

    startup_stm32g030xx.o(STACK) refers (Special) to heapauxi.o(.text) for __use_two_region_memory
    startup_stm32g030xx.o(HEAP) refers (Special) to heapauxi.o(.text) for __use_two_region_memory
    startup_stm32g030xx.o(RESET) refers (Special) to heapauxi.o(.text) for __use_two_region_memory
    startup_stm32g030xx.o(RESET) refers to startup_stm32g030xx.o(STACK) for __initial_sp
    startup_stm32g030xx.o(RESET) refers to startup_stm32g030xx.o(.text) for Reset_Handler
    startup_stm32g030xx.o(RESET) refers to stm32g0xx_it.o(i.NMI_Handler) for NMI_Handler
    startup_stm32g030xx.o(RESET) refers to stm32g0xx_it.o(i.HardFault_Handler) for HardFault_Handler
    startup_stm32g030xx.o(RESET) refers to stm32g0xx_it.o(i.SVC_Handler) for SVC_Handler
    startup_stm32g030xx.o(RESET) refers to stm32g0xx_it.o(i.PendSV_Handler) for PendSV_Handler
    startup_stm32g030xx.o(RESET) refers to stm32g0xx_it.o(i.SysTick_Handler) for SysTick_Handler
    startup_stm32g030xx.o(RESET) refers to stm32g0xx_it.o(i.EXTI4_15_IRQHandler) for EXTI4_15_IRQHandler
    startup_stm32g030xx.o(RESET) refers to stm32g0xx_it.o(i.DMA1_Channel1_IRQHandler) for DMA1_Channel1_IRQHandler
    startup_stm32g030xx.o(RESET) refers to stm32g0xx_it.o(i.TIM1_CC_IRQHandler) for TIM1_CC_IRQHandler
    startup_stm32g030xx.o(RESET) refers to stm32g0xx_it.o(i.TIM3_IRQHandler) for TIM3_IRQHandler
    startup_stm32g030xx.o(.text) refers (Special) to heapauxi.o(.text) for __use_two_region_memory
    startup_stm32g030xx.o(.text) refers to system_stm32g0xx.o(i.SystemInit) for SystemInit
    startup_stm32g030xx.o(.text) refers to __main.o(!!!main) for __main
    startup_stm32g030xx.o(.text) refers to startup_stm32g030xx.o(HEAP) for Heap_Mem
    startup_stm32g030xx.o(.text) refers to startup_stm32g030xx.o(STACK) for Stack_Mem
    main.o(i.ADC_GetResistance) refers to fflti.o(.text) for __aeabi_ui2f
    main.o(i.ADC_GetResistance) refers to faddsub.o(x$fpl$frsb) for __aeabi_frsub
    main.o(i.ADC_GetResistance) refers to fdiv.o(.text) for __aeabi_fdiv
    main.o(i.ADC_GetResistance) refers to fmul.o(x$fpl$fmul) for __aeabi_fmul
    main.o(i.Flash_Write_Data) refers to stm32g0xx_hal_flash.o(i.HAL_FLASH_Unlock) for HAL_FLASH_Unlock
    main.o(i.Flash_Write_Data) refers to stm32g0xx_hal_flash_ex.o(i.HAL_FLASHEx_Erase) for HAL_FLASHEx_Erase
    main.o(i.Flash_Write_Data) refers to stm32g0xx_hal_flash.o(i.HAL_FLASH_Program) for HAL_FLASH_Program
    main.o(i.Flash_Write_Data) refers to stm32g0xx_hal_flash.o(i.HAL_FLASH_Lock) for HAL_FLASH_Lock
    main.o(i.HAL_TIM_PeriodElapsedCallback) refers to _printf_percent.o(.ARM.Collect$$_printf_percent$$00000000) for _printf_percent
    main.o(i.HAL_TIM_PeriodElapsedCallback) refers to _printf_d.o(.ARM.Collect$$_printf_percent$$00000009) for _printf_d
    main.o(i.HAL_TIM_PeriodElapsedCallback) refers to _printf_f.o(.ARM.Collect$$_printf_percent$$00000003) for _printf_f
    main.o(i.HAL_TIM_PeriodElapsedCallback) refers to _printf_dec.o(.text) for _printf_int_dec
    main.o(i.HAL_TIM_PeriodElapsedCallback) refers to printf1.o(x$fpl$printf1) for _printf_fp_dec
    main.o(i.HAL_TIM_PeriodElapsedCallback) refers to stm32g0xx_hal_gpio.o(i.HAL_GPIO_ReadPin) for HAL_GPIO_ReadPin
    main.o(i.HAL_TIM_PeriodElapsedCallback) refers to stm32g0xx_hal_gpio.o(i.HAL_GPIO_TogglePin) for HAL_GPIO_TogglePin
    main.o(i.HAL_TIM_PeriodElapsedCallback) refers to oled.o(i.OLED_ShowNum) for OLED_ShowNum
    main.o(i.HAL_TIM_PeriodElapsedCallback) refers to main.o(i.Flash_Write_Data) for Flash_Write_Data
    main.o(i.HAL_TIM_PeriodElapsedCallback) refers to oled.o(i.OLED_Update) for OLED_Update
    main.o(i.HAL_TIM_PeriodElapsedCallback) refers to main.o(i.ShowCursor) for ShowCursor
    main.o(i.HAL_TIM_PeriodElapsedCallback) refers to oled.o(i.OLED_ShowString) for OLED_ShowString
    main.o(i.HAL_TIM_PeriodElapsedCallback) refers to main.o(i.LAverageFilter) for LAverageFilter
    main.o(i.HAL_TIM_PeriodElapsedCallback) refers to main.o(i.ADC_GetResistance) for ADC_GetResistance
    main.o(i.HAL_TIM_PeriodElapsedCallback) refers to ffixui.o(.text) for __aeabi_f2uiz
    main.o(i.HAL_TIM_PeriodElapsedCallback) refers to main.o(i.Resistance2Temerature) for Resistance2Temerature
    main.o(i.HAL_TIM_PeriodElapsedCallback) refers to fflti.o(.text) for __aeabi_ui2f
    main.o(i.HAL_TIM_PeriodElapsedCallback) refers to main.o(i.PID_calculate) for PID_calculate
    main.o(i.HAL_TIM_PeriodElapsedCallback) refers to f2d.o(.text) for __aeabi_f2d
    main.o(i.HAL_TIM_PeriodElapsedCallback) refers to __2sprintf.o(.text) for __2sprintf
    main.o(i.HAL_TIM_PeriodElapsedCallback) refers to strlen.o(.text) for strlen
    main.o(i.HAL_TIM_PeriodElapsedCallback) refers to stm32g0xx_hal_uart.o(i.HAL_UART_Transmit) for HAL_UART_Transmit
[...]
    i.TIM_ITRx_SetConfig                     0x08005560   Section        0  stm32g0xx_hal_tim.o(i.TIM_ITRx_SetConfig)
    TIM_ITRx_SetConfig                       0x08005561   Thumb Code    16  stm32g0xx_hal_tim.o(i.TIM_ITRx_SetConfig)
    i.TIM_OC1_SetConfig                      0x08005574   Section        0  stm32g0xx_hal_tim.o(i.TIM_OC1_SetConfig)
    TIM_OC1_SetConfig                        0x08005575   Thumb Code   108  stm32g0xx_hal_tim.o(i.TIM_OC1_SetConfig)
    i.TIM_OC2_SetConfig                      0x080055f0   Section        0  stm32g0xx_hal_tim.o(i.TIM_OC2_SetConfig)
    i.TIM_OC3_SetConfig                      0x0800566c   Section        0  stm32g0xx_hal_tim.o(i.TIM_OC3_SetConfig)
    TIM_OC3_SetConfig                        0x0800566d   Thumb Code   108  stm32g0xx_hal_tim.o(i.TIM_OC3_SetConfig)
    i.TIM_OC4_SetConfig                      0x080056e8   Section        0  stm32g0xx_hal_tim.o(i.TIM_OC4_SetConfig)
    TIM_OC4_SetConfig                        0x080056e9   Thumb Code    88  stm32g0xx_hal_tim.o(i.TIM_OC4_SetConfig)
    i.TIM_OC5_SetConfig                      0x08005750   Section        0  stm32g0xx_hal_tim.o(i.TIM_OC5_SetConfig)
    TIM_OC5_SetConfig                        0x08005751   Thumb Code    74  stm32g0xx_hal_tim.o(i.TIM_OC5_SetConfig)
    i.TIM_OC6_SetConfig                      0x080057ac   Section        0  stm32g0xx_hal_tim.o(i.TIM_OC6_SetConfig)
    TIM_OC6_SetConfig                        0x080057ad   Thumb Code    84  stm32g0xx_hal_tim.o(i.TIM_OC6_SetConfig)
    i.TIM_TI1_ConfigInputStage               0x08005810   Section        0  stm32g0xx_hal_tim.o(i.TIM_TI1_ConfigInputStage)
    TIM_TI1_ConfigInputStage                 0x08005811   Thumb Code    34  stm32g0xx_hal_tim.o(i.TIM_TI1_ConfigInputStage)
    i.TIM_TI2_ConfigInputStage               0x08005832   Section        0  stm32g0xx_hal_tim.o(i.TIM_TI2_ConfigInputStage)
    TIM_TI2_ConfigInputStage                 0x08005833   Thumb Code    38  stm32g0xx_hal_tim.o(i.TIM_TI2_ConfigInputStage)
    i.UARTEx_SetNbDataToProcess              0x08005858   Section        0  stm32g0xx_hal_uart_ex.o(i.UARTEx_SetNbDataToProcess)
    UARTEx_SetNbDataToProcess                0x08005859   Thumb Code    62  stm32g0xx_hal_uart_ex.o(i.UARTEx_SetNbDataToProcess)
    i.UART_AdvFeatureConfig                  0x0800589c   Section        0  stm32g0xx_hal_uart.o(i.UART_AdvFeatureConfig)
    i.UART_CheckIdleState                    0x08005968   Section        0  stm32g0xx_hal_uart.o(i.UART_CheckIdleState)
    i.UART_EndRxTransfer                     0x08005a20   Section        0  stm32g0xx_hal_uart.o(i.UART_EndRxTransfer)
    UART_EndRxTransfer                       0x08005a21   Thumb Code    96  stm32g0xx_hal_uart.o(i.UART_EndRxTransfer)
    i.UART_SetConfig                         0x08005a84   Section        0  stm32g0xx_hal_uart.o(i.UART_SetConfig)
    i.UART_WaitOnFlagUntilTimeout            0x08005bec   Section        0  stm32g0xx_hal_uart.o(i.UART_WaitOnFlagUntilTimeout)
    i.__ARM_common_ll_muluu                  0x08005c7c   Section        0  btod.o(i.__ARM_common_ll_muluu)
    i.__ARM_fpclassify                       0x08005cac   Section        0  fpclassify.o(i.__ARM_fpclassify)
    i.__NVIC_SetPriority                     0x08005cd8   Section        0  stm32g0xx_hal_cortex.o(i.__NVIC_SetPriority)
    __NVIC_SetPriority                       0x08005cd9   Thumb Code    60  stm32g0xx_hal_cortex.o(i.__NVIC_SetPriority)
    i.__kernel_poly                          0x08005d1c   Section        0  poly.o(i.__kernel_poly)
    i.__mathlib_dbl_divzero                  0x08005dc8   Section        0  dunder.o(i.__mathlib_dbl_divzero)
    i.__mathlib_dbl_infnan                   0x08005ddc   Section        0  dunder.o(i.__mathlib_dbl_infnan)
    i.__mathlib_dbl_invalid                  0x08005de6   Section        0  dunder.o(i.__mathlib_dbl_invalid)
    i._is_digit                              0x08005df6   Section        0  __printf_wp.o(i._is_digit)
    i.log                                    0x08005e04   Section        0  log.o(i.log)
    i.main                                   0x08006158   Section        0  main.o(i.main)
    i.moveAverageFilter                      0x08006290   Section        0  main.o(i.moveAverageFilter)
    locale$$code                             0x080062f8   Section       44  lc_numeric_c.o(locale$$code)
    x$fpl$deqf                               0x08006324   Section      100  deqf.o(x$fpl$deqf)
    x$fpl$fadd                               0x08006388   Section      140  faddsub.o(x$fpl$fadd)
    _fadd1                                   0x08006395   Thumb Code     0  faddsub.o(x$fpl$fadd)
    x$fpl$fmul                               0x08006414   Section      176  fmul.o(x$fpl$fmul)
    x$fpl$frsb                               0x080064c4   Section       24  faddsub.o(x$fpl$frsb)
    x$fpl$fsub                               0x080064dc   Section      208  faddsub.o(x$fpl$fsub)
    _fsub1                                   0x080064e9   Thumb Code     0  faddsub.o(x$fpl$fsub)
    x$fpl$printf1                            0x080065ac   Section       16  printf1.o(x$fpl$printf1)
    .constdata                               0x080065bc   Section       24  main.o(.constdata)
    x$fpl$usenofp                            0x080065bc   Section        0  usenofp.o(x$fpl$usenofp)
    .constdata                               0x080065d4   Section       24  stm32g0xx_hal_uart.o(.constdata)
    .constdata                               0x080065ec   Section       16  stm32g0xx_hal_uart_ex.o(.constdata)
    numerator                                0x080065ec   Data           8  stm32g0xx_hal_uart_ex.o(.constdata)
    denominator                              0x080065f4   Data           8  stm32g0xx_hal_uart_ex.o(.constdata)
    .constdata                               0x080065fc   Section       64  system_stm32g0xx.o(.constdata)
    .constdata                               0x0800663c   Section       32  system_stm32g0xx.o(.constdata)
    .constdata                               0x0800665c   Section     1520  oled_data.o(.constdata)
    .constdata                               0x08006c4c   Section      570  oled_data.o(.constdata)
    .constdata                               0x08006e86   Section       17  __printf_flags_ss_wp.o(.constdata)
    maptable                                 0x08006e86   Data          17  __printf_flags_ss_wp.o(.constdata)
    .constdata                               0x08006e97   Section      128  ddiv.o(.constdata)
    ddiv_reciptbl                            0x08006e97   Data         128  ddiv.o(.constdata)
    .constdata                               0x08006f17   Section       64  fdiv.o(.constdata)
    fdiv_tab                                 0x08006f17   Data          64  fdiv.o(.constdata)
    .constdata                               0x08006f58   Section       56  log.o(.constdata)
    Lg2                                      0x08006f58   Data          24  log.o(.constdata)
    Lg                                       0x08006f70   Data          32  log.o(.constdata)
    .constdata                               0x08006f90   Section        8  qnan.o(.constdata)
    .constdata                               0x08006f98   Section      148  bigflt0.o(.constdata)
    tenpwrs_x                                0x08006f98   Data          60  bigflt0.o(.constdata)
    tenpwrs_i                                0x08006fd4   Data          64  bigflt0.o(.constdata)
    locale$$data                             0x0800704c   Section       28  lc_numeric_c.o(locale$$data)
    __lcnum_c_name                           0x08007050   Data           2  lc_numeric_c.o(locale$$data)
    __lcnum_c_start                          0x08007058   Data           0  lc_numeric_c.o(locale$$data)
    __lcnum_c_point                          0x08007064   Data           0  lc_numeric_c.o(locale$$data)
    __lcnum_c_thousands                      0x08007066   Data           0  lc_numeric_c.o(locale$$data)
    __lcnum_c_grouping                       0x08007067   Data           0  lc_numeric_c.o(locale$$data)
    __lcnum_c_end                            0x08007068   Data           0  lc_numeric_c.o(locale$$data)
    .data                                    0x20000000   Section       68  main.o(.data)
    key1_filter                              0x20000004   Data           1  main.o(.data)
    key2_filter                              0x20000005   Data           1  main.o(.data)
    wake_filter                              0x20000006   Data           1  main.o(.data)
    last_position                            0x2000000c   Data           1  main.o(.data)
    initialized                              0x2000000d   Data           1  main.o(.data)
    wake_long_press_cnt                      0x2000000e   Data           2  main.o(.data)
    adc_sample_cnt                           0x20000016   Data           2  main.o(.data)
    oled_refresh_cnt                         0x20000018   Data           2  main.o(.data)
    led_cnt                                  0x2000001e   Data           2  main.o(.data)
    print_tick                               0x20000030   Data           4  main.o(.data)
    filter_cnt                               0x20000034   Data           8  main.o(.data)
    cnt                                      0x2000003c   Data           8  main.o(.data)
    .data                                    0x20000044   Section       12  stm32g0xx_hal.o(.data)
    .data                                    0x20000050   Section        4  system_stm32g0xx.o(.data)
    .bss                                     0x20000054   Section      436  main.o(.bss)
    sum                                      0x20000088   Data          32  main.o(.bss)
    value_buf                                0x200000c8   Data         160  main.o(.bss)
    filter_data                              0x20000168   Data          80  main.o(.bss)
    .bss                                     0x20000208   Section      192  adc.o(.bss)
    .bss                                     0x200002c8   Section      152  tim.o(.bss)
    .bss                                     0x20000360   Section      148  usart.o(.bss)
    .bss                                     0x200003f4   Section       28  stm32g0xx_hal_flash.o(.bss)
    .bss                                     0x20000410   Section     1024  oled.o(.bss)
    .bss                                     0x20000810   Section       96  libspace.o(.bss)
    HEAP                                     0x20000870   Section      512  startup_stm32g030xx.o(HEAP)
    Heap_Mem                                 0x20000870   Data         512  startup_stm32g030xx.o(HEAP)
    STACK                                    0x20000a70   Section     1024  startup_stm32g030xx.o(STACK)
    Stack_Mem                                0x20000a70   Data        1024  startup_stm32g030xx.o(STACK)
    __initial_sp                             0x20000e70   Data           0  startup_stm32g030xx.o(STACK)

    Global Symbols

    Symbol Name                              Value     Ov Type        Size  Object(Section)

    BuildAttributes$$THM_ISAv3M$S$PE$A:L22$X:L11$S22$IEEE1$IW$USESV6$~STKCKD$USESV7$~SHL$OTIME$ROPI$IEEEX$EBA8$UX$STANDARDLIB$REQ8$PRES8$EABIv2 0x00000000   Number         0  anon$$obj.o ABSOLUTE
    __ARM_use_no_argv                        0x00000000   Number         0  main.o ABSOLUTE
    _printf_flags                            0x00000000   Number         0  printf_stubs.o ABSOLUTE
    _printf_return_value                     0x00000000   Number         0  printf_stubs.o ABSOLUTE
    _printf_sizespec                         0x00000000   Number         0  printf_stubs.o ABSOLUTE
    _printf_widthprec                        0x00000000   Number         0  printf_stubs.o ABSOLUTE
    __ARM_exceptions_init                     - Undefined Weak Reference
    __alloca_initialize                       - Undefined Weak Reference
    __arm_fini_                               - Undefined Weak Reference
    __arm_preinit_                            - Undefined Weak Reference
    __cpp_initialize__aeabi_                  - Undefined Weak Reference
    __cxa_finalize                            - Undefined Weak Reference
    __sigvec_lookup                           - Undefined Weak Reference
    _atexit_init                              - Undefined Weak Reference
    _call_atexit_fns                          - Undefined Weak Reference
    _clock_init                               - Undefined Weak Reference
    _fp_trap_init                             - Undefined Weak Reference
    _fp_trap_shutdown                         - Undefined Weak Reference
    _get_lc_collate                           - Undefined Weak Reference
    _get_lc_monetary                          - Undefined Weak Reference
    _get_lc_time                              - Undefined Weak Reference
    _getenv_init                              - Undefined Weak Reference
    _handle_redirection                       - Undefined Weak Reference
    _init_alloc                               - Undefined Weak Reference
    _init_user_alloc                          - Undefined Weak Reference
    _initio                                   - Undefined Weak Reference
    _printf_mbtowc                            - Undefined Weak Reference
    _printf_wc                                - Undefined Weak Reference
    _rand_init                                - Undefined Weak Reference
    _signal_finish                            - Undefined Weak Reference
    _signal_init                              - Undefined Weak Reference
    _terminate_alloc                          - Undefined Weak Reference
    _terminate_user_alloc                     - Undefined Weak Reference
    _terminateio                              - Undefined Weak Reference
    __Vectors_Size                           0x000000c0   Number         0  startup_stm32g030xx.o ABSOLUTE
    __Vectors                                0x08000000   Data           4  startup_stm32g030xx.o(RESET)
    __Vectors_End                            0x080000c0   Data           0  startup_stm32g030xx.o(RESET)
    __main                                   0x080000c1   Thumb Code     8  __main.o(!!!main)
    __scatterload                            0x080000c9   Thumb Code     0  __scatter.o(!!!scatter)
    __scatterload_rt2                        0x080000c9   Thumb Code    52  __scatter.o(!!!scatter)
    __scatterload_rt2_thumb_only             0x080000c9   Thumb Code     0  __scatter.o(!!!scatter)
    __scatterload_null                       0x080000d9   Thumb Code     0  __scatter.o(!!!scatter)
    __scatterload_copy                       0x08000105   Thumb Code    26  __scatter_copy.o(!!handler_copy)
    __scatterload_zeroinit                   0x08000121   Thumb Code    28  __scatter_zi.o(!!handler_zi)
    _printf_percent                          0x0800013d   Thumb Code     0  _printf_percent.o(.ARM.Collect$$_printf_percent$$00000000)
    _printf_f                                0x0800013f   Thumb Code     0  _printf_f.o(.ARM.Collect$$_printf_percent$$00000003)
    _printf_d                                0x08000149   Thumb Code     0  _printf_d.o(.ARM.Collect$$_printf_percent$$00000009)
    _printf_percent_end                      0x08000153   Thumb Code     0  _printf_percent_end.o(.ARM.Collect$$_printf_percent$$00000017)
    __rt_lib_init                            0x08000157   Thumb Code     0  libinit.o(.ARM.Collect$$libinit$$00000000)
    __rt_lib_init_fp_1                       0x08000159   Thumb Code     0  libinit2.o(.ARM.Collect$$libinit$$00000002)
    __rt_lib_init_heap_1                     0x08000159   Thumb Code     0  libinit2.o(.ARM.Collect$$libinit$$0000000A)
    __rt_lib_init_lc_common                  0x08000159   Thumb Code     0  libinit2.o(.ARM.Collect$$libinit$$0000000F)
    __rt_lib_init_preinit_1                  0x08000159   Thumb Code     0  libinit2.o(.ARM.Collect$$libinit$$00000004)
    __rt_lib_init_rand_1                     0x08000159   Thumb Code     0  libinit2.o(.ARM.Collect$$libinit$$0000000E)
    __rt_lib_init_user_alloc_1               0x08000159   Thumb Code     0  libinit2.o(.ARM.Collect$$libinit$$0000000C)
    __rt_lib_init_lc_collate_1               0x0800015f   Thumb Code     0  libinit2.o(.ARM.Collect$$libinit$$00000011)
    __rt_lib_init_lc_ctype_1                 0x0800015f   Thumb Code     0  libinit2.o(.ARM.Collect$$libinit$$00000013)
    __rt_lib_init_lc_monetary_1              0x0800015f   Thumb Code     0  libinit2.o(.ARM.Collect$$libinit$$00000015)
    __rt_lib_init_lc_numeric_2               0x0800015f   Thumb Code     0  libinit2.o(.ARM.Collect$$libinit$$00000016)
    __rt_lib_init_alloca_1                   0x08000169   Thumb Code     0  libinit2.o(.ARM.Collect$$libinit$$0000002E)
    __rt_lib_init_argv_1                     0x08000169   Thumb Code     0  libinit2.o(.ARM.Collect$$libinit$$0000002C)
    __rt_lib_init_atexit_1                   0x08000169   Thumb Code     0  libinit2.o(.ARM.Collect$$libinit$$0000001B)
    __rt_lib_init_clock_1                    0x08000169   Thumb Code     0  libinit2.o(.ARM.Collect$$libinit$$00000021)
    __rt_lib_init_cpp_1                      0x08000169   Thumb Code     0  libinit2.o(.ARM.Collect$$libinit$$00000032)
    __rt_lib_init_exceptions_1               0x08000169   Thumb Code     0  libinit2.o(.ARM.Collect$$libinit$$00000030)
    __rt_lib_init_fp_trap_1                  0x08000169   Thumb Code     0  libinit2.o(.ARM.Collect$$libinit$$0000001F)
    __rt_lib_init_getenv_1                   0x08000169   Thumb Code     0  libinit2.o(.ARM.Collect$$libinit$$00000023)
    __rt_lib_init_lc_numeric_1               0x08000169   Thumb Code     0  libinit2.o(.ARM.Collect$$libinit$$00000017)
    __rt_lib_init_lc_time_1                  0x08000169   Thumb Code     0  libinit2.o(.ARM.Collect$$libinit$$00000019)
    __rt_lib_init_return                     0x08000169   Thumb Code     0  libinit2.o(.ARM.Collect$$libinit$$00000033)
    __rt_lib_init_signal_1                   0x08000169   Thumb Code     0  libinit2.o(.ARM.Collect$$libinit$$0000001D)
    __rt_lib_init_stdio_1                    0x08000169   Thumb Code     0  libinit2.o(.ARM.Collect$$libinit$$00000025)
    __rt_lib_shutdown                        0x0800016b   Thumb Code     0  libshutdown.o(.ARM.Collect$$libshutdown$$00000000)
    __rt_lib_shutdown_cpp_1                  0x0800016d   Thumb Code     0  libshutdown2.o(.ARM.Collect$$libshutdown$$00000004)
    __rt_lib_shutdown_fini_1                 0x0800016d   Thumb Code     0  libshutdown2.o(.ARM.Collect$$libshutdown$$00000002)
    __rt_lib_shutdown_fp_trap_1              0x0800016d   Thumb Code     0  libshutdown2.o(.ARM.Collect$$libshutdown$$00000009)
    __rt_lib_shutdown_heap_1                 0x0800016d   Thumb Code     0  libshutdown2.o(.ARM.Collect$$libshutdown$$00000011)
    __rt_lib_shutdown_return                 0x0800016d   Thumb Code     0  libshutdown2.o(.ARM.Collect$$libshutdown$$00000012)
    __rt_lib_shutdown_signal_1               0x0800016d   Thumb Code     0  libshutdown2.o(.ARM.Collect$$libshutdown$$0000000C)
    __rt_lib_shutdown_stdio_1                0x0800016d   Thumb Code     0  libshutdown2.o(.ARM.Collect$$libshutdown$$00000006)
    __rt_lib_shutdown_user_alloc_1           0x0800016d   Thumb Code     0  libshutdown2.o(.ARM.Collect$$libshutdown$$0000000E)
    __rt_entry                               0x0800016f   Thumb Code     0  __rtentry.o(.ARM.Collect$$rtentry$$00000000)
    __rt_entry_presh_1                       0x0800016f   Thumb Code     0  __rtentry2.o(.ARM.Collect$$rtentry$$00000002)
    __rt_entry_sh                            0x0800016f   Thumb Code     0  __rtentry4.o(.ARM.Collect$$rtentry$$00000004)
    __rt_entry_li                            0x08000175   Thumb Code     0  __rtentry2.o(.ARM.Collect$$rtentry$$0000000A)
    __rt_entry_postsh_1                      0x08000175   Thumb Code     0  __rtentry2.o(.ARM.Collect$$rtentry$$00000009)
    __rt_entry_main                          0x08000179   Thumb Code     0  __rtentry2.o(.ARM.Collect$$rtentry$$0000000D)
    __rt_entry_postli_1                      0x08000179   Thumb Code     0  __rtentry2.o(.ARM.Collect$$rtentry$$0000000C)
    __rt_exit                                0x08000181   Thumb Code     0  rtexit.o(.ARM.Collect$$rtexit$$00000000)
    __rt_exit_ls                             0x08000183   Thumb Code     0  rtexit2.o(.ARM.Collect$$rtexit$$00000003)
    __rt_exit_prels_1                        0x08000183   Thumb Code     0  rtexit2.o(.ARM.Collect$$rtexit$$00000002)
    __rt_exit_exit                           0x08000187   Thumb Code     0  rtexit2.o(.ARM.Collect$$rtexit$$00000004)
    Reset_Handler                            0x0800018d   Thumb Code     8  startup_stm32g030xx.o(.text)
    ADC1_IRQHandler                          0x0800019f   Thumb Code     0  startup_stm32g030xx.o(.text)
    DMA1_Ch4_5_DMAMUX1_OVR_IRQHandler        0x0800019f   Thumb Code     0  startup_stm32g030xx.o(.text)
    DMA1_Channel2_3_IRQHandler               0x0800019f   Thumb Code     0  startup_stm32g030xx.o(.text)
    EXTI0_1_IRQHandler                       0x0800019f   Thumb Code     0  startup_stm32g030xx.o(.text)
    EXTI2_3_IRQHandler                       0x0800019f   Thumb Code     0  startup_stm32g030xx.o(.text)
    FLASH_IRQHandler                         0x0800019f   Thumb Code     0  startup_stm32g030xx.o(.text)
    I2C1_IRQHandler                          0x0800019f   Thumb Code     0  startup_stm32g030xx.o(.text)
    I2C2_IRQHandler                          0x0800019f   Thumb Code     0  startup_stm32g030xx.o(.text)
    RCC_IRQHandler                           0x0800019f   Thumb Code     0  startup_stm32g030xx.o(.text)
    RTC_TAMP_IRQHandler                      0x0800019f   Thumb Code     0  startup_stm32g030xx.o(.text)
    SPI1_IRQHandler                          0x0800019f   Thumb Code     0  startup_stm32g030xx.o(.text)
    SPI2_IRQHandler                          0x0800019f   Thumb Code     0  startup_stm32g030xx.o(.text)
    TIM14_IRQHandler                         0x0800019f   Thumb Code     0  startup_stm32g030xx.o(.text)
    TIM16_IRQHandler                         0x0800019f   Thumb Code     0  startup_stm32g030xx.o(.text)
    TIM17_IRQHandler                         0x0800019f   Thumb Code     0  startup_stm32g030xx.o(.text)
    TIM1_BRK_UP_TRG_COM_IRQHandler           0x0800019f   Thumb Code     0  startup_stm32g030xx.o(.text)
    USART1_IRQHandler                        0x0800019f   Thumb Code     0  startup_stm32g030xx.o(.text)
    USART2_IRQHandler                        0x0800019f   Thumb Code     0  startup_stm32g030xx.o(.text)
    WWDG_IRQHandler                          0x0800019f   Thumb Code     0  startup_stm32g030xx.o(.text)
    __user_initial_stackheap                 0x080001a1   Thumb Code     0  startup_stm32g030xx.o(.text)
    __2sprintf                               0x080001c5   Thumb Code    40  __2sprintf.o(.text)
    _printf_int_dec                          0x080001f1   Thumb Code    90  _printf_dec.o(.text)
    __printf                                 0x0800025d   Thumb Code   386  __printf_flags_ss_wp.o(.text)
    strlen                                   0x080003e5   Thumb Code    62  strlen.o(.text)
    _memset_w                                0x08000429   Thumb Code    26  rt_memclr.o(.text)
    _memset                                  0x08000443   Thumb Code    30  rt_memclr.o(.text)
    __aeabi_memclr                           0x08000461   Thumb Code     4  rt_memclr.o(.text)
    __rt_memclr                              0x08000461   Thumb Code     0  rt_memclr.o(.text)
    __aeabi_memclr4                          0x08000465   Thumb Code     0  rt_memclr.o(.text)
    __aeabi_memclr8                          0x08000465   Thumb Code     0  rt_memclr.o(.text)
    __rt_memclr_w                            0x08000465   Thumb Code     4  rt_memclr.o(.text)
    __aeabi_uidiv                            0x08000469   Thumb Code     0  aeabi_sdiv.o(.text)
    __aeabi_uidivmod                         0x08000469   Thumb Code    20  aeabi_sdiv.o(.text)
    __aeabi_idiv                             0x0800047d   Thumb Code     0  aeabi_sdiv.o(.text)
    __aeabi_idivmod                          0x0800047d   Thumb Code   326  aeabi_sdiv.o(.text)
    __use_two_region_memory                  0x080005c3   Thumb Code     2  heapauxi.o(.text)
    __rt_heap_escrow$2region                 0x080005c5   Thumb Code     2  heapauxi.o(.text)
    __rt_heap_expand$2region                 0x080005c7   Thumb Code     2  heapauxi.o(.text)
    __aeabi_d2f                              0x080005c9   Thumb Code     0  d2f.o(.text)
    _d2f                                     0x080005c9   Thumb Code   120  d2f.o(.text)
    __aeabi_dadd                             0x0800093d   Thumb Code     0  daddsub.o(.text)
    _dadd                                    0x0800093d   Thumb Code    26  daddsub.o(.text)
    __aeabi_dsub                             0x08000957   Thumb Code     0  daddsub.o(.text)
    _dsub                                    0x08000957   Thumb Code    22  daddsub.o(.text)
    __aeabi_drsub                            0x0800096d   Thumb Code     0  daddsub.o(.text)
    _drsb                                    0x0800096d   Thumb Code    28  daddsub.o(.text)
    __aeabi_ddiv                             0x0800099d   Thumb Code     0  ddiv.o(.text)
    _ddiv                                    0x0800099d   Thumb Code  1072  ddiv.o(.text)
    _drdiv                                   0x08000dcd   Thumb Code    20  ddiv.o(.text)
    __aeabi_i2d_normalise                    0x08000de5   Thumb Code    66  dflti.o(.text)
    __aeabi_i2d                              0x08000e27   Thumb Code    16  dflti.o(.text)
    _dflt                                    0x08000e27   Thumb Code     0  dflti.o(.text)
    __aeabi_ui2d                             0x08000e37   Thumb Code     6  dflti.o(.text)
    _dfltu                                   0x08000e37   Thumb Code     0  dflti.o(.text)
    __aeabi_dmul                             0x08000e3d   Thumb Code     0  dmul.o(.text)
    _dmul                                    0x08000e3d   Thumb Code   558  dmul.o(.text)
    __aeabi_f2d                              0x08001085   Thumb Code     0  f2d.o(.text)
    _f2d                                     0x08001085   Thumb Code    80  f2d.o(.text)
    __aeabi_fdiv                             0x080010d9   Thumb Code     0  fdiv.o(.text)
    _fdiv                                    0x080010d9   Thumb Code   334  fdiv.o(.text)
    _frdiv                                   0x08001227   Thumb Code     8  fdiv.o(.text)
    __aeabi_f2uiz                            0x08001239   Thumb Code     0  ffixui.o(.text)
    _ffixu                                   0x08001239   Thumb Code    48  ffixui.o(.text)
    __aeabi_i2f_normalise                    0x08001269   Thumb Code    72  fflti.o(.text)
    __aeabi_i2f                              0x080012b1   Thumb Code    16  fflti.o(.text)
    _fflt                                    0x080012b1   Thumb Code     0  fflti.o(.text)
    __aeabi_ui2f                             0x080012c1   Thumb Code     6  fflti.o(.text)
    _ffltu                                   0x080012c1   Thumb Code     0  fflti.o(.text)
    __ARM_scalbnf                            0x080012c9   Thumb Code    64  fscalbn.o(.text)
    __read_errno                             0x0800130d   Thumb Code    10  _rserrno.o(.text)
    __set_errno                              0x08001317   Thumb Code    12  _rserrno.o(.text)
    _printf_int_common                       0x08001323   Thumb Code   176  _printf_intcommon.o(.text)
    __lib_sel_fp_printf                      0x080013d5   Thumb Code     2  _printf_fp_dec.o(.text)
    _printf_fp_dec_real                      0x08001573   Thumb Code   620  _printf_fp_dec.o(.text)
    _printf_char_common                      0x080017f7   Thumb Code    32  _printf_char_common.o(.text)
    _sputc                                   0x0800181d   Thumb Code    10  _sputc.o(.text)
    __rt_udiv10                              0x08001827   Thumb Code    40  rtudiv10.o(.text)
    __fpl_dcmp_InfNaN                        0x08001851   Thumb Code   140  dcmpin.o(.text)
    __ARM_scalbn                             0x080018e1   Thumb Code    84  dscalbn.o(.text)
    __rt_locale                              0x08001941   Thumb Code     8  rt_locale_intlibspace.o(.text)
    __aeabi_errno_addr                       0x08001949   Thumb Code     8  rt_errno_addr_intlibspace.o(.text)
    __errno$intlibspace                      0x08001949   Thumb Code     0  rt_errno_addr_intlibspace.o(.text)
    __rt_errno_addr$intlibspace              0x08001949   Thumb Code     0  rt_errno_addr_intlibspace.o(.text)
    _ll_udiv10                               0x08001951   Thumb Code   122  lludiv10.o(.text)
    _printf_fp_infnan                        0x080019cd   Thumb Code   120  _printf_fp_infnan.o(.text)
    _btod_etento                             0x08001a55   Thumb Code   210  bigflt0.o(.text)
    _btod_d2e                                0x08001b2d   Thumb Code    64  btod.o(.text)
    _btod_emul                               0x08001f61   Thumb Code    28  btod.o(.text)
    _btod_emuld                              0x08001f7d   Thumb Code   144  btod.o(.text)
    _btod_ediv                               0x0800200d   Thumb Code    26  btod.o(.text)
    _btod_edivd                              0x08002027   Thumb Code   124  btod.o(.text)
    __fpl_cmpreturn                          0x080020ad   Thumb Code    46  cmpret.o(.text)
    __fpl_dcheck_NaN2                        0x080020dd   Thumb Code    14  dnan2.o(.text)
    __user_libspace                          0x080020f1   Thumb Code     8  libspace.o(.text)
    __user_perproc_libspace                  0x080020f1   Thumb Code     0  libspace.o(.text)
    __user_perthread_libspace                0x080020f1   Thumb Code     0  libspace.o(.text)
    __user_setup_stackheap                   0x080020f9   Thumb Code    62  sys_stackheap_outer.o(.text)
    exit                                     0x08002137   Thumb Code    16  exit.o(.text)
    strcmp                                   0x08002149   Thumb Code   132  strcmp.o(.text)
    __fpl_return_NaN                         0x080021d1   Thumb Code    94  retnan.o(.text)
    _sys_exit                                0x08002231   Thumb Code     8  sys_exit.o(.text)
    __I$use$semihosting                      0x0800223d   Thumb Code     0  use_no_semi.o(.text)
    __use_no_semihosting_swi                 0x0800223d   Thumb Code     2  use_no_semi.o(.text)
    __semihosting_library_function           0x0800223f   Thumb Code     0  indicate_semi.o(.text)
    ADC_Disable                              0x080022e5   Thumb Code   110  stm32g0xx_hal_adc.o(i.ADC_Disable)
    ADC_Enable                               0x08002359   Thumb Code   162  stm32g0xx_hal_adc.o(i.ADC_Enable)
    ADC_GetResistance                        0x0800240d   Thumb Code    30  main.o(i.ADC_GetResistance)
    DMA1_Channel1_IRQHandler                 0x08002435   Thumb Code    10  stm32g0xx_it.o(i.DMA1_Channel1_IRQHandler)
    EXTI4_15_IRQHandler                      0x080024e5   Thumb Code    10  stm32g0xx_it.o(i.EXTI4_15_IRQHandler)
    Error_Handler                            0x080024ef   Thumb Code     4  main.o(i.Error_Handler)
    FLASH_PageErase                          0x08002509   Thumb Code    20  stm32g0xx_hal_flash_ex.o(i.FLASH_PageErase)
    FLASH_WaitForLastOperation               0x08002579   Thumb Code    86  stm32g0xx_hal_flash.o(i.FLASH_WaitForLastOperation)
    Flash_Write_Data                         0x080025e1   Thumb Code    88  main.o(i.Flash_Write_Data)
    HAL_ADCEx_Calibration_Start              0x0800263d   Thumb Code   336  stm32g0xx_hal_adc_ex.o(i.HAL_ADCEx_Calibration_Start)
    HAL_ADC_ConfigChannel                    0x0800279d   Thumb Code   522  stm32g0xx_hal_adc.o(i.HAL_ADC_ConfigChannel)
    HAL_ADC_ConvCpltCallback                 0x080029c1   Thumb Code     2  stm32g0xx_hal_adc.o(i.HAL_ADC_ConvCpltCallback)
    HAL_ADC_ConvHalfCpltCallback             0x080029c3   Thumb Code     2  stm32g0xx_hal_adc.o(i.HAL_ADC_ConvHalfCpltCallback)
    HAL_ADC_ErrorCallback                    0x080029c5   Thumb Code     2  stm32g0xx_hal_adc.o(i.HAL_ADC_ErrorCallback)
    HAL_ADC_Init                             0x080029c9   Thumb Code   514  stm32g0xx_hal_adc.o(i.HAL_ADC_Init)
    HAL_ADC_MspInit                          0x08002be9   Thumb Code   134  adc.o(i.HAL_ADC_MspInit)
    HAL_ADC_Start_DMA                        0x08002c81   Thumb Code   158  stm32g0xx_hal_adc.o(i.HAL_ADC_Start_DMA)
    HAL_DMA_IRQHandler                       0x08002d35   Thumb Code   180  stm32g0xx_hal_dma.o(i.HAL_DMA_IRQHandler)
    HAL_DMA_Init                             0x08002ded   Thumb Code   156  stm32g0xx_hal_dma.o(i.HAL_DMA_Init)
    HAL_DMA_Start_IT                         0x08002e91   Thumb Code   136  stm32g0xx_hal_dma.o(i.HAL_DMA_Start_IT)
    HAL_Delay                                0x08002f1d   Thumb Code    32  stm32g0xx_hal.o(i.HAL_Delay)
    HAL_FLASHEx_Erase                        0x08002f41   Thumb Code   126  stm32g0xx_hal_flash_ex.o(i.HAL_FLASHEx_Erase)
    HAL_FLASH_Lock                           0x08002fc9   Thumb Code    34  stm32g0xx_hal_flash.o(i.HAL_FLASH_Lock)
    HAL_FLASH_Program                        0x08002ff1   Thumb Code    88  stm32g0xx_hal_flash.o(i.HAL_FLASH_Program)
    HAL_FLASH_Unlock                         0x08003051   Thumb Code    28  stm32g0xx_hal_flash.o(i.HAL_FLASH_Unlock)
    HAL_GPIO_EXTI_Falling_Callback           0x08003079   Thumb Code     2  stm32g0xx_hal_gpio.o(i.HAL_GPIO_EXTI_Falling_Callback)
    HAL_GPIO_EXTI_IRQHandler                 0x0800307d   Thumb Code    36  stm32g0xx_hal_gpio.o(i.HAL_GPIO_EXTI_IRQHandler)
    HAL_GPIO_EXTI_Rising_Callback            0x080030a5   Thumb Code     2  stm32g0xx_hal_gpio.o(i.HAL_GPIO_EXTI_Rising_Callback)
    HAL_GPIO_Init                            0x080030a9   Thumb Code   330  stm32g0xx_hal_gpio.o(i.HAL_GPIO_Init)
    HAL_GPIO_ReadPin                         0x08003205   Thumb Code    10  stm32g0xx_hal_gpio.o(i.HAL_GPIO_ReadPin)
    HAL_GPIO_TogglePin                       0x0800320f   Thumb Code    16  stm32g0xx_hal_gpio.o(i.HAL_GPIO_TogglePin)
    HAL_GPIO_WritePin                        0x0800321f   Thumb Code    12  stm32g0xx_hal_gpio.o(i.HAL_GPIO_WritePin)
    HAL_GetTick                              0x0800322d   Thumb Code     6  stm32g0xx_hal.o(i.HAL_GetTick)
    HAL_IncTick                              0x08003239   Thumb Code    12  stm32g0xx_hal.o(i.HAL_IncTick)
    HAL_Init                                 0x08003249   Thumb Code    36  stm32g0xx_hal.o(i.HAL_Init)
    HAL_InitTick                             0x08003271   Thumb Code    64  stm32g0xx_hal.o(i.HAL_InitTick)
    HAL_MspInit                              0x080032b9   Thumb Code    38  stm32g0xx_hal_msp.o(i.HAL_MspInit)
    HAL_NVIC_EnableIRQ                       0x080032e5   Thumb Code    18  stm32g0xx_hal_cortex.o(i.HAL_NVIC_EnableIRQ)
    HAL_NVIC_SetPriority                     0x080032fd   Thumb Code     8  stm32g0xx_hal_cortex.o(i.HAL_NVIC_SetPriority)
    HAL_PWREx_ControlVoltageScaling          0x08003305   Thumb Code    62  stm32g0xx_hal_pwr_ex.o(i.HAL_PWREx_ControlVoltageScaling)
    HAL_RCCEx_PeriphCLKConfig                0x08003351   Thumb Code   320  stm32g0xx_hal_rcc_ex.o(i.HAL_RCCEx_PeriphCLKConfig)
    HAL_RCC_ClockConfig                      0x0800349d   Thumb Code   318  stm32g0xx_hal_rcc.o(i.HAL_RCC_ClockConfig)
    HAL_RCC_GetPCLK1Freq                     0x080035f5   Thumb Code    26  stm32g0xx_hal_rcc.o(i.HAL_RCC_GetPCLK1Freq)
    HAL_RCC_GetSysClockFreq                  0x0800361d   Thumb Code   130  stm32g0xx_hal_rcc.o(i.HAL_RCC_GetSysClockFreq)
    HAL_RCC_OscConfig                        0x080036a9   Thumb Code   946  stm32g0xx_hal_rcc.o(i.HAL_RCC_OscConfig)
    HAL_SYSTICK_Config                       0x08003a81   Thumb Code    38  stm32g0xx_hal_cortex.o(i.HAL_SYSTICK_Config)
    HAL_TIMEx_Break2Callback                 0x08003ab1   Thumb Code     2  stm32g0xx_hal_tim_ex.o(i.HAL_TIMEx_Break2Callback)
    HAL_TIMEx_BreakCallback                  0x08003ab3   Thumb Code     2  stm32g0xx_hal_tim_ex.o(i.HAL_TIMEx_BreakCallback)
    HAL_TIMEx_CommutCallback                 0x08003ab5   Thumb Code     2  stm32g0xx_hal_tim_ex.o(i.HAL_TIMEx_CommutCallback)
    HAL_TIMEx_ConfigBreakDeadTime            0x08003ab9   Thumb Code   164  stm32g0xx_hal_tim_ex.o(i.HAL_TIMEx_ConfigBreakDeadTime)
    HAL_TIMEx_MasterConfigSynchronization    0x08003b61   Thumb Code    90  stm32g0xx_hal_tim_ex.o(i.HAL_TIMEx_MasterConfigSynchronization)
    HAL_TIM_Base_Init                        0x08003bc5   Thumb Code    76  stm32g0xx_hal_tim.o(i.HAL_TIM_Base_Init)
    HAL_TIM_Base_MspInit                     0x08003c11   Thumb Code    82  tim.o(i.HAL_TIM_Base_MspInit)
    HAL_TIM_Base_Start_IT                    0x08003c71   Thumb Code    68  stm32g0xx_hal_tim.o(i.HAL_TIM_Base_Start_IT)
    HAL_TIM_ConfigClockSource                0x08003cc1   Thumb Code   220  stm32g0xx_hal_tim.o(i.HAL_TIM_ConfigClockSource)
    HAL_TIM_IC_CaptureCallback               0x08003da1   Thumb Code     2  stm32g0xx_hal_tim.o(i.HAL_TIM_IC_CaptureCallback)
    HAL_TIM_IRQHandler                       0x08003da5   Thumb Code   318  stm32g0xx_hal_tim.o(i.HAL_TIM_IRQHandler)
    HAL_TIM_MspPostInit                      0x08003eed   Thumb Code    96  tim.o(i.HAL_TIM_MspPostInit)
    HAL_TIM_OC_DelayElapsedCallback          0x08003f59   Thumb Code     2  stm32g0xx_hal_tim.o(i.HAL_TIM_OC_DelayElapsedCallback)
    HAL_TIM_PWM_ConfigChannel                0x08003f5b   Thumb Code   296  stm32g0xx_hal_tim.o(i.HAL_TIM_PWM_ConfigChannel)
    HAL_TIM_PWM_Init                         0x08004083   Thumb Code    76  stm32g0xx_hal_tim.o(i.HAL_TIM_PWM_Init)
    HAL_TIM_PWM_MspInit                      0x080040cf   Thumb Code     2  stm32g0xx_hal_tim.o(i.HAL_TIM_PWM_MspInit)
    HAL_TIM_PWM_PulseFinishedCallback        0x080040d1   Thumb Code     2  stm32g0xx_hal_tim.o(i.HAL_TIM_PWM_PulseFinishedCallback)
    HAL_TIM_PWM_Start                        0x080040d5   Thumb Code   172  stm32g0xx_hal_tim.o(i.HAL_TIM_PWM_Start)
    HAL_TIM_PeriodElapsedCallback            0x08004195   Thumb Code  1092  main.o(i.HAL_TIM_PeriodElapsedCallback)
    HAL_TIM_TriggerCallback                  0x080045d9   Thumb Code     2  stm32g0xx_hal_tim.o(i.HAL_TIM_TriggerCallback)
    HAL_UARTEx_DisableFifoMode               0x080045db   Thumb Code    60  stm32g0xx_hal_uart_ex.o(i.HAL_UARTEx_DisableFifoMode)
    HAL_UARTEx_SetRxFifoThreshold            0x08004617   Thumb Code    72  stm32g0xx_hal_uart_ex.o(i.HAL_UARTEx_SetRxFifoThreshold)
    HAL_UARTEx_SetTxFifoThreshold            0x0800465f   Thumb Code    70  stm32g0xx_hal_uart_ex.o(i.HAL_UARTEx_SetTxFifoThreshold)
    HAL_UART_Init                            0x080046a5   Thumb Code   108  stm32g0xx_hal_uart.o(i.HAL_UART_Init)
    HAL_UART_MspInit                         0x08004711   Thumb Code   118  usart.o(i.HAL_UART_MspInit)
    HAL_UART_Transmit                        0x08004791   Thumb Code   206  stm32g0xx_hal_uart.o(i.HAL_UART_Transmit)
    HardFault_Handler                        0x0800485f   Thumb Code     2  stm32g0xx_it.o(i.HardFault_Handler)
    LAverageFilter                           0x08004861   Thumb Code   138  main.o(i.LAverageFilter)
    MX_ADC1_Init                             0x08004941   Thumb Code   268  adc.o(i.MX_ADC1_Init)
    MX_DMA_Init                              0x08004a75   Thumb Code    36  dma.o(i.MX_DMA_Init)
    MX_GPIO_Init                             0x08004a9d   Thumb Code   162  gpio.o(i.MX_GPIO_Init)
    MX_TIM1_Init                             0x08004b49   Thumb Code   240  tim.o(i.MX_TIM1_Init)
    MX_TIM3_Init                             0x08004c45   Thumb Code   100  tim.o(i.MX_TIM3_Init)
    MX_USART1_UART_Init                      0x08004cb5   Thumb Code    96  usart.o(i.MX_USART1_UART_Init)
    NMI_Handler                              0x08004d1d   Thumb Code     2  stm32g0xx_it.o(i.NMI_Handler)
    OLED_Clear                               0x08004d21   Thumb Code    34  oled.o(i.OLED_Clear)
    OLED_ClearArea                           0x08004d49   Thumb Code    84  oled.o(i.OLED_ClearArea)
    OLED_DrawInterface                       0x08004da1   Thumb Code   262  main.o(i.OLED_DrawInterface)
    OLED_DrawPoint                           0x08004ed5   Thumb Code    34  oled.o(i.OLED_DrawPoint)
    OLED_GPIO_Init                           0x08004efd   Thumb Code    88  oled.o(i.OLED_GPIO_Init)
    OLED_I2C_SendByte                        0x08004f5d   Thumb Code    56  oled.o(i.OLED_I2C_SendByte)
    OLED_I2C_Start                           0x08004f95   Thumb Code    28  oled.o(i.OLED_I2C_Start)
    OLED_I2C_Stop                            0x08004fb1   Thumb Code    22  oled.o(i.OLED_I2C_Stop)
    OLED_Init                                0x08004fc7   Thumb Code   146  oled.o(i.OLED_Init)
    OLED_Pow                                 0x08005059   Thumb Code    14  oled.o(i.OLED_Pow)
    OLED_ReverseArea                         0x08005069   Thumb Code    84  oled.o(i.OLED_ReverseArea)
    OLED_SetCursor                           0x080050c1   Thumb Code    32  oled.o(i.OLED_SetCursor)
    OLED_ShowChar                            0x080050e1   Thumb Code    50  oled.o(i.OLED_ShowChar)
    OLED_ShowImage                           0x0800511d   Thumb Code   166  oled.o(i.OLED_ShowImage)
    OLED_ShowNum                             0x080051c9   Thumb Code    70  oled.o(i.OLED_ShowNum)
    OLED_ShowString                          0x0800520f   Thumb Code    40  oled.o(i.OLED_ShowString)
    OLED_Update                              0x08005239   Thumb Code    34  oled.o(i.OLED_Update)
    OLED_W_SCL                               0x08005261   Thumb Code    16  oled.o(i.OLED_W_SCL)
    OLED_W_SDA                               0x08005275   Thumb Code    16  oled.o(i.OLED_W_SDA)
    OLED_WriteCommand                        0x08005289   Thumb Code    32  oled.o(i.OLED_WriteCommand)
    OLED_WriteData                           0x080052a9   Thumb Code    46  oled.o(i.OLED_WriteData)
    PID_INIT                                 0x080052d7   Thumb Code    26  main.o(i.PID_INIT)
    PID_calculate                            0x080052f1   Thumb Code   120  main.o(i.PID_calculate)
    PendSV_Handler                           0x08005371   Thumb Code     2  stm32g0xx_it.o(i.PendSV_Handler)
    Resistance2Temerature                    0x08005375   Thumb Code    72  main.o(i.Resistance2Temerature)
    SVC_Handler                              0x080053d1   Thumb Code     2  stm32g0xx_it.o(i.SVC_Handler)
    ShowCursor                               0x080053d5   Thumb Code    54  main.o(i.ShowCursor)
    SysTick_Handler                          0x08005415   Thumb Code     8  stm32g0xx_it.o(i.SysTick_Handler)
    SystemClock_Config                       0x0800541d   Thumb Code   104  main.o(i.SystemClock_Config)
    SystemInit                               0x08005485   Thumb Code     2  system_stm32g0xx.o(i.SystemInit)
    TIM1_CC_IRQHandler                       0x08005489   Thumb Code    10  stm32g0xx_it.o(i.TIM1_CC_IRQHandler)
    TIM3_IRQHandler                          0x08005499   Thumb Code    10  stm32g0xx_it.o(i.TIM3_IRQHandler)
    TIM_Base_SetConfig                       0x080054a9   Thumb Code   114  stm32g0xx_hal_tim.o(i.TIM_Base_SetConfig)
    TIM_CCxChannelCmd                        0x08005531   Thumb Code    26  stm32g0xx_hal_tim.o(i.TIM_CCxChannelCmd)
    TIM_ETR_SetConfig                        0x0800554b   Thumb Code    22  stm32g0xx_hal_tim.o(i.TIM_ETR_SetConfig)
    TIM_OC2_SetConfig                        0x080055f1   Thumb Code   106  stm32g0xx_hal_tim.o(i.TIM_OC2_SetConfig)
    UART_AdvFeatureConfig                    0x0800589d   Thumb Code   202  stm32g0xx_hal_uart.o(i.UART_AdvFeatureConfig)
    UART_CheckIdleState                      0x08005969   Thumb Code   180  stm32g0xx_hal_uart.o(i.UART_CheckIdleState)
    UART_SetConfig                           0x08005a85   Thumb Code   326  stm32g0xx_hal_uart.o(i.UART_SetConfig)
    UART_WaitOnFlagUntilTimeout              0x08005bed   Thumb Code   144  stm32g0xx_hal_uart.o(i.UART_WaitOnFlagUntilTimeout)
    __ARM_common_ll_muluu                    0x08005c7d   Thumb Code    48  btod.o(i.__ARM_common_ll_muluu)
    __ARM_fpclassify                         0x08005cad   Thumb Code    40  fpclassify.o(i.__ARM_fpclassify)
    __kernel_poly                            0x08005d1d   Thumb Code   172  poly.o(i.__kernel_poly)
    __mathlib_dbl_divzero                    0x08005dc9   Thumb Code    16  dunder.o(i.__mathlib_dbl_divzero)
    __mathlib_dbl_infnan                     0x08005ddd   Thumb Code    10  dunder.o(i.__mathlib_dbl_infnan)
    __mathlib_dbl_invalid                    0x08005de7   Thumb Code    16  dunder.o(i.__mathlib_dbl_invalid)
    _is_digit                                0x08005df7   Thumb Code    14  __printf_wp.o(i._is_digit)
    log                                      0x08005e05   Thumb Code   790  log.o(i.log)
    main                                     0x08006159   Thumb Code   260  main.o(i.main)
    moveAverageFilter                        0x08006291   Thumb Code    96  main.o(i.moveAverageFilter)
    _get_lc_numeric                          0x080062f9   Thumb Code    44  lc_numeric_c.o(locale$$code)
    __aeabi_cdcmpeq                          0x08006325   Thumb Code     0  deqf.o(x$fpl$deqf)
    _dcmpeq                                  0x08006325   Thumb Code    94  deqf.o(x$fpl$deqf)
    __aeabi_fadd                             0x08006389   Thumb Code     0  faddsub.o(x$fpl$fadd)
    _fadd                                    0x08006389   Thumb Code   134  faddsub.o(x$fpl$fadd)
    __aeabi_fmul                             0x08006415   Thumb Code     0  fmul.o(x$fpl$fmul)
    _fmul                                    0x08006415   Thumb Code   172  fmul.o(x$fpl$fmul)
    __aeabi_frsub                            0x080064c5   Thumb Code     0  faddsub.o(x$fpl$frsb)
    _frsb                                    0x080064c5   Thumb Code    24  faddsub.o(x$fpl$frsb)
    __aeabi_fsub                             0x080064dd   Thumb Code     0  faddsub.o(x$fpl$fsub)
    _fsub                                    0x080064dd   Thumb Code   204  faddsub.o(x$fpl$fsub)
    _printf_fp_dec                           0x080065ad   Thumb Code    16  printf1.o(x$fpl$printf1)
    __I$use$fp                               0x080065bc   Number         0  usenofp.o(x$fpl$usenofp)
    cursor_positions                         0x080065bc   Data          24  main.o(.constdata)
    UARTPrescTable                           0x080065d4   Data          24  stm32g0xx_hal_uart.o(.constdata)
    AHBPrescTable                            0x080065fc   Data          64  system_stm32g0xx.o(.constdata)
    APBPrescTable                            0x0800663c   Data          32  system_stm32g0xx.o(.constdata)
    OLED_F8x16                               0x0800665c   Data        1520  oled_data.o(.constdata)
    OLED_F6x8                                0x08006c4c   Data         570  oled_data.o(.constdata)
    __mathlib_zero                           0x08006f90   Data           8  qnan.o(.constdata)
    Region$$Table$$Base                      0x0800702c   Number         0  anon$$obj.o(Region$$Table)
    Region$$Table$$Limit                     0x0800704c   Number         0  anon$$obj.o(Region$$Table)
    wake_pressed                             0x20000000   Data           1  main.o(.data)
    current_cursor                           0x20000001   Data           1  main.o(.data)
    key1_pressed                             0x20000002   Data           1  main.o(.data)
    key2_pressed                             0x20000003   Data           1  main.o(.data)
    menu_level                               0x20000007   Data           1  main.o(.data)
    current_hot                              0x20000008   Data           1  main.o(.data)
    menu_switching                           0x20000009   Data           1  main.o(.data)
    param_editing                            0x2000000a   Data           1  main.o(.data)
    blink_state                              0x2000000b   Data           1  main.o(.data)
    blink_cnt                                0x20000010   Data           2  main.o(.data)
    hot1_target                              0x20000012   Data           2  main.o(.data)
    hot2_target                              0x20000014   Data           2  main.o(.data)
    PWM1                                     0x2000001a   Data           2  main.o(.data)
    PWM2                                     0x2000001c   Data           2  main.o(.data)
    hot1_reality                             0x20000020   Data           4  main.o(.data)
    hot2_reality                             0x20000024   Data           4  main.o(.data)
    NTC1_R                                   0x20000028   Data           4  main.o(.data)
    NTC2_R                                   0x2000002c   Data           4  main.o(.data)
    uwTickFreq                               0x20000044   Data           1  stm32g0xx_hal.o(.data)
    uwTickPrio                               0x20000048   Data           4  stm32g0xx_hal.o(.data)
    uwTick                                   0x2000004c   Data           4  stm32g0xx_hal.o(.data)
    SystemCoreClock                          0x20000050   Data           4  system_stm32g0xx.o(.data)
    message                                  0x20000054   Data          50  main.o(.bss)
    adc_buf                                  0x200000a8   Data          16  main.o(.bss)
    adc_value                                0x200000b8   Data          16  main.o(.bss)
    PID_Ctrl1                                0x200001b8   Data          40  main.o(.bss)
    PID_Ctrl2                                0x200001e0   Data          40  main.o(.bss)
    hadc1                                    0x20000208   Data         100  adc.o(.bss)
    hdma_adc1                                0x2000026c   Data          92  adc.o(.bss)
    htim1                                    0x200002c8   Data          76  tim.o(.bss)
    htim3                                    0x20000314   Data          76  tim.o(.bss)
    huart1                                   0x20000360   Data         148  usart.o(.bss)
    pFlash                                   0x200003f4   Data          28  stm32g0xx_hal_flash.o(.bss)
    OLED_DisplayBuf                          0x20000410   Data        1024  oled.o(.bss)
    __libspace_start                         0x20000810   Data          96  libspace.o(.bss)
    __temporary_stack_top$libspace           0x20000870   Data           0  libspace.o(.bss)



==============================================================================

Memory Map of the image

  Image Entry point : 0x080000c1

  Load Region LR_IROM1 (Base: 0x08000000, Size: 0x000070bc, Max: 0x00008000, ABSOLUTE)

    Execution Region ER_IROM1 (Exec base: 0x08000000, Load base: 0x08000000, Size: 0x00007068, Max: 0x00008000, ABSOLUTE)

    Exec Addr    Load Addr    Size         Type   Attr      Idx    E Section Name        Object

    0x08000000   0x08000000   0x000000c0   Data   RO            3    RESET               startup_stm32g030xx.o
    0x080000c0   0x080000c0   0x00000008   Code   RO         3840  * !!!main             c_p.l(__main.o)
    0x080000c8   0x080000c8   0x0000003c   Code   RO         4234    !!!scatter          c_p.l(__scatter.o)
    0x08000104   0x08000104   0x0000001a   Code   RO         4236    !!handler_copy      c_p.l(__scatter_copy.o)
    0x0800011e   0x0800011e   0x00000002   PAD
    0x08000120   0x08000120   0x0000001c   Code   RO         4238    !!handler_zi        c_p.l(__scatter_zi.o)
    0x0800013c   0x0800013c   0x00000002   Code   RO         3829    .ARM.Collect$$_printf_percent$$00000000  c_p.l(_printf_percent.o)
    0x0800013e   0x0800013e   0x0000000a   Code   RO         3828    .ARM.Collect$$_printf_percent$$00000003  c_p.l(_printf_f.o)
    0x08000148   0x08000148   0x0000000a   Code   RO         3827    .ARM.Collect$$_printf_percent$$00000009  c_p.l(_printf_d.o)
    0x08000152   0x08000152   0x00000004   Code   RO         3966    .ARM.Collect$$_printf_percent$$00000017  c_p.l(_printf_percent_end.o)
    0x08000156   0x08000156   0x00000002   Code   RO         4099    .ARM.Collect$$libinit$$00000000  c_p.l(libinit.o)
    0x08000158   0x08000158   0x00000000   Code   RO         4101    .ARM.Collect$$libinit$$00000002  c_p.l(libinit2.o)
    0x08000158   0x08000158   0x00000000   Code   RO         4103    .ARM.Collect$$libinit$$00000004  c_p.l(libinit2.o)
    0x08000158   0x08000158   0x00000000   Code   RO         4106    .ARM.Collect$$libinit$$0000000A  c_p.l(libinit2.o)
    0x08000158   0x08000158   0x00000000   Code   RO         4108    .ARM.Collect$$libinit$$0000000C  c_p.l(libinit2.o)
    0x08000158   0x08000158   0x00000000   Code   RO         4110    .ARM.Collect$$libinit$$0000000E  c_p.l(libinit2.o)
    0x08000158   0x08000158   0x00000006   Code   RO         4111    .ARM.Collect$$libinit$$0000000F  c_p.l(libinit2.o)
    0x0800015e   0x0800015e   0x00000000   Code   RO         4113    .ARM.Collect$$libinit$$00000011  c_p.l(libinit2.o)
    0x0800015e   0x0800015e   0x00000000   Code   RO         4115    .ARM.Collect$$libinit$$00000013  c_p.l(libinit2.o)
    0x0800015e   0x0800015e   0x00000000   Code   RO         4117    .ARM.Collect$$libinit$$00000015  c_p.l(libinit2.o)
    0x0800015e   0x0800015e   0x0000000a   Code   RO         4118    .ARM.Collect$$libinit$$00000016  c_p.l(libinit2.o)
    0x08000168   0x08000168   0x00000000   Code   RO         4119    .ARM.Collect$$libinit$$00000017  c_p.l(libinit2.o)
    0x08000168   0x08000168   0x00000000   Code   RO         4121    .ARM.Collect$$libinit$$00000019  c_p.l(libinit2.o)
    0x08000168   0x08000168   0x00000000   Code   RO         4123    .ARM.Collect$$libinit$$0000001B  c_p.l(libinit2.o)
    0x08000168   0x08000168   0x00000000   Code   RO         4125    .ARM.Collect$$libinit$$0000001D  c_p.l(libinit2.o)
    0x08000168   0x08000168   0x00000000   Code   RO         4127    .ARM.Collect$$libinit$$0000001F  c_p.l(libinit2.o)
    0x08000168   0x08000168   0x00000000   Code   RO         4129    .ARM.Collect$$libinit$$00000021  c_p.l(libinit2.o)
    0x08000168   0x08000168   0x00000000   Code   RO         4131    .ARM.Collect$$libinit$$00000023  c_p.l(libinit2.o)
    0x08000168   0x08000168   0x00000000   Code   RO         4133    .ARM.Collect$$libinit$$00000025  c_p.l(libinit2.o)
    0x08000168   0x08000168   0x00000000   Code   RO         4137    .ARM.Collect$$libinit$$0000002C  c_p.l(libinit2.o)
    0x08000168   0x08000168   0x00000000   Code   RO         4139    .ARM.Collect$$libinit$$0000002E  c_p.l(libinit2.o)
    0x08000168   0x08000168   0x00000000   Code   RO         4141    .ARM.Collect$$libinit$$00000030  c_p.l(libinit2.o)
    0x08000168   0x08000168   0x00000000   Code   RO         4143    .ARM.Collect$$libinit$$00000032  c_p.l(libinit2.o)
    0x08000168   0x08000168   0x00000002   Code   RO         4144    .ARM.Collect$$libinit$$00000033  c_p.l(libinit2.o)
    0x0800016a   0x0800016a   0x00000002   Code   RO         4197    .ARM.Collect$$libshutdown$$00000000  c_p.l(libshutdown.o)
    0x0800016c   0x0800016c   0x00000000   Code   RO         4215    .ARM.Collect$$libshutdown$$00000002  c_p.l(libshutdown2.o)
    0x0800016c   0x0800016c   0x00000000   Code   RO         4217    .ARM.Collect$$libshutdown$$00000004  c_p.l(libshutdown2.o)
    0x0800016c   0x0800016c   0x00000000   Code   RO         4219    .ARM.Collect$$libshutdown$$00000006  c_p.l(libshutdown2.o)
    0x0800016c   0x0800016c   0x00000000   Code   RO         4222    .ARM.Collect$$libshutdown$$00000009  c_p.l(libshutdown2.o)
    0x0800016c   0x0800016c   0x00000000   Code   RO         4225    .ARM.Collect$$libshutdown$$0000000C  c_p.l(libshutdown2.o)
    0x0800016c   0x0800016c   0x00000000   Code   RO         4227    .ARM.Collect$$libshutdown$$0000000E  c_p.l(libshutdown2.o)
    0x0800016c   0x0800016c   0x00000000   Code   RO         4230    .ARM.Collect$$libshutdown$$00000011  c_p.l(libshutdown2.o)
    0x0800016c   0x0800016c   0x00000002   Code   RO         4231    .ARM.Collect$$libshutdown$$00000012  c_p.l(libshutdown2.o)
    0x0800016e   0x0800016e   0x00000000   Code   RO         3900    .ARM.Collect$$rtentry$$00000000  c_p.l(__rtentry.o)
    0x0800016e   0x0800016e   0x00000000   Code   RO         4019    .ARM.Collect$$rtentry$$00000002  c_p.l(__rtentry2.o)
    0x0800016e   0x0800016e   0x00000006   Code   RO         4031    .ARM.Collect$$rtentry$$00000004  c_p.l(__rtentry4.o)
    0x08000174   0x08000174   0x00000000   Code   RO         4021    .ARM.Collect$$rtentry$$00000009  c_p.l(__rtentry2.o)
    0x08000174   0x08000174   0x00000004   Code   RO         4022    .ARM.Collect$$rtentry$$0000000A  c_p.l(__rtentry2.o)
    0x08000178   0x08000178   0x00000000   Code   RO         4024    .ARM.Collect$$rtentry$$0000000C  c_p.l(__rtentry2.o)
    0x08000178   0x08000178   0x00000008   Code   RO         4025    .ARM.Collect$$rtentry$$0000000D  c_p.l(__rtentry2.o)
    0x08000180   0x08000180   0x00000002   Code   RO         4148    .ARM.Collect$$rtexit$$00000000  c_p.l(rtexit.o)
    0x08000182   0x08000182   0x00000000   Code   RO         4166    .ARM.Collect$$rtexit$$00000002  c_p.l(rtexit2.o)
    0x08000182   0x08000182   0x00000004   Code   RO         4167    .ARM.Collect$$rtexit$$00000003  c_p.l(rtexit2.o)
    0x08000186   0x08000186   0x00000006   Code   RO         4168    .ARM.Collect$$rtexit$$00000004  c_p.l(rtexit2.o)
    0x0800018c   0x0800018c   0x00000038   Code   RO            4    .text               startup_stm32g030xx.o
    0x080001c4   0x080001c4   0x0000002c   Code   RO         3799    .text               c_p.l(__2sprintf.o)
    0x080001f0   0x080001f0   0x0000006c   Code   RO         3805    .text               c_p.l(_printf_dec.o)
    0x0800025c   0x0800025c   0x00000188   Code   RO         3824    .text               c_p.l(__printf_flags_ss_wp.o)
    0x080003e4   0x080003e4   0x00000044   Code   RO         3830    .text               c_p.l(strlen.o)
    0x08000428   0x08000428   0x00000040   Code   RO         3832    .text               c_p.l(rt_memclr.o)
    0x08000468   0x08000468   0x0000015a   Code   RO         3834    .text               c_p.l(aeabi_sdiv.o)
    0x080005c2   0x080005c2   0x00000006   Code   RO         3838    .text               c_p.l(heapauxi.o)
    0x080005c8   0x080005c8   0x0000007c   Code   RO         3842    .text               fz_ps.l(d2f.o)
    0x08000644   0x08000644   0x00000358   Code   RO         3844    .text               fz_ps.l(daddsub.o)
    0x0800099c   0x0800099c   0x00000448   Code   RO         3846    .text               fz_ps.l(ddiv.o)
    0x08000de4   0x08000de4   0x00000058   Code   RO         3853    .text               fz_ps.l(dflti.o)
    0x08000e3c   0x08000e3c   0x00000248   Code   RO         3857    .text               fz_ps.l(dmul.o)
    0x08001084   0x08001084   0x00000054   Code   RO         3861    .text               fz_ps.l(f2d.o)
    0x080010d8   0x080010d8   0x00000160   Code   RO         3869    .text               fz_ps.l(fdiv.o)
    0x08001238   0x08001238   0x00000030   Code   RO         3872    .text               fz_ps.l(ffixui.o)
    0x08001268   0x08001268   0x0000005e   Code   RO         3874    .text               fz_ps.l(fflti.o)
    0x080012c6   0x080012c6   0x00000002   PAD
    0x080012c8   0x080012c8   0x00000044   Code   RO         3878    .text               fz_ps.l(fscalbn.o)
    0x0800130c   0x0800130c   0x00000016   Code   RO         3905    .text               c_p.l(_rserrno.o)
    0x08001322   0x08001322   0x000000b0   Code   RO         3913    .text               c_p.l(_printf_intcommon.o)
    0x080013d2   0x080013d2   0x00000002   PAD
    0x080013d4   0x080013d4   0x00000418   Code   RO         3917    .text               c_p.l(_printf_fp_dec.o)
    0x080017ec   0x080017ec   0x00000030   Code   RO         3919    .text               c_p.l(_printf_char_common.o)
    0x0800181c   0x0800181c   0x0000000a   Code   RO         3921    .text               c_p.l(_sputc.o)
    0x08001826   0x08001826   0x00000028   Code   RO         3976    .text               c_p.l(rtudiv10.o)
    0x0800184e   0x0800184e   0x00000002   PAD
    0x08001850   0x08001850   0x00000090   Code   RO         3978    .text               fz_ps.l(dcmpin.o)
    0x080018e0   0x080018e0   0x00000060   Code   RO         3982    .text               fz_ps.l(dscalbn.o)
    0x08001940   0x08001940   0x00000008   Code   RO         4038    .text               c_p.l(rt_locale_intlibspace.o)
    0x08001948   0x08001948   0x00000008   Code   RO         4043    .text               c_p.l(rt_errno_addr_intlibspace.o)
    0x08001950   0x08001950   0x0000007a   Code   RO         4045    .text               c_p.l(lludiv10.o)
    0x080019ca   0x080019ca   0x00000002   PAD
    0x080019cc   0x080019cc   0x00000088   Code   RO         4050    .text               c_p.l(_printf_fp_infnan.o)
    0x08001a54   0x08001a54   0x000000d8   Code   RO         4058    .text               c_p.l(bigflt0.o)
    0x08001b2c   0x08001b2c   0x00000580   Code   RO         4061    .text               c_p.l(btod.o)
    0x080020ac   0x080020ac   0x0000002e   Code   RO         4070    .text               fz_ps.l(cmpret.o)
    0x080020da   0x080020da   0x00000002   PAD
    0x080020dc   0x080020dc   0x00000014   Code   RO         4072    .text               fz_ps.l(dnan2.o)
    0x080020f0   0x080020f0   0x00000008   Code   RO         4078    .text               c_p.l(libspace.o)
    0x080020f8   0x080020f8   0x0000003e   Code   RO         4081    .text               c_p.l(sys_stackheap_outer.o)
    0x08002136   0x08002136   0x00000010   Code   RO         4086    .text               c_p.l(exit.o)
    0x08002146   0x08002146   0x00000002   PAD
    0x08002148   0x08002148   0x00000088   Code   RO         4092    .text               c_p.l(strcmp.o)
    0x080021d0   0x080021d0   0x0000005e   Code   RO         4145    .text               fz_ps.l(retnan.o)
    0x0800222e   0x0800222e   0x00000002   PAD
    0x08002230   0x08002230   0x0000000c   Code   RO         4163    .text               c_p.l(sys_exit.o)
    0x0800223c   0x0800223c   0x00000002   Code   RO         4184    .text               c_p.l(use_no_semi.o)
    0x0800223e   0x0800223e   0x00000000   Code   RO         4186    .text               c_p.l(indicate_semi.o)
    0x0800223e   0x0800223e   0x00000080   Code   RO          526    i.ADC_DMAConvCplt   stm32g0xx_hal_adc.o
    0x080022be   0x080022be   0x0000001a   Code   RO          527    i.ADC_DMAError      stm32g0xx_hal_adc.o
    0x080022d8   0x080022d8   0x0000000a   Code   RO          528    i.ADC_DMAHalfConvCplt  stm32g0xx_hal_adc.o
    0x080022e2   0x080022e2   0x00000002   PAD
    0x080022e4   0x080022e4   0x00000074   Code   RO          529    i.ADC_Disable       stm32g0xx_hal_adc.o
    0x08002358   0x08002358   0x000000b4   Code   RO          530    i.ADC_Enable        stm32g0xx_hal_adc.o
    0x0800240c   0x0800240c   0x00000028   Code   RO           12    i.ADC_GetResistance  main.o
    0x08002434   0x08002434   0x00000010   Code   RO          433    i.DMA1_Channel1_IRQHandler  stm32g0xx_it.o
    0x08002444   0x08002444   0x00000030   Code   RO         1225    i.DMA_CalcDMAMUXChannelBaseAndMask  stm32g0xx_hal_dma.o
    0x08002474   0x08002474   0x00000028   Code   RO         1226    i.DMA_CalcDMAMUXRequestGenBaseAndMask  stm32g0xx_hal_dma.o
    0x0800249c   0x0800249c   0x00000048   Code   RO         1227    i.DMA_SetConfig     stm32g0xx_hal_dma.o
    0x080024e4   0x080024e4   0x0000000a   Code   RO          434    i.EXTI4_15_IRQHandler  stm32g0xx_it.o
    0x080024ee   0x080024ee   0x00000004   Code   RO           13    i.Error_Handler     main.o
    0x080024f2   0x080024f2   0x00000002   PAD
    0x080024f4   0x080024f4   0x00000014   Code   RO         1076    i.FLASH_MassErase   stm32g0xx_hal_flash_ex.o
    0x08002508   0x08002508   0x00000020   Code   RO         1080    i.FLASH_PageErase   stm32g0xx_hal_flash_ex.o
    0x08002528   0x08002528   0x0000001c   Code   RO          970    i.FLASH_Program_DoubleWord  stm32g0xx_hal_flash.o
    0x08002544   0x08002544   0x00000034   Code   RO          971    i.FLASH_Program_Fast  stm32g0xx_hal_flash.o
    0x08002578   0x08002578   0x00000068   Code   RO          972    i.FLASH_WaitForLastOperation  stm32g0xx_hal_flash.o
    0x080025e0   0x080025e0   0x0000005c   Code   RO           14    i.Flash_Write_Data  main.o
    0x0800263c   0x0800263c   0x00000160   Code   RO          739    i.HAL_ADCEx_Calibration_Start  stm32g0xx_hal_adc_ex.o
    0x0800279c   0x0800279c   0x00000224   Code   RO          532    i.HAL_ADC_ConfigChannel  stm32g0xx_hal_adc.o
    0x080029c0   0x080029c0   0x00000002   Code   RO          533    i.HAL_ADC_ConvCpltCallback  stm32g0xx_hal_adc.o
    0x080029c2   0x080029c2   0x00000002   Code   RO          534    i.HAL_ADC_ConvHalfCpltCallback  stm32g0xx_hal_adc.o
    0x080029c4   0x080029c4   0x00000002   Code   RO          536    i.HAL_ADC_ErrorCallback  stm32g0xx_hal_adc.o
    0x080029c6   0x080029c6   0x00000002   PAD
    0x080029c8   0x080029c8   0x00000220   Code   RO          541    i.HAL_ADC_Init      stm32g0xx_hal_adc.o
    0x08002be8   0x08002be8   0x00000098   Code   RO          288    i.HAL_ADC_MspInit   adc.o
    0x08002c80   0x08002c80   0x000000b4   Code   RO          548    i.HAL_ADC_Start_DMA  stm32g0xx_hal_adc.o
    0x08002d34   0x08002d34   0x000000b8   Code   RO         1233    i.HAL_DMA_IRQHandler  stm32g0xx_hal_dma.o
    0x08002dec   0x08002dec   0x000000a4   Code   RO         1234    i.HAL_DMA_Init      stm32g0xx_hal_dma.o
    0x08002e90   0x08002e90   0x0000008c   Code   RO         1238    i.HAL_DMA_Start_IT  stm32g0xx_hal_dma.o
    0x08002f1c   0x08002f1c   0x00000024   Code   RO         1697    i.HAL_Delay         stm32g0xx_hal.o
    0x08002f40   0x08002f40   0x00000088   Code   RO         1081    i.HAL_FLASHEx_Erase  stm32g0xx_hal_flash_ex.o
    0x08002fc8   0x08002fc8   0x00000028   Code   RO          976    i.HAL_FLASH_Lock    stm32g0xx_hal_flash.o
    0x08002ff0   0x08002ff0   0x00000060   Code   RO          981    i.HAL_FLASH_Program  stm32g0xx_hal_flash.o
    0x08003050   0x08003050   0x00000028   Code   RO          983    i.HAL_FLASH_Unlock  stm32g0xx_hal_flash.o
    0x08003078   0x08003078   0x00000002   Code   RO         1158    i.HAL_GPIO_EXTI_Falling_Callback  stm32g0xx_hal_gpio.o
    0x0800307a   0x0800307a   0x00000002   PAD
    0x0800307c   0x0800307c   0x00000028   Code   RO         1159    i.HAL_GPIO_EXTI_IRQHandler  stm32g0xx_hal_gpio.o
    0x080030a4   0x080030a4   0x00000002   Code   RO         1160    i.HAL_GPIO_EXTI_Rising_Callback  stm32g0xx_hal_gpio.o
    0x080030a6   0x080030a6   0x00000002   PAD
    0x080030a8   0x080030a8   0x0000015c   Code   RO         1161    i.HAL_GPIO_Init     stm32g0xx_hal_gpio.o
    0x08003204   0x08003204   0x0000000a   Code   RO         1163    i.HAL_GPIO_ReadPin  stm32g0xx_hal_gpio.o
    0x0800320e   0x0800320e   0x00000010   Code   RO         1164    i.HAL_GPIO_TogglePin  stm32g0xx_hal_gpio.o
    0x0800321e   0x0800321e   0x0000000c   Code   RO         1165    i.HAL_GPIO_WritePin  stm32g0xx_hal_gpio.o
    0x0800322a   0x0800322a   0x00000002   PAD
    0x0800322c   0x0800322c   0x0000000c   Code   RO         1701    i.HAL_GetTick       stm32g0xx_hal.o
    0x08003238   0x08003238   0x00000010   Code   RO         1707    i.HAL_IncTick       stm32g0xx_hal.o
    0x08003248   0x08003248   0x00000028   Code   RO         1708    i.HAL_Init          stm32g0xx_hal.o
    0x08003270   0x08003270   0x00000048   Code   RO         1709    i.HAL_InitTick      stm32g0xx_hal.o
    0x080032b8   0x080032b8   0x0000002c   Code   RO          505    i.HAL_MspInit       stm32g0xx_hal_msp.o
    0x080032e4   0x080032e4   0x00000018   Code   RO         1575    i.HAL_NVIC_EnableIRQ  stm32g0xx_hal_cortex.o
    0x080032fc   0x080032fc   0x00000008   Code   RO         1579    i.HAL_NVIC_SetPriority  stm32g0xx_hal_cortex.o
    0x08003304   0x08003304   0x0000004c   Code   RO         1458    i.HAL_PWREx_ControlVoltageScaling  stm32g0xx_hal_pwr_ex.o
    0x08003350   0x08003350   0x0000014c   Code   RO          927    i.HAL_RCCEx_PeriphCLKConfig  stm32g0xx_hal_rcc_ex.o
    0x0800349c   0x0800349c   0x00000158   Code   RO          811    i.HAL_RCC_ClockConfig  stm32g0xx_hal_rcc.o
    0x080035f4   0x080035f4   0x00000028   Code   RO          819    i.HAL_RCC_GetPCLK1Freq  stm32g0xx_hal_rcc.o
    0x0800361c   0x0800361c   0x0000008c   Code   RO          821    i.HAL_RCC_GetSysClockFreq  stm32g0xx_hal_rcc.o
    0x080036a8   0x080036a8   0x000003d8   Code   RO          825    i.HAL_RCC_OscConfig  stm32g0xx_hal_rcc.o
    0x08003a80   0x08003a80   0x00000030   Code   RO         1583    i.HAL_SYSTICK_Config  stm32g0xx_hal_cortex.o
    0x08003ab0   0x08003ab0   0x00000002   Code   RO         2666    i.HAL_TIMEx_Break2Callback  stm32g0xx_hal_tim_ex.o
    0x08003ab2   0x08003ab2   0x00000002   Code   RO         2667    i.HAL_TIMEx_BreakCallback  stm32g0xx_hal_tim_ex.o
    0x08003ab4   0x08003ab4   0x00000002   Code   RO         2668    i.HAL_TIMEx_CommutCallback  stm32g0xx_hal_tim_ex.o
    0x08003ab6   0x08003ab6   0x00000002   PAD
    0x08003ab8   0x08003ab8   0x000000a8   Code   RO         2670    i.HAL_TIMEx_ConfigBreakDeadTime  stm32g0xx_hal_tim_ex.o
    0x08003b60   0x08003b60   0x00000064   Code   RO         2689    i.HAL_TIMEx_MasterConfigSynchronization  stm32g0xx_hal_tim_ex.o
    0x08003bc4   0x08003bc4   0x0000004c   Code   RO         1956    i.HAL_TIM_Base_Init  stm32g0xx_hal_tim.o
    0x08003c10   0x08003c10   0x00000060   Code   RO          346    i.HAL_TIM_Base_MspInit  tim.o
    0x08003c70   0x08003c70   0x00000050   Code   RO         1961    i.HAL_TIM_Base_Start_IT  stm32g0xx_hal_tim.o
    0x08003cc0   0x08003cc0   0x000000e0   Code   RO         1965    i.HAL_TIM_ConfigClockSource  stm32g0xx_hal_tim.o
    0x08003da0   0x08003da0   0x00000002   Code   RO         1990    i.HAL_TIM_IC_CaptureCallback  stm32g0xx_hal_tim.o
    0x08003da2   0x08003da2   0x00000002   PAD
    0x08003da4   0x08003da4   0x00000148   Code   RO         2004    i.HAL_TIM_IRQHandler  stm32g0xx_hal_tim.o
    0x08003eec   0x08003eec   0x0000006c   Code   RO          347    i.HAL_TIM_MspPostInit  tim.o
    0x08003f58   0x08003f58   0x00000002   Code   RO         2007    i.HAL_TIM_OC_DelayElapsedCallback  stm32g0xx_hal_tim.o
    0x08003f5a   0x08003f5a   0x00000128   Code   RO         2028    i.HAL_TIM_PWM_ConfigChannel  stm32g0xx_hal_tim.o
    0x08004082   0x08004082   0x0000004c   Code   RO         2031    i.HAL_TIM_PWM_Init  stm32g0xx_hal_tim.o
    0x080040ce   0x080040ce   0x00000002   Code   RO         2033    i.HAL_TIM_PWM_MspInit  stm32g0xx_hal_tim.o
    0x080040d0   0x080040d0   0x00000002   Code   RO         2034    i.HAL_TIM_PWM_PulseFinishedCallback  stm32g0xx_hal_tim.o
    0x080040d2   0x080040d2   0x00000002   PAD
    0x080040d4   0x080040d4   0x000000c0   Code   RO         2036    i.HAL_TIM_PWM_Start  stm32g0xx_hal_tim.o
    0x08004194   0x08004194   0x00000444   Code   RO           15    i.HAL_TIM_PeriodElapsedCallback  main.o
    0x080045d8   0x080045d8   0x00000002   Code   RO         2047    i.HAL_TIM_TriggerCallback  stm32g0xx_hal_tim.o
    0x080045da   0x080045da   0x0000003c   Code   RO         3381    i.HAL_UARTEx_DisableFifoMode  stm32g0xx_hal_uart_ex.o
    0x08004616   0x08004616   0x00000048   Code   RO         3390    i.HAL_UARTEx_SetRxFifoThreshold  stm32g0xx_hal_uart_ex.o
    0x0800465e   0x0800465e   0x00000046   Code   RO         3391    i.HAL_UARTEx_SetTxFifoThreshold  stm32g0xx_hal_uart_ex.o
    0x080046a4   0x080046a4   0x0000006c   Code   RO         2994    i.HAL_UART_Init     stm32g0xx_hal_uart.o
    0x08004710   0x08004710   0x00000080   Code   RO          396    i.HAL_UART_MspInit  usart.o
    0x08004790   0x08004790   0x000000ce   Code   RO         3003    i.HAL_UART_Transmit  stm32g0xx_hal_uart.o
    0x0800485e   0x0800485e   0x00000002   Code   RO          435    i.HardFault_Handler  stm32g0xx_it.o
    0x08004860   0x08004860   0x00000094   Code   RO           16    i.LAverageFilter    main.o
    0x080048f4   0x080048f4   0x00000008   Code   RO          553    i.LL_ADC_IsEnabled  stm32g0xx_hal_adc.o
    0x080048fc   0x080048fc   0x00000008   Code   RO          745    i.LL_ADC_IsEnabled  stm32g0xx_hal_adc_ex.o
    0x08004904   0x08004904   0x00000008   Code   RO          554    i.LL_ADC_REG_IsConversionOngoing  stm32g0xx_hal_adc.o
    0x0800490c   0x0800490c   0x00000010   Code   RO          555    i.LL_ADC_REG_IsTriggerSourceSWStart  stm32g0xx_hal_adc.o
    0x0800491c   0x0800491c   0x0000000e   Code   RO          557    i.LL_ADC_SetCommonPathInternalCh  stm32g0xx_hal_adc.o
    0x0800492a   0x0800492a   0x00000016   Code   RO          558    i.LL_ADC_SetSamplingTimeCommonChannels  stm32g0xx_hal_adc.o
    0x08004940   0x08004940   0x00000134   Code   RO          289    i.MX_ADC1_Init      adc.o
    0x08004a74   0x08004a74   0x00000028   Code   RO          325    i.MX_DMA_Init       dma.o
    0x08004a9c   0x08004a9c   0x000000ac   Code   RO          267    i.MX_GPIO_Init      gpio.o
    0x08004b48   0x08004b48   0x000000fc   Code   RO          348    i.MX_TIM1_Init      tim.o
    0x08004c44   0x08004c44   0x00000070   Code   RO          349    i.MX_TIM3_Init      tim.o
    0x08004cb4   0x08004cb4   0x00000068   Code   RO          397    i.MX_USART1_UART_Init  usart.o
    0x08004d1c   0x08004d1c   0x00000002   Code   RO          436    i.NMI_Handler       stm32g0xx_it.o
    0x08004d1e   0x08004d1e   0x00000002   PAD
    0x08004d20   0x08004d20   0x00000028   Code   RO         3530    i.OLED_Clear        oled.o
    0x08004d48   0x08004d48   0x00000058   Code   RO         3531    i.OLED_ClearArea    oled.o
    0x08004da0   0x08004da0   0x00000134   Code   RO           17    i.OLED_DrawInterface  main.o
    0x08004ed4   0x08004ed4   0x00000028   Code   RO         3536    i.OLED_DrawPoint    oled.o
    0x08004efc   0x08004efc   0x00000060   Code   RO         3539    i.OLED_GPIO_Init    oled.o
    0x08004f5c   0x08004f5c   0x00000038   Code   RO         3541    i.OLED_I2C_SendByte  oled.o
    0x08004f94   0x08004f94   0x0000001c   Code   RO         3542    i.OLED_I2C_Start    oled.o
    0x08004fb0   0x08004fb0   0x00000016   Code   RO         3543    i.OLED_I2C_Stop     oled.o
    0x08004fc6   0x08004fc6   0x00000092   Code   RO         3544    i.OLED_Init         oled.o
    0x08005058   0x08005058   0x0000000e   Code   RO         3546    i.OLED_Pow          oled.o
    0x08005066   0x08005066   0x00000002   PAD
    0x08005068   0x08005068   0x00000058   Code   RO         3549    i.OLED_ReverseArea  oled.o
    0x080050c0   0x080050c0   0x00000020   Code   RO         3550    i.OLED_SetCursor    oled.o
    0x080050e0   0x080050e0   0x0000003c   Code   RO         3552    i.OLED_ShowChar     oled.o
    0x0800511c   0x0800511c   0x000000ac   Code   RO         3555    i.OLED_ShowImage    oled.o
    0x080051c8   0x080051c8   0x00000046   Code   RO         3556    i.OLED_ShowNum      oled.o
    0x0800520e   0x0800520e   0x00000028   Code   RO         3558    i.OLED_ShowString   oled.o
    0x08005236   0x08005236   0x00000002   PAD
    0x08005238   0x08005238   0x00000028   Code   RO         3559    i.OLED_Update       oled.o
    0x08005260   0x08005260   0x00000014   Code   RO         3561    i.OLED_W_SCL        oled.o
    0x08005274   0x08005274   0x00000014   Code   RO         3562    i.OLED_W_SDA        oled.o
    0x08005288   0x08005288   0x00000020   Code   RO         3563    i.OLED_WriteCommand  oled.o
    0x080052a8   0x080052a8   0x0000002e   Code   RO         3564    i.OLED_WriteData    oled.o
    0x080052d6   0x080052d6   0x0000001a   Code   RO           18    i.PID_INIT          main.o
    0x080052f0   0x080052f0   0x00000080   Code   RO           19    i.PID_calculate     main.o
    0x08005370   0x08005370   0x00000002   Code   RO          437    i.PendSV_Handler    stm32g0xx_it.o
    0x08005372   0x08005372   0x00000002   PAD
    0x08005374   0x08005374   0x0000005c   Code   RO           20    i.Resistance2Temerature  main.o
    0x080053d0   0x080053d0   0x00000002   Code   RO          438    i.SVC_Handler       stm32g0xx_it.o
    0x080053d2   0x080053d2   0x00000002   PAD
    0x080053d4   0x080053d4   0x00000040   Code   RO           21    i.ShowCursor        main.o
    0x08005414   0x08005414   0x00000008   Code   RO          439    i.SysTick_Handler   stm32g0xx_it.o
    0x0800541c   0x0800541c   0x00000068   Code   RO           22    i.SystemClock_Config  main.o
    0x08005484   0x08005484   0x00000002   Code   RO         3496    i.SystemInit        system_stm32g0xx.o
    0x08005486   0x08005486   0x00000002   PAD
    0x08005488   0x08005488   0x00000010   Code   RO          440    i.TIM1_CC_IRQHandler  stm32g0xx_it.o
    0x08005498   0x08005498   0x00000010   Code   RO          441    i.TIM3_IRQHandler   stm32g0xx_it.o
    0x080054a8   0x080054a8   0x00000088   Code   RO         2049    i.TIM_Base_SetConfig  stm32g0xx_hal_tim.o
    0x08005530   0x08005530   0x0000001a   Code   RO         2050    i.TIM_CCxChannelCmd  stm32g0xx_hal_tim.o
    0x0800554a   0x0800554a   0x00000016   Code   RO         2060    i.TIM_ETR_SetConfig  stm32g0xx_hal_tim.o
    0x08005560   0x08005560   0x00000014   Code   RO         2061    i.TIM_ITRx_SetConfig  stm32g0xx_hal_tim.o
    0x08005574   0x08005574   0x0000007c   Code   RO         2062    i.TIM_OC1_SetConfig  stm32g0xx_hal_tim.o
    0x080055f0   0x080055f0   0x0000007c   Code   RO         2063    i.TIM_OC2_SetConfig  stm32g0xx_hal_tim.o
    0x0800566c   0x0800566c   0x0000007c   Code   RO         2064    i.TIM_OC3_SetConfig  stm32g0xx_hal_tim.o
    0x080056e8   0x080056e8   0x00000068   Code   RO         2065    i.TIM_OC4_SetConfig  stm32g0xx_hal_tim.o
    0x08005750   0x08005750   0x0000005c   Code   RO         2066    i.TIM_OC5_SetConfig  stm32g0xx_hal_tim.o
    0x080057ac   0x080057ac   0x00000064   Code   RO         2067    i.TIM_OC6_SetConfig  stm32g0xx_hal_tim.o
    0x08005810   0x08005810   0x00000022   Code   RO         2069    i.TIM_TI1_ConfigInputStage  stm32g0xx_hal_tim.o
    0x08005832   0x08005832   0x00000026   Code   RO         2071    i.TIM_TI2_ConfigInputStage  stm32g0xx_hal_tim.o
    0x08005858   0x08005858   0x00000044   Code   RO         3395    i.UARTEx_SetNbDataToProcess  stm32g0xx_hal_uart_ex.o
    0x0800589c   0x0800589c   0x000000ca   Code   RO         3008    i.UART_AdvFeatureConfig  stm32g0xx_hal_uart.o
    0x08005966   0x08005966   0x00000002   PAD
    0x08005968   0x08005968   0x000000b8   Code   RO         3009    i.UART_CheckIdleState  stm32g0xx_hal_uart.o
    0x08005a20   0x08005a20   0x00000064   Code   RO         3020    i.UART_EndRxTransfer  stm32g0xx_hal_uart.o
    0x08005a84   0x08005a84   0x00000168   Code   RO         3026    i.UART_SetConfig    stm32g0xx_hal_uart.o
    0x08005bec   0x08005bec   0x00000090   Code   RO         3033    i.UART_WaitOnFlagUntilTimeout  stm32g0xx_hal_uart.o
    0x08005c7c   0x08005c7c   0x00000030   Code   RO         4063    i.__ARM_common_ll_muluu  c_p.l(btod.o)
    0x08005cac   0x08005cac   0x0000002c   Code   RO         4076    i.__ARM_fpclassify  m_ps.l(fpclassify.o)
    0x08005cd8   0x08005cd8   0x00000044   Code   RO         1585    i.__NVIC_SetPriority  stm32g0xx_hal_cortex.o
    0x08005d1c   0x08005d1c   0x000000ac   Code   RO         4015    i.__kernel_poly     m_ps.l(poly.o)
    0x08005dc8   0x08005dc8   0x00000014   Code   RO         4001    i.__mathlib_dbl_divzero  m_ps.l(dunder.o)
    0x08005ddc   0x08005ddc   0x0000000a   Code   RO         4002    i.__mathlib_dbl_infnan  m_ps.l(dunder.o)
    0x08005de6   0x08005de6   0x00000010   Code   RO         4004    i.__mathlib_dbl_invalid  m_ps.l(dunder.o)
    0x08005df6   0x08005df6   0x0000000e   Code   RO         3817    i._is_digit         c_p.l(__printf_wp.o)
    0x08005e04   0x08005e04   0x00000354   Code   RO         3891    i.log               m_ps.l(log.o)
    0x08006158   0x08006158   0x00000138   Code   RO           23    i.main              main.o
    0x08006290   0x08006290   0x00000068   Code   RO           24    i.moveAverageFilter  main.o
    0x080062f8   0x080062f8   0x0000002c   Code   RO         4068    locale$$code        c_p.l(lc_numeric_c.o)
    0x08006324   0x08006324   0x00000064   Code   RO         3980    x$fpl$deqf          fz_ps.l(deqf.o)
    0x08006388   0x08006388   0x0000008c   Code   RO         3863    x$fpl$fadd          fz_ps.l(faddsub.o)
    0x08006414   0x08006414   0x000000b0   Code   RO         3876    x$fpl$fmul          fz_ps.l(fmul.o)
    0x080064c4   0x080064c4   0x00000018   Code   RO         3864    x$fpl$frsb          fz_ps.l(faddsub.o)
    0x080064dc   0x080064dc   0x000000d0   Code   RO         3865    x$fpl$fsub          fz_ps.l(faddsub.o)
    0x080065ac   0x080065ac   0x00000010   Code   RO         3880    x$fpl$printf1       fz_ps.l(printf1.o)
    0x080065bc   0x080065bc   0x00000000   Code   RO         3990    x$fpl$usenofp       fz_ps.l(usenofp.o)
    0x080065bc   0x080065bc   0x00000018   Data   RO           26    .constdata          main.o
    0x080065d4   0x080065d4   0x00000018   Data   RO         3034    .constdata          stm32g0xx_hal_uart.o
    0x080065ec   0x080065ec   0x00000010   Data   RO         3396    .constdata          stm32g0xx_hal_uart_ex.o
    0x080065fc   0x080065fc   0x00000040   Data   RO         3497    .constdata          system_stm32g0xx.o
    0x0800663c   0x0800663c   0x00000020   Data   RO         3498    .constdata          system_stm32g0xx.o
    0x0800665c   0x0800665c   0x000005f0   Data   RO         3780    .constdata          oled_data.o
    0x08006c4c   0x08006c4c   0x0000023a   Data   RO         3781    .constdata          oled_data.o
    0x08006e86   0x08006e86   0x00000011   Data   RO         3825    .constdata          c_p.l(__printf_flags_ss_wp.o)
    0x08006e97   0x08006e97   0x00000080   Data   RO         3847    .constdata          fz_ps.l(ddiv.o)
    0x08006f17   0x08006f17   0x00000040   Data   RO         3870    .constdata          fz_ps.l(fdiv.o)
    0x08006f57   0x08006f57   0x00000001   PAD
    0x08006f58   0x08006f58   0x00000038   Data   RO         3892    .constdata          m_ps.l(log.o)
    0x08006f90   0x08006f90   0x00000008   Data   RO         4017    .constdata          m_ps.l(qnan.o)
    0x08006f98   0x08006f98   0x00000094   Data   RO         4059    .constdata          c_p.l(bigflt0.o)
    0x0800702c   0x0800702c   0x00000020   Data   RO         4232    Region$$Table       anon$$obj.o
    0x0800704c   0x0800704c   0x0000001c   Data   RO         4067    locale$$data        c_p.l(lc_numeric_c.o)


    Execution Region RW_IRAM1 (Exec base: 0x20000000, Load base: 0x08007068, Size: 0x00000e70, Max: 0x00002000, ABSOLUTE)

    Exec Addr    Load Addr    Size         Type   Attr      Idx    E Section Name        Object

    0x20000000   0x08007068   0x00000044   Data   RW           27    .data               main.o
    0x20000044   0x080070ac   0x0000000c   Data   RW         1721    .data               stm32g0xx_hal.o
    0x20000050   0x080070b8   0x00000004   Data   RW         3499    .data               system_stm32g0xx.o
    0x20000054        -       0x000001b4   Zero   RW           25    .bss                main.o
    0x20000208        -       0x000000c0   Zero   RW          290    .bss                adc.o
    0x200002c8        -       0x00000098   Zero   RW          350    .bss                tim.o
    0x20000360        -       0x00000094   Zero   RW          398    .bss                usart.o
    0x200003f4        -       0x0000001c   Zero   RW          984    .bss                stm32g0xx_hal_flash.o
    0x20000410        -       0x00000400   Zero   RW         3567    .bss                oled.o
    0x20000810        -       0x00000060   Zero   RW         4079    .bss                c_p.l(libspace.o)
    0x20000870        -       0x00000200   Zero   RW            2    HEAP                startup_stm32g030xx.o
    0x20000a70        -       0x00000400   Zero   RW            1    STACK               startup_stm32g030xx.o


==============================================================================

Image component sizes


      Code (inc. data)   RO Data    RW Data    ZI Data      Debug   Object Name

       460         58          0          0        192       1751   adc.o
        40          4          0          0          0        666   dma.o
       172         10          0          0          0        871   gpio.o
      2514        240         24         68        436     429797   main.o
      1150         58          0          0       1024      11651   oled.o
         0          0       2090          0          0        617   oled_data.o
        56         26        192          0       1536        600   startup_stm32g030xx.o
       176         26          0         12          0      15757   stm32g0xx_hal.o
      1806        102          0          0          0      43712   stm32g0xx_hal_adc.o
       360         16          0          0          0      34398   stm32g0xx_hal_adc_ex.o
       148         24          0          0          0      11929   stm32g0xx_hal_cortex.o
       648         32          0          0          0       4599   stm32g0xx_hal_dma.o
       360         56          0          0         28      16542   stm32g0xx_hal_flash.o
       188         26          0          0          0       2678   stm32g0xx_hal_flash_ex.o
       430         22          0          0          0       4540   stm32g0xx_hal_gpio.o
        44          6          0          0          0        758   stm32g0xx_hal_msp.o
        76         14          0          0          0        706   stm32g0xx_hal_pwr_ex.o
      1508         88          0          0          0      20085   stm32g0xx_hal_rcc.o
       332         12          0          0          0       1552   stm32g0xx_hal_rcc_ex.o
      2226        172          0          0          0      16554   stm32g0xx_hal_tim.o
       274         14          0          0          0       3584   stm32g0xx_hal_tim_ex.o
      1304         42         24          0          0      26694   stm32g0xx_hal_uart.o
       270          6         16          0          0       3409   stm32g0xx_hal_uart_ex.o
        74         18          0          0          0       3647   stm32g0xx_it.o
         2          0         96          4          0       1003   system_stm32g0xx.o
       568         50          0          0        152       2937   tim.o
       232         18          0          0        148       1578   usart.o

    ----------------------------------------------------------------------
     15450       1140       2474         84       3516     662615   Object Totals
         0          0         32          0          0          0   (incl. Generated)
        32          0          0          0          0          0   (incl. Padding)

    ----------------------------------------------------------------------

      Code (inc. data)   RO Data    RW Data    ZI Data      Debug   Library Member Name

        44          4          0          0          0         84   __2sprintf.o
         8          0          0          0          0         68   __main.o
       392          6         17          0          0         76   __printf_flags_ss_wp.o
        14          0          0          0          0         60   __printf_wp.o
         0          0          0          0          0          0   __rtentry.o
        12          0          0          0          0          0   __rtentry2.o
         6          0          0          0          0          0   __rtentry4.o
        60          8          0          0          0          0   __scatter.o
        26          0          0          0          0          0   __scatter_copy.o
        28          0          0          0          0          0   __scatter_zi.o
        48          6          0          0          0         88   _printf_char_common.o
        10          0          0          0          0          0   _printf_d.o
       108         18          0          0          0         76   _printf_dec.o
        10          0          0          0          0          0   _printf_f.o
      1048         14          0          0          0        176   _printf_fp_dec.o
       136         16          0          0          0         76   _printf_fp_infnan.o
       176          0          0          0          0         84   _printf_intcommon.o
         2          0          0          0          0          0   _printf_percent.o
         4          0          0          0          0          0   _printf_percent_end.o
        22          0          0          0          0         92   _rserrno.o
        10          0          0          0          0         60   _sputc.o
       346          0          0          0          0         92   aeabi_sdiv.o
       216          6        148          0          0         80   bigflt0.o
      1456         30          0          0          0        336   btod.o
        16          0          0          0          0         68   exit.o
         6          0          0          0          0        136   heapauxi.o
         0          0          0          0          0          0   indicate_semi.o
        44         10         28          0          0         76   lc_numeric_c.o
         2          0          0          0          0          0   libinit.o
        18          0          0          0          0          0   libinit2.o
         2          0          0          0          0          0   libshutdown.o
         2          0          0          0          0          0   libshutdown2.o
         8          4          0          0         96         68   libspace.o
       122          0          0          0          0         72   lludiv10.o
         8          4          0          0          0         68   rt_errno_addr_intlibspace.o
         8          4          0          0          0         68   rt_locale_intlibspace.o
        64          0          0          0          0        108   rt_memclr.o
         2          0          0          0          0          0   rtexit.o
        10          0          0          0          0          0   rtexit2.o
        40          0          0          0          0         60   rtudiv10.o
       136          4          0          0          0         72   strcmp.o
        68          6          0          0          0         72   strlen.o
        12          4          0          0          0         60   sys_exit.o
        62          0          0          0          0         80   sys_stackheap_outer.o
         2          0          0          0          0         68   use_no_semi.o
        46          0          0          0          0         60   cmpret.o
       124          4          0          0          0         72   d2f.o
       856         20          0          0          0        208   daddsub.o
       144          4          0          0          0         76   dcmpin.o
      1096         26        128          0          0        112   ddiv.o
       100          4          0          0          0         92   deqf.o
        88          0          0          0          0         92   dflti.o
       584         26          0          0          0         84   dmul.o
        20          6          0          0          0         68   dnan2.o
        96         12          0          0          0         72   dscalbn.o
        84          4          0          0          0         60   f2d.o
       372          8          0          0          0        240   faddsub.o
       352         10         64          0          0         92   fdiv.o
        48          0          0          0          0         60   ffixui.o
        94          0          0          0          0         92   fflti.o
       176          4          0          0          0         80   fmul.o
        68          4          0          0          0         68   fscalbn.o
        16          4          0          0          0         76   printf1.o
        94          0          0          0          0         68   retnan.o
         0          0          0          0          0          0   usenofp.o
        46          4          0          0          0        204   dunder.o
        44          4          0          0          0         60   fpclassify.o
       852         62         56          0          0        136   log.o
       172          0          0          0          0         76   poly.o
         0          0          8          0          0          0   qnan.o

    ----------------------------------------------------------------------
     10402        350        450          0         96       4772   Library Totals
        16          0          1          0          0          0   (incl. Padding)

    ----------------------------------------------------------------------

      Code (inc. data)   RO Data    RW Data    ZI Data      Debug   Library Name

      4814        144        193          0         96       2524   c_p.l
      4458        136        192          0          0       1772   fz_ps.l
      1114         70         64          0          0        476   m_ps.l

    ----------------------------------------------------------------------
     10402        350        450          0         96       4772   Library Totals

    ----------------------------------------------------------------------

==============================================================================


      Code (inc. data)   RO Data    RW Data    ZI Data      Debug   

     25852       1490       2924         84       3612     658591   Grand Totals
     25852       1490       2924         84       3612     658591   ELF Image Totals
     25852       1490       2924         84          0          0   ROM Totals

==============================================================================

    Total RO  Size (Code + RO Data)                28776 (  28.10kB)
    Total RW  Size (RW Data + ZI Data)              3696 (   3.61kB)
    Total ROM Size (Code + RO Data + RW Data)      28860 (  28.18kB)

==============================================================================

